Component: ARM Compiler 5.06 update 7 (build 960) Tool: armlink [4d3601]

==============================================================================

Section Cross References

    startup_stm32f103xe.o(STACK) refers (Special) to heapauxi.o(.text) for __use_two_region_memory
    startup_stm32f103xe.o(HEAP) refers (Special) to heapauxi.o(.text) for __use_two_region_memory
    startup_stm32f103xe.o(RESET) refers (Special) to heapauxi.o(.text) for __use_two_region_memory
    startup_stm32f103xe.o(RESET) refers to startup_stm32f103xe.o(STACK) for __initial_sp
    startup_stm32f103xe.o(RESET) refers to startup_stm32f103xe.o(.text) for Reset_Handler
    startup_stm32f103xe.o(RESET) refers to stm32f1xx_it.o(i.NMI_Handler) for NMI_Handler
    startup_stm32f103xe.o(RESET) refers to stm32f1xx_it.o(i.HardFault_Handler) for HardFault_Handler
    startup_stm32f103xe.o(RESET) refers to stm32f1xx_it.o(i.MemManage_Handler) for MemManage_Handler
    startup_stm32f103xe.o(RESET) refers to stm32f1xx_it.o(i.BusFault_Handler) for BusFault_Handler
    startup_stm32f103xe.o(RESET) refers to stm32f1xx_it.o(i.UsageFault_Handler) for UsageFault_Handler
    startup_stm32f103xe.o(RESET) refers to port.o(.emb_text) for SVC_Handler
    startup_stm32f103xe.o(RESET) refers to stm32f1xx_it.o(i.DebugMon_Handler) for DebugMon_Handler
    startup_stm32f103xe.o(RESET) refers to port.o(i.SysTick_Handler) for SysTick_Handler
    startup_stm32f103xe.o(RESET) refers to stm32f1xx_it.o(i.DMA1_Channel2_IRQHandler) for DMA1_Channel2_IRQHandler
    startup_stm32f103xe.o(RESET) refers to stm32f1xx_it.o(i.DMA1_Channel3_IRQHandler) for DMA1_Channel3_IRQHandler
    startup_stm32f103xe.o(RESET) refers to stm32f1xx_it.o(i.DMA1_Channel4_IRQHandler) for DMA1_Channel4_IRQHandler
    startup_stm32f103xe.o(RESET) refers to stm32f1xx_it.o(i.DMA1_Channel5_IRQHandler) for DMA1_Channel5_IRQHandler
    startup_stm32f103xe.o(RESET) refers to stm32f1xx_it.o(i.TIM3_IRQHandler) for TIM3_IRQHandler
    startup_stm32f103xe.o(RESET) refers to stm32f1xx_it.o(i.TIM4_IRQHandler) for TIM4_IRQHandler
    startup_stm32f103xe.o(RESET) refers to stm32f1xx_it.o(i.USART1_IRQHandler) for USART1_IRQHandler
    startup_stm32f103xe.o(RESET) refers to stm32f1xx_it.o(i.USART2_IRQHandler) for USART2_IRQHandler
    startup_stm32f103xe.o(RESET) refers to stm32f1xx_it.o(i.USART3_IRQHandler) for USART3_IRQHandler
    startup_stm32f103xe.o(RESET) refers to stm32f1xx_it.o(i.UART4_IRQHandler) for UART4_IRQHandler
    startup_stm32f103xe.o(RESET) refers to stm32f1xx_it.o(i.TIM6_IRQHandler) for TIM6_IRQHandler
    startup_stm32f103xe.o(RESET) refers to stm32f1xx_it.o(i.TIM7_IRQHandler) for TIM7_IRQHandler
    startup_stm32f103xe.o(RESET) refers to stm32f1xx_it.o(i.DMA2_Channel3_IRQHandler) for DMA2_Channel3_IRQHandler
    startup_stm32f103xe.o(RESET) refers to stm32f1xx_it.o(i.DMA2_Channel4_5_IRQHandler) for DMA2_Channel4_5_IRQHandler
    startup_stm32f103xe.o(.text) refers (Special) to heapauxi.o(.text) for __use_two_region_memory
    startup_stm32f103xe.o(.text) refers to system_stm32f1xx.o(i.SystemInit) for SystemInit
    startup_stm32f103xe.o(.text) refers to __main.o(!!!main) for __main
    startup_stm32f103xe.o(.text) refers to startup_stm32f103xe.o(HEAP) for Heap_Mem
    startup_stm32f103xe.o(.text) refers to startup_stm32f103xe.o(STACK) for Stack_Mem
    main.o(i.HAL_TIM_PeriodElapsedCallback) refers to stm32f1xx_hal.o(i.HAL_IncTick) for HAL_IncTick
    main.o(i.HAL_TIM_PeriodElapsedCallback) refers to tim_it.o(i.TIM7_PeriodElapsedCallback) for TIM7_PeriodElapsedCallback
    main.o(i.HAL_TIM_PeriodElapsedCallback) refers to tim_it.o(i.TIM4_PeriodElapsedCallback) for TIM4_PeriodElapsedCallback
    main.o(i.SystemClock_Config) refers to rt_memclr_w.o(.text) for __aeabi_memclr4
    main.o(i.SystemClock_Config) refers to stm32f1xx_hal_rcc.o(i.HAL_RCC_OscConfig) for HAL_RCC_OscConfig
    main.o(i.SystemClock_Config) refers to stm32f1xx_hal_rcc.o(i.HAL_RCC_ClockConfig) for HAL_RCC_ClockConfig
    main.o(i.main) refers to _printf_percent.o(.ARM.Collect$$_printf_percent$$00000000) for _printf_percent
    main.o(i.main) refers to _printf_d.o(.ARM.Collect$$_printf_percent$$00000009) for _printf_d
    main.o(i.main) refers to _printf_dec.o(.text) for _printf_int_dec
    main.o(i.main) refers to stm32f1xx_hal.o(i.HAL_Init) for HAL_Init
    main.o(i.main) refers to main.o(i.SystemClock_Config) for SystemClock_Config
    main.o(i.main) refers to gpio.o(i.MX_GPIO_Init) for MX_GPIO_Init
    main.o(i.main) refers to dma.o(i.MX_DMA_Init) for MX_DMA_Init
    main.o(i.main) refers to usart.o(i.MX_USART1_UART_Init) for MX_USART1_UART_Init
    main.o(i.main) refers to iwdg.o(i.MX_IWDG_Init) for MX_IWDG_Init
    main.o(i.main) refers to usart.o(i.MX_USART3_UART_Init) for MX_USART3_UART_Init
    main.o(i.main) refers to tim.o(i.MX_TIM3_Init) for MX_TIM3_Init
    main.o(i.main) refers to tim.o(i.MX_TIM7_Init) for MX_TIM7_Init
    main.o(i.main) refers to usart.o(i.MX_UART4_Init) for MX_UART4_Init
[...]
    Internal_WriteFlashNoCheck               0x080044f5   Thumb Code    62  flash.o(i.Internal_WriteFlashNoCheck)
    MX_DMA_Init                              0x08004539   Thumb Code   136  dma.o(i.MX_DMA_Init)
    MX_FREERTOS_Init                         0x080045c5   Thumb Code   162  freertos.o(i.MX_FREERTOS_Init)
    MX_GPIO_Init                             0x08004671   Thumb Code   238  gpio.o(i.MX_GPIO_Init)
    MX_IWDG_Init                             0x08004771   Thumb Code     2  iwdg.o(i.MX_IWDG_Init)
    MX_TIM3_Init                             0x08004775   Thumb Code   144  tim.o(i.MX_TIM3_Init)
    MX_TIM4_Init                             0x0800480d   Thumb Code    96  tim.o(i.MX_TIM4_Init)
    MX_TIM7_Init                             0x08004875   Thumb Code    60  tim.o(i.MX_TIM7_Init)
    MX_UART4_Init                            0x080048b9   Thumb Code    48  usart.o(i.MX_UART4_Init)
    MX_USART1_UART_Init                      0x080048f1   Thumb Code    48  usart.o(i.MX_USART1_UART_Init)
    MX_USART2_UART_Init                      0x08004929   Thumb Code    48  usart.o(i.MX_USART2_UART_Init)
    MX_USART3_UART_Init                      0x08004961   Thumb Code    48  usart.o(i.MX_USART3_UART_Init)
    MemManage_Handler                        0x08004999   Thumb Code     2  stm32f1xx_it.o(i.MemManage_Handler)
    NMI_Handler                              0x0800499b   Thumb Code     2  stm32f1xx_it.o(i.NMI_Handler)
    PointInsidePolygon                       0x0800499d   Thumb Code   188  edgeprocessing.o(i.PointInsidePolygon)
    PumpDisconnectDetection                  0x08004a59   Thumb Code     2  uav_pump.o(i.PumpDisconnectDetection)
    SendG070_RTK_Data                        0x08004a5d   Thumb Code   134  rtk_usart_it.o(i.SendG070_RTK_Data)
    SendSlaveReadCMD                         0x08004af9   Thumb Code    60  slave_usart.o(i.SendSlaveReadCMD)
    SendSlaveSpeed                           0x08004b41   Thumb Code    60  slave_usart.o(i.SendSlaveSpeed)
    SendSlaveUpperComData                    0x08004b89   Thumb Code   532  uppercom_usart.o(i.SendSlaveUpperComData)
    StartEXTIISRTask                         0x08004dbd   Thumb Code   220  freertos.o(i.StartEXTIISRTask)
    StartIWDGTask                            0x08004ea9   Thumb Code    36  freertos.o(i.StartIWDGTask)
    StartSlaveControlTask                    0x08004ed5   Thumb Code   182  freertos.o(i.StartSlaveControlTask)
    SysTick_Handler                          0x08004fa5   Thumb Code    38  port.o(i.SysTick_Handler)
    SystemClock_Config                       0x08004fd1   Thumb Code   100  main.o(i.SystemClock_Config)
    SystemInit                               0x08005035   Thumb Code     2  system_stm32f1xx.o(i.SystemInit)
    TIM3_IRQHandler                          0x08005039   Thumb Code     6  stm32f1xx_it.o(i.TIM3_IRQHandler)
    TIM4_IRQHandler                          0x08005045   Thumb Code     6  stm32f1xx_it.o(i.TIM4_IRQHandler)
    TIM4_PeriodElapsedCallback               0x08005051   Thumb Code    36  tim_it.o(i.TIM4_PeriodElapsedCallback)
    TIM6_IRQHandler                          0x08005081   Thumb Code     6  stm32f1xx_it.o(i.TIM6_IRQHandler)
    TIM7_IRQHandler                          0x0800508d   Thumb Code     6  stm32f1xx_it.o(i.TIM7_IRQHandler)
    TIM7_PeriodElapsedCallback               0x08005099   Thumb Code    54  tim_it.o(i.TIM7_PeriodElapsedCallback)
    TIM_Base_SetConfig                       0x080050d9   Thumb Code   120  stm32f1xx_hal_tim.o(i.TIM_Base_SetConfig)
    TIM_CCxChannelCmd                        0x08005165   Thumb Code    26  stm32f1xx_hal_tim.o(i.TIM_CCxChannelCmd)
    TIM_ETR_SetConfig                        0x0800517f   Thumb Code    20  stm32f1xx_hal_tim.o(i.TIM_ETR_SetConfig)
    TIM_TI1_SetConfig                        0x080051c5   Thumb Code    88  stm32f1xx_hal_tim.o(i.TIM_TI1_SetConfig)
    TaskSendRead                             0x0800528d   Thumb Code    70  slave_usart.o(i.TaskSendRead)
    TaskSendSpeed                            0x080052dd   Thumb Code    96  slave_usart.o(i.TaskSendSpeed)
    UART1_IDLE_Handler                       0x08005345   Thumb Code   384  uppercom_usart.o(i.UART1_IDLE_Handler)
    UART4_IRQHandler                         0x080054f1   Thumb Code    16  stm32f1xx_it.o(i.UART4_IRQHandler)
    UART_Start_Receive_DMA                   0x08005835   Thumb Code   130  stm32f1xx_hal_uart.o(i.UART_Start_Receive_DMA)
    UART_Start_Receive_IT                    0x080058c5   Thumb Code    54  stm32f1xx_hal_uart.o(i.UART_Start_Receive_IT)
    USART1_IRQHandler                        0x08005975   Thumb Code    16  stm32f1xx_it.o(i.USART1_IRQHandler)
    USART2_IRQHandler                        0x08005989   Thumb Code     6  stm32f1xx_it.o(i.USART2_IRQHandler)
    USART3_IDLE_Handler                      0x08005995   Thumb Code   200  slave_usart.o(i.USART3_IDLE_Handler)
    USART3_IRQHandler                        0x08005a6d   Thumb Code    16  stm32f1xx_it.o(i.USART3_IRQHandler)
    USART4_IDLE_Handler                      0x08005a81   Thumb Code   540  rtk_usart_it.o(i.USART4_IDLE_Handler)
    UpperRTK_TimerCallback                   0x08005cd9   Thumb Code     8  freertos.o(i.UpperRTK_TimerCallback)
    UsageFault_Handler                       0x08005ce5   Thumb Code     2  stm32f1xx_it.o(i.UsageFault_Handler)
    _USART2_UART_Init                        0x08005ce9   Thumb Code    46  usart.o(i._USART2_UART_Init)
    __ARM_fpclassify                         0x08005d21   Thumb Code    40  fpclassify.o(i.__ARM_fpclassify)
    __ieee754_rem_pio2                       0x08005d69   Thumb Code   828  rred.o(i.__ieee754_rem_pio2)
    __kernel_cos                             0x080060f1   Thumb Code   230  cos_i.o(i.__kernel_cos)
    __kernel_poly                            0x080061ed   Thumb Code   170  poly.o(i.__kernel_poly)
    __kernel_sin                             0x08006299   Thumb Code   224  sin_i.o(i.__kernel_sin)
    __mathlib_dbl_infnan                     0x08006385   Thumb Code     6  dunder.o(i.__mathlib_dbl_infnan)
    __mathlib_dbl_infnan2                    0x0800638b   Thumb Code     4  dunder.o(i.__mathlib_dbl_infnan2)
    __mathlib_dbl_invalid                    0x0800638f   Thumb Code    12  dunder.o(i.__mathlib_dbl_invalid)
    __mathlib_dbl_overflow                   0x0800639b   Thumb Code    14  dunder.o(i.__mathlib_dbl_overflow)
    __mathlib_dbl_underflow                  0x080063a9   Thumb Code    10  dunder.o(i.__mathlib_dbl_underflow)
    __mathlib_narrow                         0x080063b9   Thumb Code    16  narrow.o(i.__mathlib_narrow)
    __mathlib_tofloat                        0x080063c9   Thumb Code   184  narrow.o(i.__mathlib_tofloat)
    __support_ldexp                          0x08006485   Thumb Code    22  ldexp.o(i.__support_ldexp)
    _is_digit                                0x0800649b   Thumb Code    14  __printf_wp.o(i._is_digit)
    _sys_exit                                0x080064a9   Thumb Code     2  usart.o(i._sys_exit)
    asin                                     0x080064ad   Thumb Code   572  asin.o(i.asin)
    atan                                     0x0800671d   Thumb Code   474  atan.o(i.atan)
    atan2                                    0x0800693d   Thumb Code   374  atan2.o(i.atan2)
    atof                                     0x08006ad9   Thumb Code    42  atof.o(i.atof)
    cos                                      0x08006b05   Thumb Code   148  cos.o(i.cos)
    destination_point                        0x08006ba1   Thumb Code   312  edgeprocessing.o(i.destination_point)
    dms_to_degrees                           0x08006ce5   Thumb Code    68  edgeprocessing.o(i.dms_to_degrees)
    frexp                                    0x08006d31   Thumb Code    80  frexp.o(i.frexp)
    ldexp                                    0x080070e5   Thumb Code   116  ldexp.o(i.ldexp)
    main                                     0x08007159   Thumb Code   268  main.o(i.main)
    osDelay                                  0x080072c5   Thumb Code    14  cmsis_os.o(i.osDelay)
    osKernelStart                            0x080072d3   Thumb Code    10  cmsis_os.o(i.osKernelStart)
    osSemaphoreCreate                        0x080072dd   Thumb Code    62  cmsis_os.o(i.osSemaphoreCreate)
    osSemaphoreRelease                       0x0800731d   Thumb Code    74  cmsis_os.o(i.osSemaphoreRelease)
    osSemaphoreWait                          0x0800736d   Thumb Code    96  cmsis_os.o(i.osSemaphoreWait)
    osThreadCreate                           0x080073d1   Thumb Code    84  cmsis_os.o(i.osThreadCreate)
    osThreadResume                           0x08007425   Thumb Code    46  cmsis_os.o(i.osThreadResume)
    osThreadSuspend                          0x08007459   Thumb Code    10  cmsis_os.o(i.osThreadSuspend)
    osTimerCreate                            0x08007465   Thumb Code    60  cmsis_os.o(i.osTimerCreate)
    osTimerStart                             0x080074a5   Thumb Code    88  cmsis_os.o(i.osTimerStart)
    parseGNRMC                               0x08007501   Thumb Code    32  gps.o(i.parseGNRMC)
    pvPortMalloc                             0x08007cd9   Thumb Code   210  heap_4.o(i.pvPortMalloc)
    pvTaskIncrementMutexHeldCount            0x08007db1   Thumb Code    18  tasks.o(i.pvTaskIncrementMutexHeldCount)
    pxPortInitialiseStack                    0x08007dc9   Thumb Code    32  port.o(i.pxPortInitialiseStack)
    sin                                      0x08007ded   Thumb Code   150  sin.o(i.sin)
    sqrt                                     0x08007e8d   Thumb Code    76  sqrt.o(i.sqrt)
    to_degrees                               0x08007f05   Thumb Code    24  edgeprocessing.o(i.to_degrees)
    uxListRemove                             0x08007f25   Thumb Code    38  list.o(i.uxListRemove)
    uxTaskResetEventItemValue                0x08007f4d   Thumb Code    20  tasks.o(i.uxTaskResetEventItemValue)
    vApplicationGetIdleTaskMemory            0x08007f65   Thumb Code    16  freertos.o(i.vApplicationGetIdleTaskMemory)
    vApplicationGetTimerTaskMemory           0x08007f79   Thumb Code    18  freertos.o(i.vApplicationGetTimerTaskMemory)
    vListInitialise                          0x08007f91   Thumb Code    22  list.o(i.vListInitialise)
    vListInitialiseItem                      0x08007fa7   Thumb Code     6  list.o(i.vListInitialiseItem)
    vListInsert                              0x08007fad   Thumb Code    48  list.o(i.vListInsert)
    vListInsertEnd                           0x08007fdd   Thumb Code    24  list.o(i.vListInsertEnd)
    vPortEnterCritical                       0x08007ff5   Thumb Code    54  port.o(i.vPortEnterCritical)
    vPortExitCritical                        0x08008035   Thumb Code    34  port.o(i.vPortExitCritical)
    vPortFree                                0x0800805d   Thumb Code    88  heap_4.o(i.vPortFree)
    vPortSetupTimerInterrupt                 0x080080b9   Thumb Code    32  port.o(i.vPortSetupTimerInterrupt)
    vPortValidateInterruptPriority           0x080080dd   Thumb Code    74  port.o(i.vPortValidateInterruptPriority)
    vQueueAddToRegistry                      0x08008131   Thumb Code    34  queue.o(i.vQueueAddToRegistry)
    vQueueWaitForMessageRestricted           0x08008159   Thumb Code    68  queue.o(i.vQueueWaitForMessageRestricted)
    vTaskDelay                               0x0800819d   Thumb Code    66  tasks.o(i.vTaskDelay)
    vTaskInternalSetTimeOutState             0x080081e9   Thumb Code    12  tasks.o(i.vTaskInternalSetTimeOutState)
    vTaskMissedYield                         0x080081f9   Thumb Code     8  tasks.o(i.vTaskMissedYield)
    vTaskPlaceOnEventList                    0x08008205   Thumb Code    44  tasks.o(i.vTaskPlaceOnEventList)
    vTaskPlaceOnEventListRestricted          0x08008235   Thumb Code    52  tasks.o(i.vTaskPlaceOnEventListRestricted)
    vTaskPlaceOnUnorderedEventList           0x0800826d   Thumb Code    76  tasks.o(i.vTaskPlaceOnUnorderedEventList)
    vTaskPriorityDisinheritAfterTimeout      0x080082bd   Thumb Code   160  tasks.o(i.vTaskPriorityDisinheritAfterTimeout)
    vTaskRemoveFromUnorderedEventList        0x08008365   Thumb Code   104  tasks.o(i.vTaskRemoveFromUnorderedEventList)
    vTaskResume                              0x080083d5   Thumb Code   112  tasks.o(i.vTaskResume)
    vTaskStartScheduler                      0x08008451   Thumb Code   118  tasks.o(i.vTaskStartScheduler)
    vTaskSuspend                             0x080084d9   Thumb Code   174  tasks.o(i.vTaskSuspend)
    vTaskSuspendAll                          0x08008595   Thumb Code    10  tasks.o(i.vTaskSuspendAll)
    vTaskSwitchContext                       0x080085a5   Thumb Code    82  tasks.o(i.vTaskSwitchContext)
    xEventGroupCreate                        0x08008601   Thumb Code    28  event_groups.o(i.xEventGroupCreate)
    xEventGroupSetBits                       0x0800861d   Thumb Code   140  event_groups.o(i.xEventGroupSetBits)
    xEventGroupWaitBits                      0x080086a9   Thumb Code   260  event_groups.o(i.xEventGroupWaitBits)
    xPortStartScheduler                      0x080087b1   Thumb Code   154  port.o(i.xPortStartScheduler)
    xQueueGenericCreate                      0x08008859   Thumb Code    72  queue.o(i.xQueueGenericCreate)
    xQueueGenericCreateStatic                0x080088a1   Thumb Code   102  queue.o(i.xQueueGenericCreateStatic)
    xQueueGenericReset                       0x08008909   Thumb Code   132  queue.o(i.xQueueGenericReset)
    xQueueGenericSend                        0x08008991   Thumb Code   346  queue.o(i.xQueueGenericSend)
    xQueueGenericSendFromISR                 0x08008af1   Thumb Code   188  queue.o(i.xQueueGenericSendFromISR)
    xQueueGiveFromISR                        0x08008bad   Thumb Code   156  queue.o(i.xQueueGiveFromISR)
    xQueueReceive                            0x08008c49   Thumb Code   308  queue.o(i.xQueueReceive)
    xQueueReceiveFromISR                     0x08008d81   Thumb Code   154  queue.o(i.xQueueReceiveFromISR)
    xQueueSemaphoreTake                      0x08008e1d   Thumb Code   372  queue.o(i.xQueueSemaphoreTake)
    xTaskCheckForTimeOut                     0x08008f95   Thumb Code   112  tasks.o(i.xTaskCheckForTimeOut)
    xTaskCreate                              0x08009009   Thumb Code    90  tasks.o(i.xTaskCreate)
    xTaskCreateStatic                        0x08009063   Thumb Code    86  tasks.o(i.xTaskCreateStatic)
    xTaskGetSchedulerState                   0x080090b9   Thumb Code    22  tasks.o(i.xTaskGetSchedulerState)
    xTaskGetTickCount                        0x080090d5   Thumb Code     6  tasks.o(i.xTaskGetTickCount)
    xTaskIncrementTick                       0x080090e1   Thumb Code   192  tasks.o(i.xTaskIncrementTick)
    xTaskPriorityDisinherit                  0x080091a9   Thumb Code   144  tasks.o(i.xTaskPriorityDisinherit)
    xTaskPriorityInherit                     0x08009241   Thumb Code   138  tasks.o(i.xTaskPriorityInherit)
    xTaskRemoveFromEventList                 0x080092d5   Thumb Code   108  tasks.o(i.xTaskRemoveFromEventList)
    xTaskResumeAll                           0x08009349   Thumb Code   182  tasks.o(i.xTaskResumeAll)
    xTaskResumeFromISR                       0x0800940d   Thumb Code   128  tasks.o(i.xTaskResumeFromISR)
    xTimerCreate                             0x08009495   Thumb Code    52  timers.o(i.xTimerCreate)
    xTimerCreateStatic                       0x080094c9   Thumb Code    46  timers.o(i.xTimerCreateStatic)
    xTimerCreateTimerTask                    0x080094f9   Thumb Code    78  timers.o(i.xTimerCreateTimerTask)
    xTimerGenericCommand                     0x08009559   Thumb Code    92  timers.o(i.xTimerGenericCommand)
    _get_lc_numeric                          0x080095b9   Thumb Code    44  lc_numeric_c.o(locale$$code)
    _get_lc_ctype                            0x080095e5   Thumb Code    44  lc_ctype_c.o(locale$$code)
    __aeabi_d2f                              0x08009611   Thumb Code     0  d2f.o(x$fpl$d2f)
    _d2f                                     0x08009611   Thumb Code    98  d2f.o(x$fpl$d2f)
    __aeabi_dadd                             0x08009675   Thumb Code     0  daddsub_clz.o(x$fpl$dadd)
    _dadd                                    0x08009675   Thumb Code   332  daddsub_clz.o(x$fpl$dadd)
    __fpl_dcheck_NaN1                        0x080097c5   Thumb Code    10  dcheck1.o(x$fpl$dcheck1)
    __fpl_dcmp_Inf                           0x080097d5   Thumb Code    24  dcmpi.o(x$fpl$dcmpinf)
    __aeabi_ddiv                             0x080097ed   Thumb Code     0  ddiv.o(x$fpl$ddiv)
    _ddiv                                    0x080097ed   Thumb Code   552  ddiv.o(x$fpl$ddiv)
    __aeabi_cdcmpeq                          0x08009a9d   Thumb Code     0  deqf.o(x$fpl$deqf)
    _dcmpeq                                  0x08009a9d   Thumb Code   120  deqf.o(x$fpl$deqf)
    __aeabi_d2iz                             0x08009b15   Thumb Code     0  dfix.o(x$fpl$dfix)
    _dfix                                    0x08009b15   Thumb Code    94  dfix.o(x$fpl$dfix)
    __aeabi_d2uiz                            0x08009b75   Thumb Code     0  dfixu.o(x$fpl$dfixu)
    _dfixu                                   0x08009b75   Thumb Code    90  dfixu.o(x$fpl$dfixu)
    __aeabi_i2d                              0x08009bcf   Thumb Code     0  dflt_clz.o(x$fpl$dflt)
    _dflt                                    0x08009bcf   Thumb Code    46  dflt_clz.o(x$fpl$dflt)
    __aeabi_ui2d                             0x08009bfd   Thumb Code     0  dflt_clz.o(x$fpl$dfltu)
    _dfltu                                   0x08009bfd   Thumb Code    38  dflt_clz.o(x$fpl$dfltu)
    __aeabi_cdcmple                          0x08009c25   Thumb Code     0  dleqf.o(x$fpl$dleqf)
    _dcmple                                  0x08009c25   Thumb Code   120  dleqf.o(x$fpl$dleqf)
    __fpl_dcmple_InfNaN                      0x08009c87   Thumb Code     0  dleqf.o(x$fpl$dleqf)
    __aeabi_dmul                             0x08009c9d   Thumb Code     0  dmul.o(x$fpl$dmul)
    _dmul                                    0x08009c9d   Thumb Code   332  dmul.o(x$fpl$dmul)
    __fpl_dnaninf                            0x08009df1   Thumb Code   156  dnaninf.o(x$fpl$dnaninf)
    __fpl_dretinf                            0x08009e8d   Thumb Code    12  dretinf.o(x$fpl$dretinf)
    __aeabi_cdrcmple                         0x08009e99   Thumb Code     0  drleqf.o(x$fpl$drleqf)
    _drcmple                                 0x08009e99   Thumb Code   108  drleqf.o(x$fpl$drleqf)
    __aeabi_drsub                            0x08009f05   Thumb Code     0  daddsub_clz.o(x$fpl$drsb)
    _drsb                                    0x08009f05   Thumb Code    22  daddsub_clz.o(x$fpl$drsb)
    _dsqrt                                   0x08009f1d   Thumb Code   456  dsqrt_noumaal.o(x$fpl$dsqrt)
    __aeabi_dsub                             0x0800a0e9   Thumb Code     0  daddsub_clz.o(x$fpl$dsub)
    _dsub                                    0x0800a0e9   Thumb Code   464  daddsub_clz.o(x$fpl$dsub)
    __fpl_fretinf                            0x0800a2bd   Thumb Code    10  fretinf.o(x$fpl$fretinf)
    __ieee_status                            0x0800a2c7   Thumb Code     6  istatus.o(x$fpl$ieeestatus)
    __fpl_return_NaN                         0x0800a2cd   Thumb Code   100  retnan.o(x$fpl$retnan)
    __ARM_scalbn                             0x0800a331   Thumb Code    92  scalbn.o(x$fpl$scalbn)
    _scanf_real                              0x0800a38d   Thumb Code     4  scanf1.o(x$fpl$scanf1)
    _scanf_hex_real                          0x0800a391   Thumb Code     4  scanf2.o(x$fpl$scanf2)
    _scanf_infnan                            0x0800a395   Thumb Code     4  scanf2.o(x$fpl$scanf2)
    __fpl_cmpreturn                          0x0800a399   Thumb Code    48  trapv.o(x$fpl$trapveneer)
    __I$use$fp                               0x0800a3c8   Number         0  usenofp.o(x$fpl$usenofp)
    AHBPrescTable                            0x0800a436   Data          16  system_stm32f1xx.o(.constdata)
    APBPrescTable                            0x0800a446   Data           8  system_stm32f1xx.o(.constdata)
    __mathlib_zero                           0x0800a5a0   Data           8  qnan.o(.constdata)
    Region$$Table$$Base                      0x0800a7a8   Number         0  anon$$obj.o(Region$$Table)
    Region$$Table$$Limit                     0x0800a7c8   Number         0  anon$$obj.o(Region$$Table)
    __aeabi_HUGE_VAL                         0x0800a7c8   Data           0  fpconst.o(c$$dinf)
    __aeabi_HUGE_VALL                        0x0800a7c8   Data           0  fpconst.o(c$$dinf)
    __aeabi_INFINITY                         0x0800a7c8   Data           0  fpconst.o(c$$dinf)
    __dInf                                   0x0800a7c8   Data           0  fpconst.o(c$$dinf)
    __huge_val                               0x0800a7c8   Data           0  fpconst.o(c$$dinf)
    __dbl_max                                0x0800a7d0   Data           0  fpconst.o(c$$dmax)
    __ctype                                  0x0800a801   Data           0  lc_ctype_c.o(locale$$data)
    RunGuidance_Struct                       0x20000000   Data           1  main.o(.data)
    IWDG_Event                               0x20000008   Data           4  freertos.o(.data)
    SlaveContTaskHandle                      0x2000000c   Data           4  freertos.o(.data)
    EXTIISRTaskHandle                        0x20000010   Data           4  freertos.o(.data)
    IWDGTaskHandle                           0x20000014   Data           4  freertos.o(.data)
    UpperRTK_TimerHandle                     0x20000018   Data           4  freertos.o(.data)
    UpperComBinSemHandle                     0x2000001c   Data           4  freertos.o(.data)
    UARTControlBinSemHandle                  0x20000020   Data           4  freertos.o(.data)
    PumpOffBinSemHandle                      0x20000024   Data           4  freertos.o(.data)
    UpperRTK_BinSemHandle                    0x20000028   Data           4  freertos.o(.data)
    UpFlag                                   0x20000030   Data           1  uppercom_usart.o(.data)
    RunTime                                  0x20000032   Data           2  uppercom_usart.o(.data)
    UARTControl_Stru                         0x20000034   Data           3  uppercom_usart.o(.data)
    RTK_Speed                                0x20000038   Data           4  uppercom_usart.o(.data)
    RTK_Longitude                            0x20000040   Data           8  uppercom_usart.o(.data)
    RTK_Latitude                             0x20000048   Data           8  uppercom_usart.o(.data)
    RTK_LongitudeH                           0x20000050   Data           8  uppercom_usart.o(.data)
    RTK_LatitudeH                            0x20000058   Data           8  uppercom_usart.o(.data)
    RTK_CourseAngle                          0x20000060   Data           8  uppercom_usart.o(.data)
    Slave_number                             0x20000068   Data           1  slave_usart.o(.data)
    Slave_State                              0x2000006b   Data           8  slave_usart.o(.data)
    ReadSpeed1                               0x20000073   Data           8  slave_usart.o(.data)
    ReadSpeed2                               0x2000007b   Data           8  slave_usart.o(.data)
    InputCapIndex                            0x20000084   Data           1  uav_pump.o(.data)
    InputCap_n                               0x20000086   Data           2  uav_pump.o(.data)
    InputCap_n1                              0x20000088   Data           2  uav_pump.o(.data)
    InputCap_n2                              0x2000008a   Data           2  uav_pump.o(.data)
    RTK_Signal                               0x2000008c   Data           1  rtk_usart_it.o(.data)
    MapDat                                   0x20000098   Data          64  edgeprocessing.o(.data)
    uwTickFreq                               0x200000dc   Data           1  stm32f1xx_hal.o(.data)
    uwTickPrio                               0x200000e0   Data           4  stm32f1xx_hal.o(.data)
    uwTick                                   0x200000e4   Data           4  stm32f1xx_hal.o(.data)
    SystemCoreClock                          0x200000e8   Data           4  system_stm32f1xx.o(.data)
    pxCurrentTCB                             0x200000ec   Data           4  tasks.o(.data)
    hiwdg                                    0x20000808   Data          12  iwdg.o(.bss)
    htim3                                    0x20000814   Data          72  tim.o(.bss)
    htim4                                    0x2000085c   Data          72  tim.o(.bss)
    htim7                                    0x200008a4   Data          72  tim.o(.bss)
    huart4                                   0x200008ec   Data          72  usart.o(.bss)
    huart1                                   0x20000934   Data          72  usart.o(.bss)
    huart2                                   0x2000097c   Data          72  usart.o(.bss)
    huart3                                   0x200009c4   Data          72  usart.o(.bss)
    hdma_uart4_tx                            0x20000a0c   Data          68  usart.o(.bss)
    hdma_uart4_rx                            0x20000a50   Data          68  usart.o(.bss)
    hdma_usart1_rx                           0x20000a94   Data          68  usart.o(.bss)
    hdma_usart1_tx                           0x20000ad8   Data          68  usart.o(.bss)
    hdma_usart3_tx                           0x20000b1c   Data          68  usart.o(.bss)
    hdma_usart3_rx                           0x20000b60   Data          68  usart.o(.bss)
    htim6                                    0x20000ba4   Data          72  stm32f1xx_hal_timebase_tim.o(.bss)
    UpperComTxBuf                            0x20000bec   Data         100  uppercom_usart.o(.bss)
    UART1_RxStruct                           0x20000c50   Data         401  uppercom_usart.o(.bss)
    RTK_SendBuff                             0x20000de1   Data         200  uppercom_usart.o(.bss)
    USART3_RxStruct                          0x20000f85   Data         402  slave_usart.o(.bss)
    USART4_RxStruct                          0x20001117   Data         401  rtk_usart_it.o(.bss)
    GPS_Struct                               0x200012a8   Data         328  gps.o(.bss)
    USART2_RxStruct                          0x200013f0   Data         402  gps.o(.bss)
    LocationJudging_Struct                   0x20001588   Data         176  edgeprocessing.o(.bss)
    pFlash                                   0x20001e38   Data          32  stm32f1xx_hal_flash.o(.bss)
    xQueueRegistry                           0x20001e58   Data          64  queue.o(.bss)
    __libspace_start                         0x20009870   Data          96  libspace.o(.bss)
    __temporary_stack_top$libspace           0x200098d0   Data           0  libspace.o(.bss)
    sys_rst_n                                0x2000bf00   Data           1  gps.o(.ARM.__AT_0x2000BF00)
    sys_rst_flag                             0x2000bf10   Data           1  gps.o(.ARM.__AT_0x2000BF10)



==============================================================================

Memory Map of the image

  Image Entry point : 0x08000131

  Load Region LR_IROM1 (Base: 0x08000000, Size: 0x0000aa64, Max: 0x00040000, ABSOLUTE, COMPRESSED[0x0000a948])

    Execution Region ER_IROM1 (Exec base: 0x08000000, Load base: 0x08000000, Size: 0x0000a904, Max: 0x00040000, ABSOLUTE)

    Exec Addr    Load Addr    Size         Type   Attr      Idx    E Section Name        Object

    0x08000000   0x08000000   0x00000130   Data   RO            3    RESET               startup_stm32f103xe.o
    0x08000130   0x08000130   0x00000008   Code   RO         5104  * !!!main             c_w.l(__main.o)
    0x08000138   0x08000138   0x00000034   Code   RO         5519    !!!scatter          c_w.l(__scatter.o)
    0x0800016c   0x0800016c   0x0000005a   Code   RO         5517    !!dczerorl2         c_w.l(__dczerorl2.o)
    0x080001c6   0x080001c6   0x00000002   PAD
    0x080001c8   0x080001c8   0x0000001c   Code   RO         5521    !!handler_zi        c_w.l(__scatter_zi.o)
    0x080001e4   0x080001e4   0x00000000   Code   RO         5081    .ARM.Collect$$_printf_percent$$00000000  c_w.l(_printf_percent.o)
    0x080001e4   0x080001e4   0x00000006   Code   RO         5080    .ARM.Collect$$_printf_percent$$00000009  c_w.l(_printf_d.o)
    0x080001ea   0x080001ea   0x00000006   Code   RO         5079    .ARM.Collect$$_printf_percent$$0000000C  c_w.l(_printf_x.o)
    0x080001f0   0x080001f0   0x00000006   Code   RO         5078    .ARM.Collect$$_printf_percent$$00000014  c_w.l(_printf_s.o)
    0x080001f6   0x080001f6   0x00000004   Code   RO         5192    .ARM.Collect$$_printf_percent$$00000017  c_w.l(_printf_percent_end.o)
    0x080001fa   0x080001fa   0x00000002   Code   RO         5323    .ARM.Collect$$libinit$$00000000  c_w.l(libinit.o)
    0x080001fc   0x080001fc   0x00000000   Code   RO         5325    .ARM.Collect$$libinit$$00000002  c_w.l(libinit2.o)
    0x080001fc   0x080001fc   0x00000000   Code   RO         5327    .ARM.Collect$$libinit$$00000004  c_w.l(libinit2.o)
    0x080001fc   0x080001fc   0x00000000   Code   RO         5330    .ARM.Collect$$libinit$$0000000A  c_w.l(libinit2.o)
    0x080001fc   0x080001fc   0x00000000   Code   RO         5332    .ARM.Collect$$libinit$$0000000C  c_w.l(libinit2.o)
    0x080001fc   0x080001fc   0x00000000   Code   RO         5334    .ARM.Collect$$libinit$$0000000E  c_w.l(libinit2.o)
    0x080001fc   0x080001fc   0x00000006   Code   RO         5335    .ARM.Collect$$libinit$$0000000F  c_w.l(libinit2.o)
    0x08000202   0x08000202   0x00000000   Code   RO         5337    .ARM.Collect$$libinit$$00000011  c_w.l(libinit2.o)
    0x08000202   0x08000202   0x0000000c   Code   RO         5338    .ARM.Collect$$libinit$$00000012  c_w.l(libinit2.o)
    0x0800020e   0x0800020e   0x00000000   Code   RO         5339    .ARM.Collect$$libinit$$00000013  c_w.l(libinit2.o)
    0x0800020e   0x0800020e   0x00000000   Code   RO         5341    .ARM.Collect$$libinit$$00000015  c_w.l(libinit2.o)
    0x0800020e   0x0800020e   0x0000000a   Code   RO         5342    .ARM.Collect$$libinit$$00000016  c_w.l(libinit2.o)
    0x08000218   0x08000218   0x00000000   Code   RO         5343    .ARM.Collect$$libinit$$00000017  c_w.l(libinit2.o)
    0x08000218   0x08000218   0x00000000   Code   RO         5345    .ARM.Collect$$libinit$$00000019  c_w.l(libinit2.o)
    0x08000218   0x08000218   0x00000000   Code   RO         5347    .ARM.Collect$$libinit$$0000001B  c_w.l(libinit2.o)
    0x08000218   0x08000218   0x00000000   Code   RO         5349    .ARM.Collect$$libinit$$0000001D  c_w.l(libinit2.o)
    0x08000218   0x08000218   0x00000000   Code   RO         5351    .ARM.Collect$$libinit$$0000001F  c_w.l(libinit2.o)
    0x08000218   0x08000218   0x00000000   Code   RO         5353    .ARM.Collect$$libinit$$00000021  c_w.l(libinit2.o)
    0x08000218   0x08000218   0x00000000   Code   RO         5355    .ARM.Collect$$libinit$$00000023  c_w.l(libinit2.o)
    0x08000218   0x08000218   0x00000000   Code   RO         5357    .ARM.Collect$$libinit$$00000025  c_w.l(libinit2.o)
    0x08000218   0x08000218   0x00000000   Code   RO         5361    .ARM.Collect$$libinit$$0000002C  c_w.l(libinit2.o)
    0x08000218   0x08000218   0x00000000   Code   RO         5363    .ARM.Collect$$libinit$$0000002E  c_w.l(libinit2.o)
    0x08000218   0x08000218   0x00000000   Code   RO         5365    .ARM.Collect$$libinit$$00000030  c_w.l(libinit2.o)
    0x08000218   0x08000218   0x00000000   Code   RO         5367    .ARM.Collect$$libinit$$00000032  c_w.l(libinit2.o)
    0x08000218   0x08000218   0x00000002   Code   RO         5368    .ARM.Collect$$libinit$$00000033  c_w.l(libinit2.o)
    0x0800021a   0x0800021a   0x00000002   Code   RO         5453    .ARM.Collect$$libshutdown$$00000000  c_w.l(libshutdown.o)
    0x0800021c   0x0800021c   0x00000000   Code   RO         5474    .ARM.Collect$$libshutdown$$00000002  c_w.l(libshutdown2.o)
    0x0800021c   0x0800021c   0x00000000   Code   RO         5476    .ARM.Collect$$libshutdown$$00000004  c_w.l(libshutdown2.o)
    0x0800021c   0x0800021c   0x00000000   Code   RO         5478    .ARM.Collect$$libshutdown$$00000006  c_w.l(libshutdown2.o)
    0x0800021c   0x0800021c   0x00000000   Code   RO         5481    .ARM.Collect$$libshutdown$$00000009  c_w.l(libshutdown2.o)
    0x0800021c   0x0800021c   0x00000000   Code   RO         5484    .ARM.Collect$$libshutdown$$0000000C  c_w.l(libshutdown2.o)
    0x0800021c   0x0800021c   0x00000000   Code   RO         5486    .ARM.Collect$$libshutdown$$0000000E  c_w.l(libshutdown2.o)
    0x0800021c   0x0800021c   0x00000000   Code   RO         5489    .ARM.Collect$$libshutdown$$00000011  c_w.l(libshutdown2.o)
    0x0800021c   0x0800021c   0x00000002   Code   RO         5490    .ARM.Collect$$libshutdown$$00000012  c_w.l(libshutdown2.o)
    0x0800021e   0x0800021e   0x00000000   Code   RO         5176    .ARM.Collect$$rtentry$$00000000  c_w.l(__rtentry.o)
    0x0800021e   0x0800021e   0x00000000   Code   RO         5265    .ARM.Collect$$rtentry$$00000002  c_w.l(__rtentry2.o)
    0x0800021e   0x0800021e   0x00000006   Code   RO         5277    .ARM.Collect$$rtentry$$00000004  c_w.l(__rtentry4.o)
    0x08000224   0x08000224   0x00000000   Code   RO         5267    .ARM.Collect$$rtentry$$00000009  c_w.l(__rtentry2.o)
    0x08000224   0x08000224   0x00000004   Code   RO         5268    .ARM.Collect$$rtentry$$0000000A  c_w.l(__rtentry2.o)
    0x08000228   0x08000228   0x00000000   Code   RO         5270    .ARM.Collect$$rtentry$$0000000C  c_w.l(__rtentry2.o)
    0x08000228   0x08000228   0x00000008   Code   RO         5271    .ARM.Collect$$rtentry$$0000000D  c_w.l(__rtentry2.o)
    0x08000230   0x08000230   0x00000002   Code   RO         5371    .ARM.Collect$$rtexit$$00000000  c_w.l(rtexit.o)
    0x08000232   0x08000232   0x00000000   Code   RO         5423    .ARM.Collect$$rtexit$$00000002  c_w.l(rtexit2.o)
    0x08000232   0x08000232   0x00000004   Code   RO         5424    .ARM.Collect$$rtexit$$00000003  c_w.l(rtexit2.o)
    0x08000236   0x08000236   0x00000006   Code   RO         5425    .ARM.Collect$$rtexit$$00000004  c_w.l(rtexit2.o)
    0x0800023c   0x0800023c   0x00000096   Code   RO         4942    .emb_text           port.o
    0x080002d2   0x080002d2   0x00000002   PAD
    0x080002d4   0x080002d4   0x00000040   Code   RO            4    .text               startup_stm32f103xe.o
    0x08000314   0x08000314   0x00000002   Code   RO         5021    .text               c_w.l(use_no_semi_2.o)
    0x08000316   0x08000316   0x00000026   Code   RO         5023    .text               c_w.l(llushr.o)
    0x0800033c   0x0800033c   0x00000028   Code   RO         5027    .text               c_w.l(noretval__2sprintf.o)
    0x08000364   0x08000364   0x0000004e   Code   RO         5031    .text               c_w.l(_printf_pad.o)
    0x080003b2   0x080003b2   0x00000052   Code   RO         5033    .text               c_w.l(_printf_str.o)
    0x08000404   0x08000404   0x00000078   Code   RO         5035    .text               c_w.l(_printf_dec.o)
    0x0800047c   0x0800047c   0x00000058   Code   RO         5040    .text               c_w.l(_printf_hex_int.o)
    0x080004d4   0x080004d4   0x00000138   Code   RO         5070    .text               c_w.l(__printf_flags_wp.o)
    0x0800060c   0x0800060c   0x0000001a   Code   RO         5082    .text               c_w.l(atoi.o)
    0x08000626   0x08000626   0x00000014   Code   RO         5084    .text               c_w.l(strchr.o)
    0x0800063a   0x0800063a   0x0000003e   Code   RO         5086    .text               c_w.l(strlen.o)
    0x08000678   0x08000678   0x00000096   Code   RO         5088    .text               c_w.l(strncmp.o)
    0x0800070e   0x0800070e   0x0000008a   Code   RO         5090    .text               c_w.l(rt_memcpy_v6.o)
    0x08000798   0x08000798   0x00000064   Code   RO         5092    .text               c_w.l(rt_memcpy_w.o)
    0x080007fc   0x080007fc   0x00000044   Code   RO         5096    .text               c_w.l(rt_memclr.o)
    0x08000840   0x08000840   0x0000004e   Code   RO         5098    .text               c_w.l(rt_memclr_w.o)
    0x0800088e   0x0800088e   0x00000056   Code   RO         5100    .text               c_w.l(strncpy.o)
    0x080008e4   0x080008e4   0x00000006   Code   RO         5102    .text               c_w.l(heapauxi.o)
    0x080008ea   0x080008ea   0x00000002   Code   RO         5174    .text               c_w.l(use_no_semi.o)
    0x080008ec   0x080008ec   0x00000008   Code   RO         5180    .text               c_w.l(rt_errno_addr_intlibspace.o)
    0x080008f4   0x080008f4   0x00000016   Code   RO         5182    .text               c_w.l(_rserrno.o)
    0x0800090a   0x0800090a   0x000000b2   Code   RO         5184    .text               c_w.l(_printf_intcommon.o)
    0x080009bc   0x080009bc   0x00000030   Code   RO         5186    .text               c_w.l(_printf_char_common.o)
    0x080009ec   0x080009ec   0x0000000a   Code   RO         5188    .text               c_w.l(_sputc.o)
    0x080009f6   0x080009f6   0x0000002c   Code   RO         5190    .text               c_w.l(_printf_char.o)
    0x08000a22   0x08000a22   0x00000002   PAD
    0x08000a24   0x08000a24   0x000000a4   Code   RO         5193    .text               c_w.l(strtod.o)
    0x08000ac8   0x08000ac8   0x00000070   Code   RO         5195    .text               c_w.l(strtol.o)
    0x08000b38   0x08000b38   0x00000008   Code   RO         5261    .text               c_w.l(libspace.o)
    0x08000b40   0x08000b40   0x00000010   Code   RO         5279    .text               c_w.l(rt_ctype_table.o)
    0x08000b50   0x08000b50   0x00000012   Code   RO         5281    .text               c_w.l(isspace.o)
    0x08000b62   0x08000b62   0x00000040   Code   RO         5285    .text               c_w.l(_sgetc.o)
    0x08000ba2   0x08000ba2   0x0000009e   Code   RO         5287    .text               c_w.l(_strtoul.o)
    0x08000c40   0x08000c40   0x0000004a   Code   RO         5300    .text               c_w.l(sys_stackheap_outer.o)
    0x08000c8a   0x08000c8a   0x00000002   PAD
    0x08000c8c   0x08000c8c   0x00000008   Code   RO         5305    .text               c_w.l(rt_locale_intlibspace.o)
    0x08000c94   0x08000c94   0x0000001c   Code   RO         5307    .text               c_w.l(_chval.o)
    0x08000cb0   0x08000cb0   0x000004f8   Code   RO         5309    .text               c_w.l(scanf_fp.o)
    0x080011a8   0x080011a8   0x00000012   Code   RO         5314    .text               c_w.l(exit.o)
    0x080011ba   0x080011ba   0x00000002   PAD
    0x080011bc   0x080011bc   0x00000080   Code   RO         5316    .text               c_w.l(strcmpv7m.o)
    0x0800123c   0x0800123c   0x000000e4   Code   RO         5373    .text               c_w.l(bigflt0.o)
    0x08001320   0x08001320   0x00000320   Code   RO         5429    .text               c_w.l(scanf_hexfp.o)
    0x08001640   0x08001640   0x00000134   Code   RO         5431    .text               c_w.l(scanf_infnan.o)
    0x08001774   0x08001774   0x00000026   Code   RO         5445    .text               c_w.l(llshl.o)
    0x0800179a   0x0800179a   0x00000338   Code   RO         5386    CL$$btod_div_common  c_w.l(btod.o)
    0x08001ad2   0x08001ad2   0x00000002   PAD
    0x08001ad4   0x08001ad4   0x00000084   Code   RO         5384    CL$$btod_e2d        c_w.l(btod.o)
    0x08001b58   0x08001b58   0x000000dc   Code   RO         5383    CL$$btod_e2e        c_w.l(btod.o)
    0x08001c34   0x08001c34   0x0000002a   Code   RO         5380    CL$$btod_ediv       c_w.l(btod.o)
    0x08001c5e   0x08001c5e   0x0000002a   Code   RO         5382    CL$$btod_edivd      c_w.l(btod.o)
    0x08001c88   0x08001c88   0x0000002a   Code   RO         5379    CL$$btod_emul       c_w.l(btod.o)
    0x08001cb2   0x08001cb2   0x0000002a   Code   RO         5381    CL$$btod_emuld      c_w.l(btod.o)
    0x08001cdc   0x08001cdc   0x00000244   Code   RO         5385    CL$$btod_mult_common  c_w.l(btod.o)
    0x08001f20   0x08001f20   0x00000002   Code   RO          545    i.BusFault_Handler  stm32f1xx_it.o
    0x08001f22   0x08001f22   0x00000002   PAD
    0x08001f24   0x08001f24   0x0000000c   Code   RO          546    i.DMA1_Channel2_IRQHandler  stm32f1xx_it.o
    0x08001f30   0x08001f30   0x0000000c   Code   RO          547    i.DMA1_Channel3_IRQHandler  stm32f1xx_it.o
    0x08001f3c   0x08001f3c   0x0000000c   Code   RO          548    i.DMA1_Channel4_IRQHandler  stm32f1xx_it.o
    0x08001f48   0x08001f48   0x0000000c   Code   RO          549    i.DMA1_Channel5_IRQHandler  stm32f1xx_it.o
    0x08001f54   0x08001f54   0x0000000c   Code   RO          550    i.DMA2_Channel3_IRQHandler  stm32f1xx_it.o
    0x08001f60   0x08001f60   0x0000000c   Code   RO          551    i.DMA2_Channel4_5_IRQHandler  stm32f1xx_it.o
    0x08001f6c   0x08001f6c   0x0000002a   Code   RO         1645    i.DMA_SetConfig     stm32f1xx_hal_dma.o
    0x08001f96   0x08001f96   0x00000002   Code   RO          552    i.DebugMon_Handler  stm32f1xx_it.o
    0x08001f98   0x08001f98   0x00000168   Code   RO         1020    i.EdgeComputing     edgeprocessing.o
    0x08002100   0x08002100   0x00000040   Code   RO         1021    i.EdgeComputing_Init  edgeprocessing.o
    0x08002140   0x08002140   0x00000004   Code   RO           13    i.Error_Handler     main.o
    0x08002144   0x08002144   0x00000024   Code   RO         2085    i.FLASH_MassErase   stm32f1xx_hal_flash_ex.o
    0x08002168   0x08002168   0x00000024   Code   RO         2090    i.FLASH_PageErase   stm32f1xx_hal_flash_ex.o
    0x0800218c   0x0800218c   0x0000001c   Code   RO         1982    i.FLASH_Program_HalfWord  stm32f1xx_hal_flash.o
    0x080021a8   0x080021a8   0x0000005c   Code   RO         1983    i.FLASH_SetErrorCode  stm32f1xx_hal_flash.o
    0x08002204   0x08002204   0x00000054   Code   RO         1984    i.FLASH_WaitForLastOperation  stm32f1xx_hal_flash.o
    0x08002258   0x08002258   0x0000021c   Code   RO          941    i.GPS_Init          gps.o
    0x08002474   0x08002474   0x00000046   Code   RO         1646    i.HAL_DMA_Abort     stm32f1xx_hal_dma.o
    0x080024ba   0x080024ba   0x00000002   PAD
    0x080024bc   0x080024bc   0x00000130   Code   RO         1647    i.HAL_DMA_Abort_IT  stm32f1xx_hal_dma.o
    0x080025ec   0x080025ec   0x00000248   Code   RO         1651    i.HAL_DMA_IRQHandler  stm32f1xx_hal_dma.o
    0x08002834   0x08002834   0x0000007c   Code   RO         1652    i.HAL_DMA_Init      stm32f1xx_hal_dma.o
    0x080028b0   0x080028b0   0x00000070   Code   RO         1656    i.HAL_DMA_Start_IT  stm32f1xx_hal_dma.o
    0x08002920   0x08002920   0x00000024   Code   RO         1272    i.HAL_Delay         stm32f1xx_hal.o
    0x08002944   0x08002944   0x000000a8   Code   RO         2091    i.HAL_FLASHEx_Erase  stm32f1xx_hal_flash_ex.o
    0x080029ec   0x080029ec   0x00000014   Code   RO         1988    i.HAL_FLASH_Lock    stm32f1xx_hal_flash.o
    0x08002a00   0x08002a00   0x00000080   Code   RO         1993    i.HAL_FLASH_Program  stm32f1xx_hal_flash.o
    0x08002a80   0x08002a80   0x00000028   Code   RO         1995    i.HAL_FLASH_Unlock  stm32f1xx_hal_flash.o
    0x08002aa8   0x08002aa8   0x000001f8   Code   RO         1582    i.HAL_GPIO_Init     stm32f1xx_hal_gpio.o
    0x08002ca0   0x08002ca0   0x00000010   Code   RO         1585    i.HAL_GPIO_TogglePin  stm32f1xx_hal_gpio.o
    0x08002cb0   0x08002cb0   0x0000000a   Code   RO         1586    i.HAL_GPIO_WritePin  stm32f1xx_hal_gpio.o
    0x08002cba   0x08002cba   0x00000002   PAD
    0x08002cbc   0x08002cbc   0x0000000c   Code   RO         1276    i.HAL_GetTick       stm32f1xx_hal.o
    0x08002cc8   0x08002cc8   0x0000005a   Code   RO         2242    i.HAL_IWDG_Init     stm32f1xx_hal_iwdg.o
    0x08002d22   0x08002d22   0x0000000c   Code   RO         2243    i.HAL_IWDG_Refresh  stm32f1xx_hal_iwdg.o
    0x08002d2e   0x08002d2e   0x00000002   PAD
    0x08002d30   0x08002d30   0x00000010   Code   RO         1282    i.HAL_IncTick       stm32f1xx_hal.o
    0x08002d40   0x08002d40   0x00000024   Code   RO         1283    i.HAL_Init          stm32f1xx_hal.o
    0x08002d64   0x08002d64   0x00000098   Code   RO          711    i.HAL_InitTick      stm32f1xx_hal_timebase_tim.o
    0x08002dfc   0x08002dfc   0x00000048   Code   RO          687    i.HAL_MspInit       stm32f1xx_hal_msp.o
    0x08002e44   0x08002e44   0x0000001a   Code   RO         1742    i.HAL_NVIC_EnableIRQ  stm32f1xx_hal_cortex.o
    0x08002e5e   0x08002e5e   0x00000002   PAD
    0x08002e60   0x08002e60   0x00000040   Code   RO         1748    i.HAL_NVIC_SetPriority  stm32f1xx_hal_cortex.o
    0x08002ea0   0x08002ea0   0x00000024   Code   RO         1749    i.HAL_NVIC_SetPriorityGrouping  stm32f1xx_hal_cortex.o
    0x08002ec4   0x08002ec4   0x00000024   Code   RO         1750    i.HAL_NVIC_SystemReset  stm32f1xx_hal_cortex.o
    0x08002ee8   0x08002ee8   0x0000012c   Code   RO         1440    i.HAL_RCC_ClockConfig  stm32f1xx_hal_rcc.o
    0x08003014   0x08003014   0x00000040   Code   RO         1444    i.HAL_RCC_GetClockConfig  stm32f1xx_hal_rcc.o
    0x08003054   0x08003054   0x0000000c   Code   RO         1445    i.HAL_RCC_GetHCLKFreq  stm32f1xx_hal_rcc.o
    0x08003060   0x08003060   0x00000020   Code   RO         1447    i.HAL_RCC_GetPCLK1Freq  stm32f1xx_hal_rcc.o
    0x08003080   0x08003080   0x00000020   Code   RO         1448    i.HAL_RCC_GetPCLK2Freq  stm32f1xx_hal_rcc.o
    0x080030a0   0x080030a0   0x0000004c   Code   RO         1449    i.HAL_RCC_GetSysClockFreq  stm32f1xx_hal_rcc.o
    0x080030ec   0x080030ec   0x00000320   Code   RO         1452    i.HAL_RCC_OscConfig  stm32f1xx_hal_rcc.o
    0x0800340c   0x0800340c   0x00000028   Code   RO         1753    i.HAL_SYSTICK_Config  stm32f1xx_hal_cortex.o
    0x08003434   0x08003434   0x00000002   Code   RO         2978    i.HAL_TIMEx_BreakCallback  stm32f1xx_hal_tim_ex.o
    0x08003436   0x08003436   0x00000002   Code   RO         2979    i.HAL_TIMEx_CommutCallback  stm32f1xx_hal_tim_ex.o
    0x08003438   0x08003438   0x0000007c   Code   RO         2997    i.HAL_TIMEx_MasterConfigSynchronization  stm32f1xx_hal_tim_ex.o
    0x080034b4   0x080034b4   0x0000005a   Code   RO         2274    i.HAL_TIM_Base_Init  stm32f1xx_hal_tim.o
    0x0800350e   0x0800350e   0x00000002   PAD
    0x08003510   0x08003510   0x000000b8   Code   RO          409    i.HAL_TIM_Base_MspInit  tim.o
    0x080035c8   0x080035c8   0x0000006c   Code   RO         2279    i.HAL_TIM_Base_Start_IT  stm32f1xx_hal_tim.o
    0x08003634   0x08003634   0x000000dc   Code   RO         2283    i.HAL_TIM_ConfigClockSource  stm32f1xx_hal_tim.o
    0x08003710   0x08003710   0x0000009c   Code   RO          860    i.HAL_TIM_IC_CaptureCallback  uav_pump.o
    0x080037ac   0x080037ac   0x00000124   Code   RO         2310    i.HAL_TIM_IC_ConfigChannel  stm32f1xx_hal_tim.o
    0x080038d0   0x080038d0   0x0000005a   Code   RO         2313    i.HAL_TIM_IC_Init   stm32f1xx_hal_tim.o
    0x0800392a   0x0800392a   0x00000002   Code   RO         2315    i.HAL_TIM_IC_MspInit  stm32f1xx_hal_tim.o
    0x0800392c   0x0800392c   0x000000f8   Code   RO         2318    i.HAL_TIM_IC_Start_IT  stm32f1xx_hal_tim.o
    0x08003a24   0x08003a24   0x00000166   Code   RO         2322    i.HAL_TIM_IRQHandler  stm32f1xx_hal_tim.o
    0x08003b8a   0x08003b8a   0x00000002   Code   RO         2325    i.HAL_TIM_OC_DelayElapsedCallback  stm32f1xx_hal_tim.o
    0x08003b8c   0x08003b8c   0x00000002   Code   RO         2352    i.HAL_TIM_PWM_PulseFinishedCallback  stm32f1xx_hal_tim.o
    0x08003b8e   0x08003b8e   0x00000002   PAD
    0x08003b90   0x08003b90   0x0000003c   Code   RO           14    i.HAL_TIM_PeriodElapsedCallback  main.o
    0x08003bcc   0x08003bcc   0x00000002   Code   RO         2365    i.HAL_TIM_TriggerCallback  stm32f1xx_hal_tim.o
    0x08003bce   0x08003bce   0x00000002   Code   RO         3257    i.HAL_UARTEx_RxEventCallback  stm32f1xx_hal_uart.o
    0x08003bd0   0x08003bd0   0x00000070   Code   RO         3269    i.HAL_UART_DMAStop  stm32f1xx_hal_uart.o
    0x08003c40   0x08003c40   0x00000002   Code   RO         3271    i.HAL_UART_ErrorCallback  stm32f1xx_hal_uart.o
    0x08003c42   0x08003c42   0x00000002   PAD
    0x08003c44   0x08003c44   0x0000026c   Code   RO         3274    i.HAL_UART_IRQHandler  stm32f1xx_hal_uart.o
    0x08003eb0   0x08003eb0   0x00000064   Code   RO         3275    i.HAL_UART_Init     stm32f1xx_hal_uart.o
    0x08003f14   0x08003f14   0x000002ac   Code   RO          463    i.HAL_UART_MspInit  usart.o
    0x080041c0   0x080041c0   0x0000001c   Code   RO         3279    i.HAL_UART_Receive_DMA  stm32f1xx_hal_uart.o
    0x080041dc   0x080041dc   0x0000001c   Code   RO         3280    i.HAL_UART_Receive_IT  stm32f1xx_hal_uart.o
    0x080041f8   0x080041f8   0x000000a0   Code   RO          942    i.HAL_UART_RxCpltCallback  gps.o
    0x08004298   0x08004298   0x00000002   Code   RO         3282    i.HAL_UART_RxHalfCpltCallback  stm32f1xx_hal_uart.o
    0x0800429a   0x0800429a   0x0000009a   Code   RO         3283    i.HAL_UART_Transmit  stm32f1xx_hal_uart.o
    0x08004334   0x08004334   0x00000078   Code   RO         3284    i.HAL_UART_Transmit_DMA  stm32f1xx_hal_uart.o
    0x080043ac   0x080043ac   0x00000002   Code   RO         3286    i.HAL_UART_TxCpltCallback  stm32f1xx_hal_uart.o
    0x080043ae   0x080043ae   0x00000002   Code   RO         3287    i.HAL_UART_TxHalfCpltCallback  stm32f1xx_hal_uart.o
    0x080043b0   0x080043b0   0x00000002   Code   RO          553    i.HardFault_Handler  stm32f1xx_it.o
    0x080043b2   0x080043b2   0x00000002   PAD
    0x080043b4   0x080043b4   0x00000044   Code   RO         1091    i.Internal_ReadFlash  flash.o
    0x080043f8   0x080043f8   0x000000fc   Code   RO         1092    i.Internal_WriteFlash  flash.o
    0x080044f4   0x080044f4   0x00000044   Code   RO         1093    i.Internal_WriteFlashNoCheck  flash.o
    0x08004538   0x08004538   0x0000008c   Code   RO          354    i.MX_DMA_Init       dma.o
    0x080045c4   0x080045c4   0x000000ac   Code   RO          265    i.MX_FREERTOS_Init  freertos.o
    0x08004670   0x08004670   0x00000100   Code   RO          237    i.MX_GPIO_Init      gpio.o
    0x08004770   0x08004770   0x00000002   Code   RO          378    i.MX_IWDG_Init      iwdg.o
    0x08004772   0x08004772   0x00000002   PAD
    0x08004774   0x08004774   0x00000098   Code   RO          410    i.MX_TIM3_Init      tim.o
    0x0800480c   0x0800480c   0x00000068   Code   RO          411    i.MX_TIM4_Init      tim.o
    0x08004874   0x08004874   0x00000044   Code   RO          412    i.MX_TIM7_Init      tim.o
    0x080048b8   0x080048b8   0x00000038   Code   RO          464    i.MX_UART4_Init     usart.o
    0x080048f0   0x080048f0   0x00000038   Code   RO          465    i.MX_USART1_UART_Init  usart.o
    0x08004928   0x08004928   0x00000038   Code   RO          466    i.MX_USART2_UART_Init  usart.o
    0x08004960   0x08004960   0x00000038   Code   RO          467    i.MX_USART3_UART_Init  usart.o
    0x08004998   0x08004998   0x00000002   Code   RO          554    i.MemManage_Handler  stm32f1xx_it.o
    0x0800499a   0x0800499a   0x00000002   Code   RO          555    i.NMI_Handler       stm32f1xx_it.o
    0x0800499c   0x0800499c   0x000000bc   Code   RO         1022    i.PointInsidePolygon  edgeprocessing.o
    0x08004a58   0x08004a58   0x00000002   Code   RO          861    i.PumpDisconnectDetection  uav_pump.o
    0x08004a5a   0x08004a5a   0x00000002   PAD
    0x08004a5c   0x08004a5c   0x0000009c   Code   RO          898    i.SendG070_RTK_Data  rtk_usart_it.o
    0x08004af8   0x08004af8   0x00000048   Code   RO          804    i.SendSlaveReadCMD  slave_usart.o
    0x08004b40   0x08004b40   0x00000048   Code   RO          805    i.SendSlaveSpeed    slave_usart.o
    0x08004b88   0x08004b88   0x00000234   Code   RO          750    i.SendSlaveUpperComData  uppercom_usart.o
    0x08004dbc   0x08004dbc   0x000000ec   Code   RO          266    i.StartEXTIISRTask  freertos.o
    0x08004ea8   0x08004ea8   0x0000002c   Code   RO          267    i.StartIWDGTask     freertos.o
    0x08004ed4   0x08004ed4   0x000000d0   Code   RO          268    i.StartSlaveControlTask  freertos.o
    0x08004fa4   0x08004fa4   0x0000002c   Code   RO         4943    i.SysTick_Handler   port.o
    0x08004fd0   0x08004fd0   0x00000064   Code   RO           15    i.SystemClock_Config  main.o
    0x08005034   0x08005034   0x00000002   Code   RO         3609    i.SystemInit        system_stm32f1xx.o
    0x08005036   0x08005036   0x00000002   PAD
    0x08005038   0x08005038   0x0000000c   Code   RO          556    i.TIM3_IRQHandler   stm32f1xx_it.o
    0x08005044   0x08005044   0x0000000c   Code   RO          557    i.TIM4_IRQHandler   stm32f1xx_it.o
    0x08005050   0x08005050   0x00000030   Code   RO         1137    i.TIM4_PeriodElapsedCallback  tim_it.o
    0x08005080   0x08005080   0x0000000c   Code   RO          558    i.TIM6_IRQHandler   stm32f1xx_it.o
    0x0800508c   0x0800508c   0x0000000c   Code   RO          559    i.TIM7_IRQHandler   stm32f1xx_it.o
    0x08005098   0x08005098   0x00000040   Code   RO         1138    i.TIM7_PeriodElapsedCallback  tim_it.o
    0x080050d8   0x080050d8   0x0000008c   Code   RO         2367    i.TIM_Base_SetConfig  stm32f1xx_hal_tim.o
    0x08005164   0x08005164   0x0000001a   Code   RO         2368    i.TIM_CCxChannelCmd  stm32f1xx_hal_tim.o
    0x0800517e   0x0800517e   0x00000014   Code   RO         2378    i.TIM_ETR_SetConfig  stm32f1xx_hal_tim.o
    0x08005192   0x08005192   0x00000010   Code   RO         2379    i.TIM_ITRx_SetConfig  stm32f1xx_hal_tim.o
    0x080051a2   0x080051a2   0x00000022   Code   RO         2385    i.TIM_TI1_ConfigInputStage  stm32f1xx_hal_tim.o
    0x080051c4   0x080051c4   0x0000006c   Code   RO         2386    i.TIM_TI1_SetConfig  stm32f1xx_hal_tim.o
    0x08005230   0x08005230   0x00000024   Code   RO         2387    i.TIM_TI2_ConfigInputStage  stm32f1xx_hal_tim.o
    0x08005254   0x08005254   0x00000036   Code   RO         2388    i.TIM_TI2_SetConfig  stm32f1xx_hal_tim.o
    0x0800528a   0x0800528a   0x00000002   PAD
    0x0800528c   0x0800528c   0x00000050   Code   RO          806    i.TaskSendRead      slave_usart.o
    0x080052dc   0x080052dc   0x00000068   Code   RO          807    i.TaskSendSpeed     slave_usart.o
    0x08005344   0x08005344   0x000001ac   Code   RO          751    i.UART1_IDLE_Handler  uppercom_usart.o
    0x080054f0   0x080054f0   0x00000014   Code   RO          560    i.UART4_IRQHandler  stm32f1xx_it.o
    0x08005504   0x08005504   0x00000010   Code   RO         3288    i.UART_DMAAbortOnError  stm32f1xx_hal_uart.o
    0x08005514   0x08005514   0x0000004a   Code   RO         3289    i.UART_DMAError     stm32f1xx_hal_uart.o
    0x0800555e   0x0800555e   0x00000086   Code   RO         3290    i.UART_DMAReceiveCplt  stm32f1xx_hal_uart.o
    0x080055e4   0x080055e4   0x0000001e   Code   RO         3292    i.UART_DMARxHalfCplt  stm32f1xx_hal_uart.o
    0x08005602   0x08005602   0x00000042   Code   RO         3294    i.UART_DMATransmitCplt  stm32f1xx_hal_uart.o
    0x08005644   0x08005644   0x0000000a   Code   RO         3296    i.UART_DMATxHalfCplt  stm32f1xx_hal_uart.o
    0x0800564e   0x0800564e   0x0000004e   Code   RO         3298    i.UART_EndRxTransfer  stm32f1xx_hal_uart.o
    0x0800569c   0x0800569c   0x0000001c   Code   RO         3299    i.UART_EndTxTransfer  stm32f1xx_hal_uart.o
    0x080056b8   0x080056b8   0x000000c2   Code   RO         3300    i.UART_Receive_IT   stm32f1xx_hal_uart.o
    0x0800577a   0x0800577a   0x00000002   PAD
    0x0800577c   0x0800577c   0x000000b8   Code   RO         3301    i.UART_SetConfig    stm32f1xx_hal_uart.o
    0x08005834   0x08005834   0x00000090   Code   RO         3302    i.UART_Start_Receive_DMA  stm32f1xx_hal_uart.o
    0x080058c4   0x080058c4   0x00000036   Code   RO         3303    i.UART_Start_Receive_IT  stm32f1xx_hal_uart.o
    0x080058fa   0x080058fa   0x00000078   Code   RO         3304    i.UART_WaitOnFlagUntilTimeout  stm32f1xx_hal_uart.o
    0x08005972   0x08005972   0x00000002   PAD
    0x08005974   0x08005974   0x00000014   Code   RO          561    i.USART1_IRQHandler  stm32f1xx_it.o
    0x08005988   0x08005988   0x0000000c   Code   RO          562    i.USART2_IRQHandler  stm32f1xx_it.o
    0x08005994   0x08005994   0x000000d8   Code   RO          808    i.USART3_IDLE_Handler  slave_usart.o
    0x08005a6c   0x08005a6c   0x00000014   Code   RO          563    i.USART3_IRQHandler  stm32f1xx_it.o
    0x08005a80   0x08005a80   0x00000258   Code   RO          899    i.USART4_IDLE_Handler  rtk_usart_it.o
    0x08005cd8   0x08005cd8   0x0000000c   Code   RO          269    i.UpperRTK_TimerCallback  freertos.o
    0x08005ce4   0x08005ce4   0x00000002   Code   RO          564    i.UsageFault_Handler  stm32f1xx_it.o
    0x08005ce6   0x08005ce6   0x00000002   PAD
    0x08005ce8   0x08005ce8   0x00000038   Code   RO          468    i._USART2_UART_Init  usart.o
    0x08005d20   0x08005d20   0x00000028   Code   RO         5237    i.__ARM_fpclassify  m_ws.l(fpclassify.o)
    0x08005d48   0x08005d48   0x00000020   Code   RO         1755    i.__NVIC_SetPriority  stm32f1xx_hal_cortex.o
    0x08005d68   0x08005d68   0x00000388   Code   RO         5242    i.__ieee754_rem_pio2  m_ws.l(rred.o)
    0x080060f0   0x080060f0   0x000000fc   Code   RO         5220    i.__kernel_cos      m_ws.l(cos_i.o)
    0x080061ec   0x080061ec   0x000000aa   Code   RO         5239    i.__kernel_poly     m_ws.l(poly.o)
    0x08006296   0x08006296   0x00000002   PAD
    0x08006298   0x08006298   0x000000ec   Code   RO         5247    i.__kernel_sin      m_ws.l(sin_i.o)
    0x08006384   0x08006384   0x00000006   Code   RO         5224    i.__mathlib_dbl_infnan  m_ws.l(dunder.o)
    0x0800638a   0x0800638a   0x00000004   Code   RO         5225    i.__mathlib_dbl_infnan2  m_ws.l(dunder.o)
    0x0800638e   0x0800638e   0x0000000c   Code   RO         5226    i.__mathlib_dbl_invalid  m_ws.l(dunder.o)
    0x0800639a   0x0800639a   0x0000000e   Code   RO         5227    i.__mathlib_dbl_overflow  m_ws.l(dunder.o)
    0x080063a8   0x080063a8   0x00000010   Code   RO         5229    i.__mathlib_dbl_underflow  m_ws.l(dunder.o)
    0x080063b8   0x080063b8   0x00000010   Code   RO         5416    i.__mathlib_narrow  m_ws.l(narrow.o)
    0x080063c8   0x080063c8   0x000000bc   Code   RO         5417    i.__mathlib_tofloat  m_ws.l(narrow.o)
    0x08006484   0x08006484   0x00000016   Code   RO         5455    i.__support_ldexp   m_ws.l(ldexp.o)
    0x0800649a   0x0800649a   0x0000000e   Code   RO         5068    i._is_digit         c_w.l(__printf_wp.o)
    0x080064a8   0x080064a8   0x00000002   Code   RO          469    i._sys_exit         usart.o
    0x080064aa   0x080064aa   0x00000002   PAD
    0x080064ac   0x080064ac   0x00000270   Code   RO         5137    i.asin              m_ws.l(asin.o)
    0x0800671c   0x0800671c   0x00000220   Code   RO         5211    i.atan              m_ws.l(atan.o)
    0x0800693c   0x0800693c   0x0000019c   Code   RO         5147    i.atan2             m_ws.l(atan2.o)
    0x08006ad8   0x08006ad8   0x0000002a   Code   RO         5155    i.atof              m_ws.l(atof.o)
    0x08006b02   0x08006b02   0x00000002   PAD
    0x08006b04   0x08006b04   0x0000009c   Code   RO         5159    i.cos               m_ws.l(cos.o)
    0x08006ba0   0x08006ba0   0x00000144   Code   RO         1023    i.destination_point  edgeprocessing.o
    0x08006ce4   0x08006ce4   0x0000004c   Code   RO         1024    i.dms_to_degrees    edgeprocessing.o
    0x08006d30   0x08006d30   0x00000058   Code   RO         5438    i.frexp             m_ws.l(frexp.o)
    0x08006d88   0x08006d88   0x00000350   Code   RO          944    i.getStringAfterNthComma  gps.o
    0x080070d8   0x080070d8   0x0000000c   Code   RO         4536    i.inHandlerMode     cmsis_os.o
    0x080070e4   0x080070e4   0x00000074   Code   RO         5456    i.ldexp             m_ws.l(ldexp.o)
    0x08007158   0x08007158   0x00000160   Code   RO           16    i.main              main.o
    0x080072b8   0x080072b8   0x0000000c   Code   RO         4538    i.makeFreeRtosPriority  cmsis_os.o
    0x080072c4   0x080072c4   0x0000000e   Code   RO         4540    i.osDelay           cmsis_os.o
    0x080072d2   0x080072d2   0x0000000a   Code   RO         4543    i.osKernelStart     cmsis_os.o
    0x080072dc   0x080072dc   0x0000003e   Code   RO         4569    i.osSemaphoreCreate  cmsis_os.o
    0x0800731a   0x0800731a   0x00000002   PAD
    0x0800731c   0x0800731c   0x00000050   Code   RO         4572    i.osSemaphoreRelease  cmsis_os.o
    0x0800736c   0x0800736c   0x00000064   Code   RO         4573    i.osSemaphoreWait   cmsis_os.o
    0x080073d0   0x080073d0   0x00000054   Code   RO         4577    i.osThreadCreate    cmsis_os.o
    0x08007424   0x08007424   0x00000034   Code   RO         4581    i.osThreadResume    cmsis_os.o
    0x08007458   0x08007458   0x0000000a   Code   RO         4584    i.osThreadSuspend   cmsis_os.o
    0x08007462   0x08007462   0x00000002   PAD
    0x08007464   0x08007464   0x00000040   Code   RO         4588    i.osTimerCreate     cmsis_os.o
    0x080074a4   0x080074a4   0x0000005c   Code   RO         4590    i.osTimerStart      cmsis_os.o
    0x08007500   0x08007500   0x00000020   Code   RO          945    i.parseGNRMC        gps.o
    0x08007520   0x08007520   0x00000070   Code   RO         4108    i.prvAddCurrentTaskToDelayedList  tasks.o
    0x08007590   0x08007590   0x000000d0   Code   RO         4109    i.prvAddNewTaskToReadyList  tasks.o
    0x08007660   0x08007660   0x00000058   Code   RO         4407    i.prvCheckForValidListAndQueue  timers.o
    0x080076b8   0x080076b8   0x00000026   Code   RO         3787    i.prvCopyDataFromQueue  queue.o
    0x080076de   0x080076de   0x0000006c   Code   RO         3788    i.prvCopyDataToQueue  queue.o
    0x0800774a   0x0800774a   0x00000034   Code   RO         4110    i.prvDeleteTCB      tasks.o
    0x0800777e   0x0800777e   0x00000002   PAD
    0x08007780   0x08007780   0x0000004c   Code   RO         4893    i.prvHeapInit       heap_4.o
    0x080077cc   0x080077cc   0x00000060   Code   RO         4111    i.prvIdleTask       tasks.o
    0x0800782c   0x0800782c   0x00000016   Code   RO         3790    i.prvInitialiseNewQueue  queue.o
    0x08007842   0x08007842   0x0000008e   Code   RO         4112    i.prvInitialiseNewTask  tasks.o
    0x080078d0   0x080078d0   0x00000044   Code   RO         4408    i.prvInitialiseNewTimer  timers.o
    0x08007914   0x08007914   0x0000004c   Code   RO         4894    i.prvInsertBlockIntoFreeList  heap_4.o
    0x08007960   0x08007960   0x00000038   Code   RO         4409    i.prvInsertTimerInActiveList  timers.o
    0x08007998   0x08007998   0x0000001c   Code   RO         3791    i.prvIsQueueEmpty   queue.o
    0x080079b4   0x080079b4   0x000000bc   Code   RO         4410    i.prvProcessReceivedCommands  timers.o
    0x08007a70   0x08007a70   0x000000b4   Code   RO         4411    i.prvProcessTimerOrBlockTask  timers.o
    0x08007b24   0x08007b24   0x00000020   Code   RO         4113    i.prvResetNextTaskUnblockTime  tasks.o
    0x08007b44   0x08007b44   0x00000028   Code   RO         4412    i.prvSampleTimeNow  timers.o
    0x08007b6c   0x08007b6c   0x0000006c   Code   RO         4413    i.prvSwitchTimerLists  timers.o
    0x08007bd8   0x08007bd8   0x00000028   Code   RO         4944    i.prvTaskExitError  port.o
    0x08007c00   0x08007c00   0x00000034   Code   RO         4114    i.prvTaskIsTaskSuspended  tasks.o
    0x08007c34   0x08007c34   0x00000014   Code   RO         3652    i.prvTestWaitCondition  event_groups.o
    0x08007c48   0x08007c48   0x00000024   Code   RO         4414    i.prvTimerTask      timers.o
    0x08007c6c   0x08007c6c   0x0000006a   Code   RO         3792    i.prvUnlockQueue    queue.o
    0x08007cd6   0x08007cd6   0x00000002   PAD
    0x08007cd8   0x08007cd8   0x000000d8   Code   RO         4895    i.pvPortMalloc      heap_4.o
    0x08007db0   0x08007db0   0x00000018   Code   RO         4115    i.pvTaskIncrementMutexHeldCount  tasks.o
    0x08007dc8   0x08007dc8   0x00000024   Code   RO         4945    i.pxPortInitialiseStack  port.o
    0x08007dec   0x08007dec   0x000000a0   Code   RO         5167    i.sin               m_ws.l(sin.o)
    0x08007e8c   0x08007e8c   0x0000004c   Code   RO         5254    i.sqrt              m_ws.l(sqrt.o)
    0x08007ed8   0x08007ed8   0x0000002c   Code   RO          946    i.substring         gps.o
    0x08007f04   0x08007f04   0x00000020   Code   RO         1025    i.to_degrees        edgeprocessing.o
    0x08007f24   0x08007f24   0x00000026   Code   RO         3747    i.uxListRemove      list.o
    0x08007f4a   0x08007f4a   0x00000002   PAD
    0x08007f4c   0x08007f4c   0x00000018   Code   RO         4120    i.uxTaskResetEventItemValue  tasks.o
    0x08007f64   0x08007f64   0x00000014   Code   RO          270    i.vApplicationGetIdleTaskMemory  freertos.o
    0x08007f78   0x08007f78   0x00000018   Code   RO          271    i.vApplicationGetTimerTaskMemory  freertos.o
    0x08007f90   0x08007f90   0x00000016   Code   RO         3748    i.vListInitialise   list.o
    0x08007fa6   0x08007fa6   0x00000006   Code   RO         3749    i.vListInitialiseItem  list.o
    0x08007fac   0x08007fac   0x00000030   Code   RO         3750    i.vListInsert       list.o
    0x08007fdc   0x08007fdc   0x00000018   Code   RO         3751    i.vListInsertEnd    list.o
    0x08007ff4   0x08007ff4   0x00000040   Code   RO         4947    i.vPortEnterCritical  port.o
    0x08008034   0x08008034   0x00000028   Code   RO         4948    i.vPortExitCritical  port.o
    0x0800805c   0x0800805c   0x0000005c   Code   RO         4896    i.vPortFree         heap_4.o
    0x080080b8   0x080080b8   0x00000024   Code   RO         4949    i.vPortSetupTimerInterrupt  port.o
    0x080080dc   0x080080dc   0x00000054   Code   RO         4950    i.vPortValidateInterruptPriority  port.o
    0x08008130   0x08008130   0x00000028   Code   RO         3796    i.vQueueAddToRegistry  queue.o
    0x08008158   0x08008158   0x00000044   Code   RO         3799    i.vQueueWaitForMessageRestricted  queue.o
    0x0800819c   0x0800819c   0x0000004c   Code   RO         4121    i.vTaskDelay        tasks.o
    0x080081e8   0x080081e8   0x00000010   Code   RO         4124    i.vTaskInternalSetTimeOutState  tasks.o
    0x080081f8   0x080081f8   0x0000000c   Code   RO         4125    i.vTaskMissedYield  tasks.o
    0x08008204   0x08008204   0x00000030   Code   RO         4127    i.vTaskPlaceOnEventList  tasks.o
    0x08008234   0x08008234   0x00000038   Code   RO         4128    i.vTaskPlaceOnEventListRestricted  tasks.o
    0x0800826c   0x0800826c   0x00000050   Code   RO         4129    i.vTaskPlaceOnUnorderedEventList  tasks.o
    0x080082bc   0x080082bc   0x000000a8   Code   RO         4130    i.vTaskPriorityDisinheritAfterTimeout  tasks.o
    0x08008364   0x08008364   0x00000070   Code   RO         4132    i.vTaskRemoveFromUnorderedEventList  tasks.o
    0x080083d4   0x080083d4   0x0000007c   Code   RO         4133    i.vTaskResume       tasks.o
    0x08008450   0x08008450   0x00000088   Code   RO         4135    i.vTaskStartScheduler  tasks.o
    0x080084d8   0x080084d8   0x000000bc   Code   RO         4136    i.vTaskSuspend      tasks.o
    0x08008594   0x08008594   0x00000010   Code   RO         4137    i.vTaskSuspendAll   tasks.o
    0x080085a4   0x080085a4   0x0000005c   Code   RO         4138    i.vTaskSwitchContext  tasks.o
    0x08008600   0x08008600   0x0000001c   Code   RO         3657    i.xEventGroupCreate  event_groups.o
    0x0800861c   0x0800861c   0x0000008c   Code   RO         3660    i.xEventGroupSetBits  event_groups.o
    0x080086a8   0x080086a8   0x00000108   Code   RO         3662    i.xEventGroupWaitBits  event_groups.o
    0x080087b0   0x080087b0   0x000000a8   Code   RO         4951    i.xPortStartScheduler  port.o
    0x08008858   0x08008858   0x00000048   Code   RO         3802    i.xQueueGenericCreate  queue.o
    0x080088a0   0x080088a0   0x00000066   Code   RO         3803    i.xQueueGenericCreateStatic  queue.o
    0x08008906   0x08008906   0x00000002   PAD
    0x08008908   0x08008908   0x00000088   Code   RO         3804    i.xQueueGenericReset  queue.o
    0x08008990   0x08008990   0x00000160   Code   RO         3805    i.xQueueGenericSend  queue.o
    0x08008af0   0x08008af0   0x000000bc   Code   RO         3806    i.xQueueGenericSendFromISR  queue.o
    0x08008bac   0x08008bac   0x0000009c   Code   RO         3807    i.xQueueGiveFromISR  queue.o
    0x08008c48   0x08008c48   0x00000138   Code   RO         3812    i.xQueueReceive     queue.o
    0x08008d80   0x08008d80   0x0000009a   Code   RO         3813    i.xQueueReceiveFromISR  queue.o
    0x08008e1a   0x08008e1a   0x00000002   PAD
    0x08008e1c   0x08008e1c   0x00000178   Code   RO         3814    i.xQueueSemaphoreTake  queue.o
    0x08008f94   0x08008f94   0x00000074   Code   RO         4139    i.xTaskCheckForTimeOut  tasks.o
    0x08009008   0x08009008   0x0000005a   Code   RO         4140    i.xTaskCreate       tasks.o
    0x08009062   0x08009062   0x00000056   Code   RO         4141    i.xTaskCreateStatic  tasks.o
    0x080090b8   0x080090b8   0x0000001c   Code   RO         4145    i.xTaskGetSchedulerState  tasks.o
    0x080090d4   0x080090d4   0x0000000c   Code   RO         4146    i.xTaskGetTickCount  tasks.o
    0x080090e0   0x080090e0   0x000000c8   Code   RO         4148    i.xTaskIncrementTick  tasks.o
    0x080091a8   0x080091a8   0x00000098   Code   RO         4151    i.xTaskPriorityDisinherit  tasks.o
    0x08009240   0x08009240   0x00000094   Code   RO         4152    i.xTaskPriorityInherit  tasks.o
    0x080092d4   0x080092d4   0x00000074   Code   RO         4153    i.xTaskRemoveFromEventList  tasks.o
    0x08009348   0x08009348   0x000000c4   Code   RO         4154    i.xTaskResumeAll    tasks.o
    0x0800940c   0x0800940c   0x00000088   Code   RO         4155    i.xTaskResumeFromISR  tasks.o
    0x08009494   0x08009494   0x00000034   Code   RO         4417    i.xTimerCreate      timers.o
    0x080094c8   0x080094c8   0x0000002e   Code   RO         4418    i.xTimerCreateStatic  timers.o
    0x080094f6   0x080094f6   0x00000002   PAD
    0x080094f8   0x080094f8   0x00000060   Code   RO         4419    i.xTimerCreateTimerTask  timers.o
    0x08009558   0x08009558   0x00000060   Code   RO         4420    i.xTimerGenericCommand  timers.o
    0x080095b8   0x080095b8   0x0000002c   Code   RO         5290    locale$$code        c_w.l(lc_numeric_c.o)
    0x080095e4   0x080095e4   0x0000002c   Code   RO         5312    locale$$code        c_w.l(lc_ctype_c.o)
    0x08009610   0x08009610   0x00000062   Code   RO         5106    x$fpl$d2f           fz_ws.l(d2f.o)
    0x08009672   0x08009672   0x00000002   PAD
    0x08009674   0x08009674   0x00000150   Code   RO         5108    x$fpl$dadd          fz_ws.l(daddsub_clz.o)
    0x080097c4   0x080097c4   0x00000010   Code   RO         5292    x$fpl$dcheck1       fz_ws.l(dcheck1.o)
    0x080097d4   0x080097d4   0x00000018   Code   RO         5294    x$fpl$dcmpinf       fz_ws.l(dcmpi.o)
    0x080097ec   0x080097ec   0x000002b0   Code   RO         5115    x$fpl$ddiv          fz_ws.l(ddiv.o)
    0x08009a9c   0x08009a9c   0x00000078   Code   RO         5197    x$fpl$deqf          fz_ws.l(deqf.o)
    0x08009b14   0x08009b14   0x0000005e   Code   RO         5118    x$fpl$dfix          fz_ws.l(dfix.o)
    0x08009b72   0x08009b72   0x00000002   PAD
    0x08009b74   0x08009b74   0x0000005a   Code   RO         5122    x$fpl$dfixu         fz_ws.l(dfixu.o)
    0x08009bce   0x08009bce   0x0000002e   Code   RO         5127    x$fpl$dflt          fz_ws.l(dflt_clz.o)
    0x08009bfc   0x08009bfc   0x00000026   Code   RO         5126    x$fpl$dfltu         fz_ws.l(dflt_clz.o)
    0x08009c22   0x08009c22   0x00000002   PAD
    0x08009c24   0x08009c24   0x00000078   Code   RO         5199    x$fpl$dleqf         fz_ws.l(dleqf.o)
    0x08009c9c   0x08009c9c   0x00000154   Code   RO         5132    x$fpl$dmul          fz_ws.l(dmul.o)
    0x08009df0   0x08009df0   0x0000009c   Code   RO         5201    x$fpl$dnaninf       fz_ws.l(dnaninf.o)
    0x08009e8c   0x08009e8c   0x0000000c   Code   RO         5203    x$fpl$dretinf       fz_ws.l(dretinf.o)
    0x08009e98   0x08009e98   0x0000006c   Code   RO         5134    x$fpl$drleqf        fz_ws.l(drleqf.o)
    0x08009f04   0x08009f04   0x00000016   Code   RO         5109    x$fpl$drsb          fz_ws.l(daddsub_clz.o)
    0x08009f1a   0x08009f1a   0x00000002   PAD
    0x08009f1c   0x08009f1c   0x000001cc   Code   RO         5296    x$fpl$dsqrt         fz_ws.l(dsqrt_noumaal.o)
    0x0800a0e8   0x0800a0e8   0x000001d4   Code   RO         5110    x$fpl$dsub          fz_ws.l(daddsub_clz.o)
    0x0800a2bc   0x0800a2bc   0x0000000a   Code   RO         5205    x$fpl$fretinf       fz_ws.l(fretinf.o)
    0x0800a2c6   0x0800a2c6   0x00000006   Code   RO         5406    x$fpl$ieeestatus    fz_ws.l(istatus.o)
    0x0800a2cc   0x0800a2cc   0x00000064   Code   RO         5369    x$fpl$retnan        fz_ws.l(retnan.o)
    0x0800a330   0x0800a330   0x0000005c   Code   RO         5207    x$fpl$scalbn        fz_ws.l(scalbn.o)
    0x0800a38c   0x0800a38c   0x00000004   Code   RO         5298    x$fpl$scanf1        fz_ws.l(scanf1.o)
    0x0800a390   0x0800a390   0x00000008   Code   RO         5408    x$fpl$scanf2        fz_ws.l(scanf2.o)
    0x0800a398   0x0800a398   0x00000030   Code   RO         5414    x$fpl$trapveneer    fz_ws.l(trapv.o)
    0x0800a3c8   0x0800a3c8   0x00000000   Code   RO         5209    x$fpl$usenofp       fz_ws.l(usenofp.o)
    0x0800a3c8   0x0800a3c8   0x0000005c   Data   RO          273    .constdata          freertos.o
    0x0800a424   0x0800a424   0x00000012   Data   RO         1453    .constdata          stm32f1xx_hal_rcc.o
    0x0800a436   0x0800a436   0x00000010   Data   RO         3610    .constdata          system_stm32f1xx.o
    0x0800a446   0x0800a446   0x00000008   Data   RO         3611    .constdata          system_stm32f1xx.o
    0x0800a44e   0x0800a44e   0x00000028   Data   RO         5041    .constdata          c_w.l(_printf_hex_int.o)
    0x0800a476   0x0800a476   0x00000011   Data   RO         5071    .constdata          c_w.l(__printf_flags_wp.o)
    0x0800a487   0x0800a487   0x00000001   PAD
    0x0800a488   0x0800a488   0x00000050   Data   RO         5138    .constdata          m_ws.l(asin.o)
    0x0800a4d8   0x0800a4d8   0x00000098   Data   RO         5212    .constdata          m_ws.l(atan.o)
    0x0800a570   0x0800a570   0x00000030   Data   RO         5221    .constdata          m_ws.l(cos_i.o)
    0x0800a5a0   0x0800a5a0   0x00000008   Data   RO         5241    .constdata          m_ws.l(qnan.o)
    0x0800a5a8   0x0800a5a8   0x000000c8   Data   RO         5244    .constdata          m_ws.l(rred.o)
    0x0800a670   0x0800a670   0x00000028   Data   RO         5248    .constdata          m_ws.l(sin_i.o)
    0x0800a698   0x0800a698   0x00000094   Data   RO         5374    .constdata          c_w.l(bigflt0.o)
    0x0800a72c   0x0800a72c   0x00000026   Data   RO          274    .conststring        freertos.o
    0x0800a752   0x0800a752   0x00000002   PAD
    0x0800a754   0x0800a754   0x00000051   Data   RO          901    .conststring        rtk_usart_it.o
    0x0800a7a5   0x0800a7a5   0x00000003   PAD
    0x0800a7a8   0x0800a7a8   0x00000020   Data   RO         5515    Region$$Table       anon$$obj.o
    0x0800a7c8   0x0800a7c8   0x00000008   Data   RO         5400    c$$dinf             fz_ws.l(fpconst.o)
    0x0800a7d0   0x0800a7d0   0x00000008   Data   RO         5403    c$$dmax             fz_ws.l(fpconst.o)
    0x0800a7d8   0x0800a7d8   0x0000001c   Data   RO         5289    locale$$data        c_w.l(lc_numeric_c.o)
    0x0800a7f4   0x0800a7f4   0x00000110   Data   RO         5311    locale$$data        c_w.l(lc_ctype_c.o)


    Execution Region RW_IRAM1 (Exec base: 0x20000000, Load base: 0x0800a904, Size: 0x00009ed0, Max: 0x0000bf00, ABSOLUTE, COMPRESSED[0x00000044])

    Exec Addr    Load Addr    Size         Type   Attr      Idx    E Section Name        Object

    0x20000000   COMPRESSED   0x00000001   Data   RW           17    .data               main.o
    0x20000001   COMPRESSED   0x00000003   PAD
    0x20000004   COMPRESSED   0x00000028   Data   RW          275    .data               freertos.o
    0x2000002c   COMPRESSED   0x00000004   PAD
    0x20000030   COMPRESSED   0x00000030   Data   RW          753    .data               uppercom_usart.o
    0x20000060   COMPRESSED   0x00000008   Data   RW          754    .data               uppercom_usart.o
    0x20000068   COMPRESSED   0x0000001b   Data   RW          810    .data               slave_usart.o
    0x20000083   COMPRESSED   0x00000001   PAD
    0x20000084   COMPRESSED   0x00000008   Data   RW          862    .data               uav_pump.o
    0x2000008c   COMPRESSED   0x00000001   Data   RW          902    .data               rtk_usart_it.o
    0x2000008d   COMPRESSED   0x00000003   PAD
    0x20000090   COMPRESSED   0x00000004   Data   RW          950    .data               gps.o
    0x20000094   COMPRESSED   0x00000004   PAD
    0x20000098   COMPRESSED   0x00000040   Data   RW         1027    .data               edgeprocessing.o
    0x200000d8   COMPRESSED   0x00000003   Data   RW         1139    .data               tim_it.o
    0x200000db   COMPRESSED   0x00000001   PAD
    0x200000dc   COMPRESSED   0x0000000c   Data   RW         1290    .data               stm32f1xx_hal.o
    0x200000e8   COMPRESSED   0x00000004   Data   RW         3612    .data               system_stm32f1xx.o
    0x200000ec   COMPRESSED   0x0000003c   Data   RW         4157    .data               tasks.o
    0x20000128   COMPRESSED   0x00000014   Data   RW         4426    .data               timers.o
    0x2000013c   COMPRESSED   0x00000018   Data   RW         4901    .data               heap_4.o
    0x20000154   COMPRESSED   0x0000000c   Data   RW         4952    .data               port.o
    0x20000160        -       0x000006a8   Zero   RW          272    .bss                freertos.o
    0x20000808        -       0x0000000c   Zero   RW          379    .bss                iwdg.o
    0x20000814        -       0x000000d8   Zero   RW          413    .bss                tim.o
    0x200008ec        -       0x000002b8   Zero   RW          471    .bss                usart.o
    0x20000ba4        -       0x00000048   Zero   RW          714    .bss                stm32f1xx_hal_timebase_tim.o
    0x20000bec        -       0x00000385   Zero   RW          752    .bss                uppercom_usart.o
    0x20000f71        -       0x000001a6   Zero   RW          809    .bss                slave_usart.o
    0x20001117        -       0x00000191   Zero   RW          900    .bss                rtk_usart_it.o
    0x200012a8        -       0x000002da   Zero   RW          949    .bss                gps.o
    0x20001582   COMPRESSED   0x00000006   PAD
    0x20001588        -       0x000000b0   Zero   RW         1026    .bss                edgeprocessing.o
    0x20001638        -       0x00000800   Zero   RW         1094    .bss                flash.o
    0x20001e38        -       0x00000020   Zero   RW         1996    .bss                stm32f1xx_hal_flash.o
    0x20001e58        -       0x00000040   Zero   RW         3815    .bss                queue.o
    0x20001e98        -       0x000000f0   Zero   RW         4156    .bss                tasks.o
    0x20001f88        -       0x000000e8   Zero   RW         4425    .bss                timers.o
    0x20002070        -       0x00007800   Zero   RW         4900    .bss                heap_4.o
    0x20009870        -       0x00000060   Zero   RW         5262    .bss                c_w.l(libspace.o)
    0x200098d0        -       0x00000200   Zero   RW            2    HEAP                startup_stm32f103xe.o
    0x20009ad0        -       0x00000400   Zero   RW            1    STACK               startup_stm32f103xe.o


    Execution Region RW_IRAM2 (Exec base: 0x2000bf00, Load base: 0x0800a948, Size: 0x00000014, Max: 0x00000100, ABSOLUTE, UNINIT)

    Exec Addr    Load Addr    Size         Type   Attr      Idx    E Section Name        Object

    0x2000bf00        -       0x00000001   Zero   RW          947    .ARM.__AT_0x2000BF00  gps.o
    0x2000bf01   0x0800a948   0x0000000f   PAD
    0x2000bf10        -       0x00000001   Zero   RW          948    .ARM.__AT_0x2000BF10  gps.o


==============================================================================

Image component sizes


      Code (inc. data)   RO Data    RW Data    ZI Data      Debug   Object Name

       592         24          0          0          0      26022   cmsis_os.o
       140          4          0          0          0        802   dma.o
      1044         94          0         64        176       5625   edgeprocessing.o
       452          4          0          0          0      24175   event_groups.o
       388         18          0          0       2048       3420   flash.o
       716         74        130         40       1704       6192   freertos.o
       256         18          0          0          0        975   gpio.o
      1624        228          0          4        732      11302   gps.o
       460         24          0         24      30720       4591   heap_4.o
         2          0          0          0         12        591   iwdg.o
       138          0          0          0          0       3318   list.o
       516         98          0          1          0     531025   main.o
       662         70          0         12          0      10973   port.o
      2258         24          0          0         64      19651   queue.o
       756         82         81          1        401       3142   rtk_usart_it.o
       544         58          0         27        422       4591   slave_usart.o
        64         26        304          0       1536        796   startup_stm32f103xe.o
       100         18          0         12          0       5746   stm32f1xx_hal.o
       234         24          0          0          0      29430   stm32f1xx_hal_cortex.o
      1236         52          0          0          0       5014   stm32f1xx_hal_dma.o
       392         46          0          0         32       4610   stm32f1xx_hal_flash.o
       240         26          0          0          0       3189   stm32f1xx_hal_flash_ex.o
       530         42          0          0          0       3457   stm32f1xx_hal_gpio.o
       102          0          0          0          0       1791   stm32f1xx_hal_iwdg.o
        72         10          0          0          0        842   stm32f1xx_hal_msp.o
      1316        100         18          0          0       6061   stm32f1xx_hal_rcc.o
      1848         80          0          0          0      14376   stm32f1xx_hal_tim.o
       128         20          0          0          0       2341   stm32f1xx_hal_tim_ex.o
       152         20          0          0         72       1431   stm32f1xx_hal_timebase_tim.o
      2304         38          0          0          0      18295   stm32f1xx_hal_uart.o
       204         78          0          0          0       8596   stm32f1xx_it.o
         0          0          0          0          0        412   stream_buffer.o
         2          0         24          4          0       1071   system_stm32f1xx.o
      3146        236          0         60        240      31096   tasks.o
       508         44          0          0        216       3024   tim.o
       112         22          0          3          0        994   tim_it.o
      1054         78          0         20        232      29023   timers.o
       158         20          0          8          0       1953   uav_pump.o
       992         76          0         56        901       4058   uppercom_usart.o
       966         92          0          0        696       6379   usart.o

    ----------------------------------------------------------------------
     26460       1968        594        352      40228     840380   Object Totals
         0          0         32          0          0          0   (incl. Generated)
        52          0          5         16         24          0   (incl. Padding)

    ----------------------------------------------------------------------

      Code (inc. data)   RO Data    RW Data    ZI Data      Debug   Library Member Name

        90          0          0          0          0          0   __dczerorl2.o
         8          0          0          0          0         68   __main.o
       312          4         17          0          0         92   __printf_flags_wp.o
        14          0          0          0          0         68   __printf_wp.o
         0          0          0          0          0          0   __rtentry.o
        12          0          0          0          0          0   __rtentry2.o
         6          0          0          0          0          0   __rtentry4.o
        52          8          0          0          0          0   __scatter.o
        28          0          0          0          0          0   __scatter_zi.o
        28          0          0          0          0         68   _chval.o
        44          0          0          0          0        108   _printf_char.o
        48          6          0          0          0         96   _printf_char_common.o
         6          0          0          0          0          0   _printf_d.o
       120         16          0          0          0         92   _printf_dec.o
        88          4         40          0          0         88   _printf_hex_int.o
       178          0          0          0          0         88   _printf_intcommon.o
        78          0          0          0          0        108   _printf_pad.o
         0          0          0          0          0          0   _printf_percent.o
         4          0          0          0          0          0   _printf_percent_end.o
         6          0          0          0          0          0   _printf_s.o
        82          0          0          0          0         80   _printf_str.o
         6          0          0          0          0          0   _printf_x.o
        22          0          0          0          0        100   _rserrno.o
        64          0          0          0          0         84   _sgetc.o
        10          0          0          0          0         68   _sputc.o
       158          0          0          0          0         92   _strtoul.o
        26          0          0          0          0         80   atoi.o
       228          4        148          0          0         96   bigflt0.o
      1924        136          0          0          0        756   btod.o
        18          0          0          0          0         80   exit.o
         6          0          0          0          0        152   heapauxi.o
        18          0          0          0          0         76   isspace.o
        44         10        272          0          0         76   lc_ctype_c.o
        44         10         28          0          0         76   lc_numeric_c.o
         2          0          0          0          0          0   libinit.o
        30          0          0          0          0          0   libinit2.o
         2          0          0          0          0          0   libshutdown.o
         2          0          0          0          0          0   libshutdown2.o
         8          4          0          0         96         68   libspace.o
        38          0          0          0          0         68   llshl.o
        38          0          0          0          0         68   llushr.o
        40          6          0          0          0         84   noretval__2sprintf.o
        16          4          0          0          0         76   rt_ctype_table.o
         8          4          0          0          0         68   rt_errno_addr_intlibspace.o
         8          4          0          0          0         68   rt_locale_intlibspace.o
        68          0          0          0          0         68   rt_memclr.o
        78          0          0          0          0         80   rt_memclr_w.o
       138          0          0          0          0         68   rt_memcpy_v6.o
       100          0          0          0          0         80   rt_memcpy_w.o
         2          0          0          0          0          0   rtexit.o
        10          0          0          0          0          0   rtexit2.o
      1272         16          0          0          0        168   scanf_fp.o
       800         14          0          0          0        100   scanf_hexfp.o
       308         16          0          0          0        100   scanf_infnan.o
        20          0          0          0          0         68   strchr.o
       128          0          0          0          0         68   strcmpv7m.o
        62          0          0          0          0         76   strlen.o
       150          0          0          0          0         80   strncmp.o
        86          0          0          0          0         76   strncpy.o
       164         14          0          0          0        120   strtod.o
       112          0          0          0          0         88   strtol.o
        74          0          0          0          0         80   sys_stackheap_outer.o
         2          0          0          0          0         68   use_no_semi.o
         2          0          0          0          0         68   use_no_semi_2.o
        98          4          0          0          0         92   d2f.o
       826         16          0          0          0        348   daddsub_clz.o
        16          4          0          0          0         68   dcheck1.o
        24          0          0          0          0         68   dcmpi.o
       688        140          0          0          0        208   ddiv.o
       120          4          0          0          0         92   deqf.o
        94          4          0          0          0         92   dfix.o
        90          4          0          0          0         92   dfixu.o
        84          0          0          0          0        136   dflt_clz.o
       120          4          0          0          0         92   dleqf.o
       340         12          0          0          0        104   dmul.o
       156          4          0          0          0         92   dnaninf.o
        12          0          0          0          0         68   dretinf.o
       108          0          0          0          0         80   drleqf.o
       460         56          0          0          0        120   dsqrt_noumaal.o
         0          0         16          0          0          0   fpconst.o
        10          0          0          0          0         68   fretinf.o
         6          0          0          0          0         68   istatus.o
       100          0          0          0          0         68   retnan.o
        92          0          0          0          0         68   scalbn.o
         4          0          0          0          0         68   scanf1.o
         8          0          0          0          0         84   scanf2.o
        48          0          0          0          0         68   trapv.o
         0          0          0          0          0          0   usenofp.o
       624         52         80          0          0        168   asin.o
       544         70        152          0          0        124   atan.o
       412         38          0          0          0        144   atan2.o
        42          0          0          0          0         84   atof.o
       156          8          0          0          0        104   cos.o
       252         22         48          0          0        124   cos_i.o
        52          6          0          0          0        340   dunder.o
        40          0          0          0          0         68   fpclassify.o
        88          8          0          0          0         76   frexp.o
       138          0          0          0          0        160   ldexp.o
       204          4          0          0          0        168   narrow.o
       170          0          0          0          0         96   poly.o
         0          0          8          0          0          0   qnan.o
       904         76        200          0          0        140   rred.o
       160         10          0          0          0        108   sin.o
       236         12         40          0          0        128   sin_i.o
        76          0          0          0          0         84   sqrt.o

    ----------------------------------------------------------------------
     15164        840       1050          0         96       9008   Library Totals
        22          2          1          0          0          0   (incl. Padding)

    ----------------------------------------------------------------------

      Code (inc. data)   RO Data    RW Data    ZI Data      Debug   Library Name

      7540        280        505          0         96       4648   c_w.l
      3504        252         16          0          0       2244   fz_ws.l
      4098        306        528          0          0       2116   m_ws.l

    ----------------------------------------------------------------------
     15164        840       1050          0         96       9008   Library Totals

    ----------------------------------------------------------------------

==============================================================================


      Code (inc. data)   RO Data    RW Data    ZI Data      Debug   

     41624       2808       1644        352      40324     831392   Grand Totals
     41624       2808       1644         68      40324     831392   ELF Image Totals (compressed)
     41624       2808       1644         68          0          0   ROM Totals

==============================================================================

    Total RO  Size (Code + RO Data)                43268 (  42.25kB)
    Total RW  Size (RW Data + ZI Data)             40676 (  39.72kB)
    Total ROM Size (Code + RO Data + RW Data)      43336 (  42.32kB)

==============================================================================

