Component: ARM Compiler 5.06 update 4 (build 422) Tool: armlink [4d35d2]

==============================================================================

Section Cross References

    startup_stm32f103xe.o(STACK) refers (Special) to heapauxi.o(.text) for __use_two_region_memory
    startup_stm32f103xe.o(HEAP) refers (Special) to heapauxi.o(.text) for __use_two_region_memory
    startup_stm32f103xe.o(RESET) refers (Special) to heapauxi.o(.text) for __use_two_region_memory
    startup_stm32f103xe.o(RESET) refers to startup_stm32f103xe.o(STACK) for __initial_sp
    startup_stm32f103xe.o(RESET) refers to startup_stm32f103xe.o(.text) for Reset_Handler
    startup_stm32f103xe.o(RESET) refers to stm32f1xx_it.o(i.NMI_Handler) for NMI_Handler
    startup_stm32f103xe.o(RESET) refers to stm32f1xx_it.o(i.HardFault_Handler) for HardFault_Handler
    startup_stm32f103xe.o(RESET) refers to stm32f1xx_it.o(i.MemManage_Handler) for MemManage_Handler
    startup_stm32f103xe.o(RESET) refers to stm32f1xx_it.o(i.BusFault_Handler) for BusFault_Handler
    startup_stm32f103xe.o(RESET) refers to stm32f1xx_it.o(i.UsageFault_Handler) for UsageFault_Handler
    startup_stm32f103xe.o(RESET) refers to port.o(.emb_text) for SVC_Handler
    startup_stm32f103xe.o(RESET) refers to stm32f1xx_it.o(i.DebugMon_Handler) for DebugMon_Handler
    startup_stm32f103xe.o(RESET) refers to port.o(i.SysTick_Handler) for SysTick_Handler
    startup_stm32f103xe.o(RESET) refers to stm32f1xx_it.o(i.DMA1_Channel2_IRQHandler) for DMA1_Channel2_IRQHandler
    startup_stm32f103xe.o(RESET) refers to stm32f1xx_it.o(i.DMA1_Channel3_IRQHandler) for DMA1_Channel3_IRQHandler
    startup_stm32f103xe.o(RESET) refers to stm32f1xx_it.o(i.DMA1_Channel4_IRQHandler) for DMA1_Channel4_IRQHandler
    startup_stm32f103xe.o(RESET) refers to stm32f1xx_it.o(i.DMA1_Channel5_IRQHandler) for DMA1_Channel5_IRQHandler
    startup_stm32f103xe.o(RESET) refers to stm32f1xx_it.o(i.TIM3_IRQHandler) for TIM3_IRQHandler
    startup_stm32f103xe.o(RESET) refers to stm32f1xx_it.o(i.TIM4_IRQHandler) for TIM4_IRQHandler
    startup_stm32f103xe.o(RESET) refers to stm32f1xx_it.o(i.USART1_IRQHandler) for USART1_IRQHandler
    startup_stm32f103xe.o(RESET) refers to stm32f1xx_it.o(i.USART2_IRQHandler) for USART2_IRQHandler
    startup_stm32f103xe.o(RESET) refers to stm32f1xx_it.o(i.USART3_IRQHandler) for USART3_IRQHandler
    startup_stm32f103xe.o(RESET) refers to stm32f1xx_it.o(i.UART4_IRQHandler) for UART4_IRQHandler
    startup_stm32f103xe.o(RESET) refers to stm32f1xx_it.o(i.TIM6_IRQHandler) for TIM6_IRQHandler
    startup_stm32f103xe.o(RESET) refers to stm32f1xx_it.o(i.TIM7_IRQHandler) for TIM7_IRQHandler
    startup_stm32f103xe.o(RESET) refers to stm32f1xx_it.o(i.DMA2_Channel3_IRQHandler) for DMA2_Channel3_IRQHandler
    startup_stm32f103xe.o(RESET) refers to stm32f1xx_it.o(i.DMA2_Channel4_5_IRQHandler) for DMA2_Channel4_5_IRQHandler
    startup_stm32f103xe.o(.text) refers (Special) to heapauxi.o(.text) for __use_two_region_memory
    startup_stm32f103xe.o(.text) refers to system_stm32f1xx.o(i.SystemInit) for SystemInit
    startup_stm32f103xe.o(.text) refers to __main.o(!!!main) for __main
    startup_stm32f103xe.o(.text) refers to startup_stm32f103xe.o(HEAP) for Heap_Mem
    startup_stm32f103xe.o(.text) refers to startup_stm32f103xe.o(STACK) for Stack_Mem
    main.o(i.HAL_TIM_PeriodElapsedCallback) refers to stm32f1xx_hal.o(i.HAL_IncTick) for HAL_IncTick
    main.o(i.HAL_TIM_PeriodElapsedCallback) refers to tim_it.o(i.TIM7_PeriodElapsedCallback) for TIM7_PeriodElapsedCallback
    main.o(i.HAL_TIM_PeriodElapsedCallback) refers to tim_it.o(i.TIM4_PeriodElapsedCallback) for TIM4_PeriodElapsedCallback
    main.o(i.SystemClock_Config) refers to rt_memclr_w.o(.text) for __aeabi_memclr4
    main.o(i.SystemClock_Config) refers to stm32f1xx_hal_rcc.o(i.HAL_RCC_OscConfig) for HAL_RCC_OscConfig
    main.o(i.SystemClock_Config) refers to stm32f1xx_hal_rcc.o(i.HAL_RCC_ClockConfig) for HAL_RCC_ClockConfig
    main.o(i.main) refers to _printf_percent.o(.ARM.Collect$$_printf_percent$$00000000) for _printf_percent
    main.o(i.main) refers to _printf_d.o(.ARM.Collect$$_printf_percent$$00000009) for _printf_d
    main.o(i.main) refers to _printf_dec.o(.text) for _printf_int_dec
    main.o(i.main) refers to _printf_f.o(.ARM.Collect$$_printf_percent$$00000003) for _printf_f
    main.o(i.main) refers to printf1.o(x$fpl$printf1) for _printf_fp_dec
    main.o(i.main) refers to stm32f1xx_hal.o(i.HAL_Init) for HAL_Init
    main.o(i.main) refers to main.o(i.SystemClock_Config) for SystemClock_Config
    main.o(i.main) refers to gpio.o(i.MX_GPIO_Init) for MX_GPIO_Init
    main.o(i.main) refers to dma.o(i.MX_DMA_Init) for MX_DMA_Init
    main.o(i.main) refers to usart.o(i.MX_USART1_UART_Init) for MX_USART1_UART_Init
    main.o(i.main) refers to iwdg.o(i.MX_IWDG_Init) for MX_IWDG_Init
    main.o(i.main) refers to usart.o(i.MX_USART3_UART_Init) for MX_USART3_UART_Init
[...]
    HAL_InitTick                             0x080032f9   Thumb Code   132  stm32f1xx_hal_timebase_tim.o(i.HAL_InitTick)
    HAL_MspInit                              0x08003391   Thumb Code    62  stm32f1xx_hal_msp.o(i.HAL_MspInit)
    HAL_NVIC_EnableIRQ                       0x080033d9   Thumb Code    26  stm32f1xx_hal_cortex.o(i.HAL_NVIC_EnableIRQ)
    HAL_NVIC_SetPriority                     0x080033f5   Thumb Code    60  stm32f1xx_hal_cortex.o(i.HAL_NVIC_SetPriority)
    HAL_NVIC_SetPriorityGrouping             0x08003435   Thumb Code    26  stm32f1xx_hal_cortex.o(i.HAL_NVIC_SetPriorityGrouping)
    HAL_NVIC_SystemReset                     0x08003459   Thumb Code    26  stm32f1xx_hal_cortex.o(i.HAL_NVIC_SystemReset)
    HAL_RCC_ClockConfig                      0x0800347d   Thumb Code   280  stm32f1xx_hal_rcc.o(i.HAL_RCC_ClockConfig)
    HAL_RCC_GetClockConfig                   0x080035a9   Thumb Code    54  stm32f1xx_hal_rcc.o(i.HAL_RCC_GetClockConfig)
    HAL_RCC_GetHCLKFreq                      0x080035e9   Thumb Code     6  stm32f1xx_hal_rcc.o(i.HAL_RCC_GetHCLKFreq)
    HAL_RCC_GetPCLK1Freq                     0x080035f5   Thumb Code    20  stm32f1xx_hal_rcc.o(i.HAL_RCC_GetPCLK1Freq)
    HAL_RCC_GetPCLK2Freq                     0x08003615   Thumb Code    20  stm32f1xx_hal_rcc.o(i.HAL_RCC_GetPCLK2Freq)
    HAL_RCC_GetSysClockFreq                  0x08003635   Thumb Code    58  stm32f1xx_hal_rcc.o(i.HAL_RCC_GetSysClockFreq)
    HAL_RCC_OscConfig                        0x08003681   Thumb Code   778  stm32f1xx_hal_rcc.o(i.HAL_RCC_OscConfig)
    HAL_SYSTICK_Config                       0x080039a1   Thumb Code    40  stm32f1xx_hal_cortex.o(i.HAL_SYSTICK_Config)
    HAL_TIMEx_BreakCallback                  0x080039c9   Thumb Code     2  stm32f1xx_hal_tim_ex.o(i.HAL_TIMEx_BreakCallback)
    HAL_TIMEx_CommutCallback                 0x080039cb   Thumb Code     2  stm32f1xx_hal_tim_ex.o(i.HAL_TIMEx_CommutCallback)
    HAL_TIMEx_MasterConfigSynchronization    0x080039cd   Thumb Code   104  stm32f1xx_hal_tim_ex.o(i.HAL_TIMEx_MasterConfigSynchronization)
    HAL_TIM_Base_Init                        0x08003a49   Thumb Code    90  stm32f1xx_hal_tim.o(i.HAL_TIM_Base_Init)
    HAL_TIM_Base_MspInit                     0x08003aa5   Thumb Code   164  tim.o(i.HAL_TIM_Base_MspInit)
    HAL_TIM_Base_Start_IT                    0x08003b5d   Thumb Code    88  stm32f1xx_hal_tim.o(i.HAL_TIM_Base_Start_IT)
    HAL_TIM_ConfigClockSource                0x08003bc9   Thumb Code   220  stm32f1xx_hal_tim.o(i.HAL_TIM_ConfigClockSource)
    HAL_TIM_IC_CaptureCallback               0x08003ca5   Thumb Code   136  uav_pump.o(i.HAL_TIM_IC_CaptureCallback)
    HAL_TIM_IC_ConfigChannel                 0x08003d41   Thumb Code   292  stm32f1xx_hal_tim.o(i.HAL_TIM_IC_ConfigChannel)
    HAL_TIM_IC_Init                          0x08003e65   Thumb Code    90  stm32f1xx_hal_tim.o(i.HAL_TIM_IC_Init)
    HAL_TIM_IC_MspInit                       0x08003ebf   Thumb Code     2  stm32f1xx_hal_tim.o(i.HAL_TIM_IC_MspInit)
    HAL_TIM_IC_Start_IT                      0x08003ec1   Thumb Code   228  stm32f1xx_hal_tim.o(i.HAL_TIM_IC_Start_IT)
    HAL_TIM_IRQHandler                       0x08003fb9   Thumb Code   358  stm32f1xx_hal_tim.o(i.HAL_TIM_IRQHandler)
    HAL_TIM_OC_DelayElapsedCallback          0x0800411f   Thumb Code     2  stm32f1xx_hal_tim.o(i.HAL_TIM_OC_DelayElapsedCallback)
    HAL_TIM_PWM_PulseFinishedCallback        0x08004121   Thumb Code     2  stm32f1xx_hal_tim.o(i.HAL_TIM_PWM_PulseFinishedCallback)
    HAL_TIM_PeriodElapsedCallback            0x08004125   Thumb Code    46  main.o(i.HAL_TIM_PeriodElapsedCallback)
    HAL_TIM_TriggerCallback                  0x08004161   Thumb Code     2  stm32f1xx_hal_tim.o(i.HAL_TIM_TriggerCallback)
    HAL_UARTEx_RxEventCallback               0x08004163   Thumb Code     2  stm32f1xx_hal_uart.o(i.HAL_UARTEx_RxEventCallback)
    HAL_UART_DMAStop                         0x08004165   Thumb Code   112  stm32f1xx_hal_uart.o(i.HAL_UART_DMAStop)
    HAL_UART_ErrorCallback                   0x080041d5   Thumb Code     2  stm32f1xx_hal_uart.o(i.HAL_UART_ErrorCallback)
    HAL_UART_IRQHandler                      0x080041d9   Thumb Code   616  stm32f1xx_hal_uart.o(i.HAL_UART_IRQHandler)
    HAL_UART_Init                            0x08004445   Thumb Code   100  stm32f1xx_hal_uart.o(i.HAL_UART_Init)
    HAL_UART_MspInit                         0x080044a9   Thumb Code   634  usart.o(i.HAL_UART_MspInit)
    HAL_UART_Receive_DMA                     0x08004755   Thumb Code    28  stm32f1xx_hal_uart.o(i.HAL_UART_Receive_DMA)
    HAL_UART_Receive_IT                      0x08004771   Thumb Code    28  stm32f1xx_hal_uart.o(i.HAL_UART_Receive_IT)
    HAL_UART_RxCpltCallback                  0x0800478d   Thumb Code   134  gps.o(i.HAL_UART_RxCpltCallback)
    HAL_UART_RxHalfCpltCallback              0x0800482d   Thumb Code     2  stm32f1xx_hal_uart.o(i.HAL_UART_RxHalfCpltCallback)
    HAL_UART_Transmit                        0x0800482f   Thumb Code   154  stm32f1xx_hal_uart.o(i.HAL_UART_Transmit)
    HAL_UART_Transmit_DMA                    0x080048c9   Thumb Code   106  stm32f1xx_hal_uart.o(i.HAL_UART_Transmit_DMA)
    HAL_UART_TxCpltCallback                  0x08004941   Thumb Code     2  stm32f1xx_hal_uart.o(i.HAL_UART_TxCpltCallback)
    HAL_UART_TxHalfCpltCallback              0x08004943   Thumb Code     2  stm32f1xx_hal_uart.o(i.HAL_UART_TxHalfCpltCallback)
    HardFault_Handler                        0x08004945   Thumb Code     2  stm32f1xx_it.o(i.HardFault_Handler)
    Internal_ReadFlash                       0x08004949   Thumb Code    64  flash.o(i.Internal_ReadFlash)
    Internal_WriteFlash                      0x0800498d   Thumb Code   244  flash.o(i.Internal_WriteFlash)
    Internal_WriteFlashNoCheck               0x08004a89   Thumb Code    62  flash.o(i.Internal_WriteFlashNoCheck)
    MX_DMA_Init                              0x08004acd   Thumb Code   136  dma.o(i.MX_DMA_Init)
    MX_FREERTOS_Init                         0x08004b59   Thumb Code   182  freertos.o(i.MX_FREERTOS_Init)
    MX_GPIO_Init                             0x08004c19   Thumb Code   238  gpio.o(i.MX_GPIO_Init)
    MX_IWDG_Init                             0x08004d19   Thumb Code     2  iwdg.o(i.MX_IWDG_Init)
    MX_TIM3_Init                             0x08004d1d   Thumb Code   144  tim.o(i.MX_TIM3_Init)
    MX_TIM4_Init                             0x08004db5   Thumb Code    96  tim.o(i.MX_TIM4_Init)
    MX_TIM7_Init                             0x08004e1d   Thumb Code    60  tim.o(i.MX_TIM7_Init)
    MX_UART4_Init                            0x08004e61   Thumb Code    48  usart.o(i.MX_UART4_Init)
    MX_USART1_UART_Init                      0x08004e99   Thumb Code    48  usart.o(i.MX_USART1_UART_Init)
    MX_USART2_UART_Init                      0x08004ed1   Thumb Code    48  usart.o(i.MX_USART2_UART_Init)
    MX_USART3_UART_Init                      0x08004f09   Thumb Code    48  usart.o(i.MX_USART3_UART_Init)
    MemManage_Handler                        0x08004f41   Thumb Code     2  stm32f1xx_it.o(i.MemManage_Handler)
    NMI_Handler                              0x08004f43   Thumb Code     2  stm32f1xx_it.o(i.NMI_Handler)
    PointInsidePolygon                       0x08004f45   Thumb Code   188  edgeprocessing.o(i.PointInsidePolygon)
    PumpDisconnectDetection                  0x08005001   Thumb Code     2  uav_pump.o(i.PumpDisconnectDetection)
    ReadLonAndLat                            0x08005005   Thumb Code   106  map_data.o(i.ReadLonAndLat)
    SendSlaveReadCMD                         0x08005075   Thumb Code    60  slave_usart.o(i.SendSlaveReadCMD)
    SendSlaveSpeed                           0x080050bd   Thumb Code    60  slave_usart.o(i.SendSlaveSpeed)
    SendSlaveUpperComData                    0x08005105   Thumb Code   532  uppercom_usart.o(i.SendSlaveUpperComData)
    StartEXTIISRTask                         0x08005339   Thumb Code   432  freertos.o(i.StartEXTIISRTask)
    StartIWDGTask                            0x08005539   Thumb Code    36  freertos.o(i.StartIWDGTask)
    StartSlaveControlTask                    0x08005565   Thumb Code   186  freertos.o(i.StartSlaveControlTask)
    SysTick_Handler                          0x08005639   Thumb Code    38  port.o(i.SysTick_Handler)
    SystemClock_Config                       0x08005665   Thumb Code   100  main.o(i.SystemClock_Config)
    SystemInit                               0x080056c9   Thumb Code     2  system_stm32f1xx.o(i.SystemInit)
    TIM3_IRQHandler                          0x080056cd   Thumb Code     6  stm32f1xx_it.o(i.TIM3_IRQHandler)
    TIM4_IRQHandler                          0x080056d9   Thumb Code     6  stm32f1xx_it.o(i.TIM4_IRQHandler)
    TIM4_PeriodElapsedCallback               0x080056e5   Thumb Code    36  tim_it.o(i.TIM4_PeriodElapsedCallback)
    TIM6_IRQHandler                          0x08005715   Thumb Code     6  stm32f1xx_it.o(i.TIM6_IRQHandler)
    TIM7_IRQHandler                          0x08005721   Thumb Code     6  stm32f1xx_it.o(i.TIM7_IRQHandler)
    TIM7_PeriodElapsedCallback               0x0800572d   Thumb Code    44  tim_it.o(i.TIM7_PeriodElapsedCallback)
    TIM_Base_SetConfig                       0x08005761   Thumb Code   120  stm32f1xx_hal_tim.o(i.TIM_Base_SetConfig)
    TIM_CCxChannelCmd                        0x080057ed   Thumb Code    26  stm32f1xx_hal_tim.o(i.TIM_CCxChannelCmd)
    TIM_ETR_SetConfig                        0x08005807   Thumb Code    20  stm32f1xx_hal_tim.o(i.TIM_ETR_SetConfig)
    TIM_TI1_SetConfig                        0x0800584d   Thumb Code    88  stm32f1xx_hal_tim.o(i.TIM_TI1_SetConfig)
    TaskSendRead                             0x08005915   Thumb Code    70  slave_usart.o(i.TaskSendRead)
    TaskSendSpeed                            0x08005965   Thumb Code    96  slave_usart.o(i.TaskSendSpeed)
    UART1_IDLE_Handler                       0x080059cd   Thumb Code   384  uppercom_usart.o(i.UART1_IDLE_Handler)
    UART4_IRQHandler                         0x08005b79   Thumb Code    16  stm32f1xx_it.o(i.UART4_IRQHandler)
    UART_Start_Receive_DMA                   0x08005ebd   Thumb Code   130  stm32f1xx_hal_uart.o(i.UART_Start_Receive_DMA)
    UART_Start_Receive_IT                    0x08005f4d   Thumb Code    54  stm32f1xx_hal_uart.o(i.UART_Start_Receive_IT)
    USART1_IRQHandler                        0x08005ffd   Thumb Code    16  stm32f1xx_it.o(i.USART1_IRQHandler)
    USART2_IRQHandler                        0x08006011   Thumb Code     6  stm32f1xx_it.o(i.USART2_IRQHandler)
    USART3_IDLE_Handler                      0x0800601d   Thumb Code   200  slave_usart.o(i.USART3_IDLE_Handler)
    USART3_IRQHandler                        0x080060f5   Thumb Code    16  stm32f1xx_it.o(i.USART3_IRQHandler)
    USART4_IDLE_Handler                      0x08006109   Thumb Code   532  rtk_usart_it.o(i.USART4_IDLE_Handler)
    UpperRTK_TimerCallback                   0x08006359   Thumb Code     8  freertos.o(i.UpperRTK_TimerCallback)
    UsageFault_Handler                       0x08006365   Thumb Code     2  stm32f1xx_it.o(i.UsageFault_Handler)
    WriteLonAndLat                           0x08006369   Thumb Code    72  map_data.o(i.WriteLonAndLat)
    _USART2_UART_Init                        0x080063b5   Thumb Code    46  usart.o(i._USART2_UART_Init)
    __ARM_fpclassify                         0x080063ed   Thumb Code    40  fpclassify.o(i.__ARM_fpclassify)
    __ieee754_rem_pio2                       0x08006435   Thumb Code   828  rred.o(i.__ieee754_rem_pio2)
    __kernel_cos                             0x080067bd   Thumb Code   230  cos_i.o(i.__kernel_cos)
    __kernel_poly                            0x080068b9   Thumb Code   170  poly.o(i.__kernel_poly)
    __kernel_sin                             0x08006965   Thumb Code   224  sin_i.o(i.__kernel_sin)
    __mathlib_dbl_infnan                     0x08006a51   Thumb Code     6  dunder.o(i.__mathlib_dbl_infnan)
    __mathlib_dbl_infnan2                    0x08006a57   Thumb Code     4  dunder.o(i.__mathlib_dbl_infnan2)
    __mathlib_dbl_invalid                    0x08006a5b   Thumb Code    12  dunder.o(i.__mathlib_dbl_invalid)
    __mathlib_dbl_overflow                   0x08006a67   Thumb Code    14  dunder.o(i.__mathlib_dbl_overflow)
    __mathlib_dbl_underflow                  0x08006a75   Thumb Code    10  dunder.o(i.__mathlib_dbl_underflow)
    __mathlib_narrow                         0x08006a85   Thumb Code    16  narrow.o(i.__mathlib_narrow)
    __mathlib_tofloat                        0x08006a95   Thumb Code   132  narrow.o(i.__mathlib_tofloat)
    __support_ldexp                          0x08006b1d   Thumb Code    22  ldexp.o(i.__support_ldexp)
    _is_digit                                0x08006b33   Thumb Code    14  __printf_wp.o(i._is_digit)
    _sys_exit                                0x08006b41   Thumb Code     2  usart.o(i._sys_exit)
    asin                                     0x08006b45   Thumb Code   572  asin.o(i.asin)
    atan                                     0x08006db5   Thumb Code   474  atan.o(i.atan)
    atan2                                    0x08006fd5   Thumb Code   346  atan2.o(i.atan2)
    atof                                     0x08007155   Thumb Code    42  atof.o(i.atof)
    cos                                      0x08007181   Thumb Code   148  cos.o(i.cos)
    destination_point                        0x0800721d   Thumb Code   312  edgeprocessing.o(i.destination_point)
    dms_to_degrees                           0x08007361   Thumb Code    68  edgeprocessing.o(i.dms_to_degrees)
    frexp                                    0x080073ad   Thumb Code    80  frexp.o(i.frexp)
    ldexp                                    0x08007761   Thumb Code   116  ldexp.o(i.ldexp)
    main                                     0x080077d5   Thumb Code   306  main.o(i.main)
    osDelay                                  0x08007971   Thumb Code    14  cmsis_os.o(i.osDelay)
    osKernelStart                            0x0800797f   Thumb Code    10  cmsis_os.o(i.osKernelStart)
    osSemaphoreCreate                        0x08007989   Thumb Code    62  cmsis_os.o(i.osSemaphoreCreate)
    osSemaphoreRelease                       0x080079c9   Thumb Code    74  cmsis_os.o(i.osSemaphoreRelease)
    osSemaphoreWait                          0x08007a19   Thumb Code    96  cmsis_os.o(i.osSemaphoreWait)
    osThreadCreate                           0x08007a7d   Thumb Code    84  cmsis_os.o(i.osThreadCreate)
    osThreadResume                           0x08007ad1   Thumb Code    46  cmsis_os.o(i.osThreadResume)
    osThreadSuspend                          0x08007b05   Thumb Code    10  cmsis_os.o(i.osThreadSuspend)
    osTimerCreate                            0x08007b11   Thumb Code    60  cmsis_os.o(i.osTimerCreate)
    osTimerStart                             0x08007b51   Thumb Code    88  cmsis_os.o(i.osTimerStart)
    parseGNRMC                               0x08007bad   Thumb Code    32  gps.o(i.parseGNRMC)
    pvPortMalloc                             0x08008385   Thumb Code   210  heap_4.o(i.pvPortMalloc)
    pvTaskIncrementMutexHeldCount            0x0800845d   Thumb Code    18  tasks.o(i.pvTaskIncrementMutexHeldCount)
    pxPortInitialiseStack                    0x08008475   Thumb Code    32  port.o(i.pxPortInitialiseStack)
    sin                                      0x08008499   Thumb Code   150  sin.o(i.sin)
    sqrt                                     0x08008539   Thumb Code    76  sqrt.o(i.sqrt)
    to_degrees                               0x080085b1   Thumb Code    24  edgeprocessing.o(i.to_degrees)
    uxListRemove                             0x080085d1   Thumb Code    38  list.o(i.uxListRemove)
    uxTaskResetEventItemValue                0x080085f9   Thumb Code    20  tasks.o(i.uxTaskResetEventItemValue)
    vApplicationGetIdleTaskMemory            0x08008611   Thumb Code    16  freertos.o(i.vApplicationGetIdleTaskMemory)
    vApplicationGetTimerTaskMemory           0x08008625   Thumb Code    18  freertos.o(i.vApplicationGetTimerTaskMemory)
    vListInitialise                          0x0800863d   Thumb Code    22  list.o(i.vListInitialise)
    vListInitialiseItem                      0x08008653   Thumb Code     6  list.o(i.vListInitialiseItem)
    vListInsert                              0x08008659   Thumb Code    48  list.o(i.vListInsert)
    vListInsertEnd                           0x08008689   Thumb Code    24  list.o(i.vListInsertEnd)
    vPortEnterCritical                       0x080086a1   Thumb Code    54  port.o(i.vPortEnterCritical)
    vPortExitCritical                        0x080086e1   Thumb Code    34  port.o(i.vPortExitCritical)
    vPortFree                                0x08008709   Thumb Code    88  heap_4.o(i.vPortFree)
    vPortSetupTimerInterrupt                 0x08008765   Thumb Code    32  port.o(i.vPortSetupTimerInterrupt)
    vPortValidateInterruptPriority           0x08008789   Thumb Code    74  port.o(i.vPortValidateInterruptPriority)
    vQueueAddToRegistry                      0x080087dd   Thumb Code    34  queue.o(i.vQueueAddToRegistry)
    vQueueWaitForMessageRestricted           0x08008805   Thumb Code    68  queue.o(i.vQueueWaitForMessageRestricted)
    vTaskDelay                               0x08008849   Thumb Code    66  tasks.o(i.vTaskDelay)
    vTaskInternalSetTimeOutState             0x08008895   Thumb Code    12  tasks.o(i.vTaskInternalSetTimeOutState)
    vTaskMissedYield                         0x080088a5   Thumb Code     8  tasks.o(i.vTaskMissedYield)
    vTaskPlaceOnEventList                    0x080088b1   Thumb Code    44  tasks.o(i.vTaskPlaceOnEventList)
    vTaskPlaceOnEventListRestricted          0x080088e1   Thumb Code    52  tasks.o(i.vTaskPlaceOnEventListRestricted)
    vTaskPlaceOnUnorderedEventList           0x08008919   Thumb Code    76  tasks.o(i.vTaskPlaceOnUnorderedEventList)
    vTaskPriorityDisinheritAfterTimeout      0x08008969   Thumb Code   160  tasks.o(i.vTaskPriorityDisinheritAfterTimeout)
    vTaskRemoveFromUnorderedEventList        0x08008a11   Thumb Code   104  tasks.o(i.vTaskRemoveFromUnorderedEventList)
    vTaskResume                              0x08008a81   Thumb Code   112  tasks.o(i.vTaskResume)
    vTaskStartScheduler                      0x08008afd   Thumb Code   118  tasks.o(i.vTaskStartScheduler)
    vTaskSuspend                             0x08008b85   Thumb Code   174  tasks.o(i.vTaskSuspend)
    vTaskSuspendAll                          0x08008c41   Thumb Code    10  tasks.o(i.vTaskSuspendAll)
    vTaskSwitchContext                       0x08008c51   Thumb Code    82  tasks.o(i.vTaskSwitchContext)
    xEventGroupCreate                        0x08008cad   Thumb Code    28  event_groups.o(i.xEventGroupCreate)
    xEventGroupSetBits                       0x08008cc9   Thumb Code   140  event_groups.o(i.xEventGroupSetBits)
    xEventGroupWaitBits                      0x08008d55   Thumb Code   260  event_groups.o(i.xEventGroupWaitBits)
    xPortStartScheduler                      0x08008e5d   Thumb Code   154  port.o(i.xPortStartScheduler)
    xQueueGenericCreate                      0x08008f05   Thumb Code    72  queue.o(i.xQueueGenericCreate)
    xQueueGenericCreateStatic                0x08008f4d   Thumb Code   102  queue.o(i.xQueueGenericCreateStatic)
    xQueueGenericReset                       0x08008fb5   Thumb Code   132  queue.o(i.xQueueGenericReset)
    xQueueGenericSend                        0x0800903d   Thumb Code   346  queue.o(i.xQueueGenericSend)
    xQueueGenericSendFromISR                 0x0800919d   Thumb Code   188  queue.o(i.xQueueGenericSendFromISR)
    xQueueGiveFromISR                        0x08009259   Thumb Code   156  queue.o(i.xQueueGiveFromISR)
    xQueueReceive                            0x080092f5   Thumb Code   308  queue.o(i.xQueueReceive)
    xQueueReceiveFromISR                     0x0800942d   Thumb Code   154  queue.o(i.xQueueReceiveFromISR)
    xQueueSemaphoreTake                      0x080094c9   Thumb Code   372  queue.o(i.xQueueSemaphoreTake)
    xTaskCheckForTimeOut                     0x08009641   Thumb Code   112  tasks.o(i.xTaskCheckForTimeOut)
    xTaskCreate                              0x080096b5   Thumb Code    90  tasks.o(i.xTaskCreate)
    xTaskCreateStatic                        0x0800970f   Thumb Code    86  tasks.o(i.xTaskCreateStatic)
    xTaskGetSchedulerState                   0x08009765   Thumb Code    22  tasks.o(i.xTaskGetSchedulerState)
    xTaskGetTickCount                        0x08009781   Thumb Code     6  tasks.o(i.xTaskGetTickCount)
    xTaskIncrementTick                       0x0800978d   Thumb Code   192  tasks.o(i.xTaskIncrementTick)
    xTaskPriorityDisinherit                  0x08009855   Thumb Code   144  tasks.o(i.xTaskPriorityDisinherit)
    xTaskPriorityInherit                     0x080098ed   Thumb Code   138  tasks.o(i.xTaskPriorityInherit)
    xTaskRemoveFromEventList                 0x08009981   Thumb Code   108  tasks.o(i.xTaskRemoveFromEventList)
    xTaskResumeAll                           0x080099f5   Thumb Code   182  tasks.o(i.xTaskResumeAll)
    xTaskResumeFromISR                       0x08009ab9   Thumb Code   128  tasks.o(i.xTaskResumeFromISR)
    xTimerCreate                             0x08009b41   Thumb Code    52  timers.o(i.xTimerCreate)
    xTimerCreateStatic                       0x08009b75   Thumb Code    46  timers.o(i.xTimerCreateStatic)
    xTimerCreateTimerTask                    0x08009ba5   Thumb Code    78  timers.o(i.xTimerCreateTimerTask)
    xTimerGenericCommand                     0x08009c05   Thumb Code    92  timers.o(i.xTimerGenericCommand)
    _get_lc_numeric                          0x08009c65   Thumb Code    44  lc_numeric_c.o(locale$$code)
    _get_lc_ctype                            0x08009c91   Thumb Code    44  lc_ctype_c.o(locale$$code)
    __aeabi_d2f                              0x08009cbd   Thumb Code     0  d2f.o(x$fpl$d2f)
    _d2f                                     0x08009cbd   Thumb Code    98  d2f.o(x$fpl$d2f)
    __aeabi_dadd                             0x08009d21   Thumb Code     0  daddsub_clz.o(x$fpl$dadd)
    _dadd                                    0x08009d21   Thumb Code   332  daddsub_clz.o(x$fpl$dadd)
    __fpl_dcheck_NaN1                        0x08009e71   Thumb Code    10  dcheck1.o(x$fpl$dcheck1)
    __fpl_dcmp_Inf                           0x08009e81   Thumb Code    24  dcmpi.o(x$fpl$dcmpinf)
    __aeabi_ddiv                             0x08009e99   Thumb Code     0  ddiv.o(x$fpl$ddiv)
    _ddiv                                    0x08009e99   Thumb Code   552  ddiv.o(x$fpl$ddiv)
    __aeabi_cdcmpeq                          0x0800a149   Thumb Code     0  deqf.o(x$fpl$deqf)
    _dcmpeq                                  0x0800a149   Thumb Code   120  deqf.o(x$fpl$deqf)
    __aeabi_d2iz                             0x0800a1c1   Thumb Code     0  dfix.o(x$fpl$dfix)
    _dfix                                    0x0800a1c1   Thumb Code    94  dfix.o(x$fpl$dfix)
    __aeabi_d2uiz                            0x0800a221   Thumb Code     0  dfixu.o(x$fpl$dfixu)
    _dfixu                                   0x0800a221   Thumb Code    90  dfixu.o(x$fpl$dfixu)
    __aeabi_i2d                              0x0800a27b   Thumb Code     0  dflt_clz.o(x$fpl$dflt)
    _dflt                                    0x0800a27b   Thumb Code    46  dflt_clz.o(x$fpl$dflt)
    __aeabi_ui2d                             0x0800a2a9   Thumb Code     0  dflt_clz.o(x$fpl$dfltu)
    _dfltu                                   0x0800a2a9   Thumb Code    38  dflt_clz.o(x$fpl$dfltu)
    __aeabi_cdcmple                          0x0800a2d1   Thumb Code     0  dleqf.o(x$fpl$dleqf)
    _dcmple                                  0x0800a2d1   Thumb Code   120  dleqf.o(x$fpl$dleqf)
    __fpl_dcmple_InfNaN                      0x0800a333   Thumb Code     0  dleqf.o(x$fpl$dleqf)
    __aeabi_dmul                             0x0800a349   Thumb Code     0  dmul.o(x$fpl$dmul)
    _dmul                                    0x0800a349   Thumb Code   332  dmul.o(x$fpl$dmul)
    __fpl_dnaninf                            0x0800a49d   Thumb Code   156  dnaninf.o(x$fpl$dnaninf)
    __fpl_dretinf                            0x0800a539   Thumb Code    12  dretinf.o(x$fpl$dretinf)
    __aeabi_cdrcmple                         0x0800a545   Thumb Code     0  drleqf.o(x$fpl$drleqf)
    _drcmple                                 0x0800a545   Thumb Code   108  drleqf.o(x$fpl$drleqf)
    __aeabi_drsub                            0x0800a5b1   Thumb Code     0  daddsub_clz.o(x$fpl$drsb)
    _drsb                                    0x0800a5b1   Thumb Code    22  daddsub_clz.o(x$fpl$drsb)
    _dsqrt                                   0x0800a5c9   Thumb Code   456  dsqrt_noumaal.o(x$fpl$dsqrt)
    __aeabi_dsub                             0x0800a795   Thumb Code     0  daddsub_clz.o(x$fpl$dsub)
    _dsub                                    0x0800a795   Thumb Code   464  daddsub_clz.o(x$fpl$dsub)
    __fpl_fretinf                            0x0800a969   Thumb Code    10  fretinf.o(x$fpl$fretinf)
    _printf_fp_dec                           0x0800a973   Thumb Code     4  printf1.o(x$fpl$printf1)
    __fpl_return_NaN                         0x0800a977   Thumb Code   100  retnan.o(x$fpl$retnan)
    __ARM_scalbn                             0x0800a9db   Thumb Code    92  scalbn.o(x$fpl$scalbn)
    _scanf_real                              0x0800aa37   Thumb Code     4  scanf1.o(x$fpl$scanf1)
    _scanf_hex_real                          0x0800aa3b   Thumb Code     4  scanf2.o(x$fpl$scanf2)
    _scanf_infnan                            0x0800aa3f   Thumb Code     4  scanf2.o(x$fpl$scanf2)
    __fpl_cmpreturn                          0x0800aa43   Thumb Code    48  trapv.o(x$fpl$trapveneer)
    __I$use$fp                               0x0800aa72   Number         0  usenofp.o(x$fpl$usenofp)
    AHBPrescTable                            0x0800aae2   Data          16  system_stm32f1xx.o(.constdata)
    APBPrescTable                            0x0800aaf2   Data           8  system_stm32f1xx.o(.constdata)
    __mathlib_zero                           0x0800ac50   Data           8  qnan.o(.constdata)
    Region$$Table$$Base                      0x0800ae04   Number         0  anon$$obj.o(Region$$Table)
    Region$$Table$$Limit                     0x0800ae24   Number         0  anon$$obj.o(Region$$Table)
    __aeabi_HUGE_VAL                         0x0800ae24   Data           0  fpconst.o(c$$dinf)
    __aeabi_HUGE_VALL                        0x0800ae24   Data           0  fpconst.o(c$$dinf)
    __aeabi_INFINITY                         0x0800ae24   Data           0  fpconst.o(c$$dinf)
    __dInf                                   0x0800ae24   Data           0  fpconst.o(c$$dinf)
    __huge_val                               0x0800ae24   Data           0  fpconst.o(c$$dinf)
    __ctype                                  0x0800ae55   Data           0  lc_ctype_c.o(locale$$data)
    RunGuidance_Struct                       0x20000000   Data           1  main.o(.data)
    IWDG_Event                               0x20000008   Data           4  freertos.o(.data)
    SlaveContTaskHandle                      0x2000000c   Data           4  freertos.o(.data)
    EXTIISRTaskHandle                        0x20000010   Data           4  freertos.o(.data)
    IWDGTaskHandle                           0x20000014   Data           4  freertos.o(.data)
    UpperRTK_TimerHandle                     0x20000018   Data           4  freertos.o(.data)
    UpperComBinSemHandle                     0x2000001c   Data           4  freertos.o(.data)
    UARTControlBinSemHandle                  0x20000020   Data           4  freertos.o(.data)
    PumpOffBinSemHandle                      0x20000024   Data           4  freertos.o(.data)
    UpperRTK_BinSemHandle                    0x20000028   Data           4  freertos.o(.data)
    RecCoordBinSemHandle                     0x2000002c   Data           4  freertos.o(.data)
    UpFlag                                   0x20000030   Data           1  uppercom_usart.o(.data)
    RunTime                                  0x20000032   Data           2  uppercom_usart.o(.data)
    UARTControl_Stru                         0x20000034   Data           3  uppercom_usart.o(.data)
    RTK_Speed                                0x20000038   Data           4  uppercom_usart.o(.data)
    RTK_Longitude                            0x20000040   Data           8  uppercom_usart.o(.data)
    RTK_Latitude                             0x20000048   Data           8  uppercom_usart.o(.data)
    RTK_LongitudeH                           0x20000050   Data           8  uppercom_usart.o(.data)
    RTK_LatitudeH                            0x20000058   Data           8  uppercom_usart.o(.data)
    RTK_CourseAngle                          0x20000060   Data           8  uppercom_usart.o(.data)
    Slave_number                             0x20000068   Data           1  slave_usart.o(.data)
    Slave_State                              0x2000006b   Data           8  slave_usart.o(.data)
    ReadSpeed1                               0x20000073   Data           8  slave_usart.o(.data)
    ReadSpeed2                               0x2000007b   Data           8  slave_usart.o(.data)
    InputCapIndex                            0x20000084   Data           1  uav_pump.o(.data)
    InputCap_n                               0x20000086   Data           2  uav_pump.o(.data)
    InputCap_n1                              0x20000088   Data           2  uav_pump.o(.data)
    InputCap_n2                              0x2000008a   Data           2  uav_pump.o(.data)
    RTK_Signal                               0x2000008c   Data           1  rtk_usart_it.o(.data)
    MapDat                                   0x20000098   Data          64  edgeprocessing.o(.data)
    NumberOfRec                              0x200000d8   Data           1  map_data.o(.data)
    uwTickFreq                               0x200000dc   Data           1  stm32f1xx_hal.o(.data)
    uwTickPrio                               0x200000e0   Data           4  stm32f1xx_hal.o(.data)
    uwTick                                   0x200000e4   Data           4  stm32f1xx_hal.o(.data)
    SystemCoreClock                          0x200000e8   Data           4  system_stm32f1xx.o(.data)
    pxCurrentTCB                             0x200000ec   Data           4  tasks.o(.data)
    hiwdg                                    0x20000808   Data          12  iwdg.o(.bss)
    htim3                                    0x20000814   Data          72  tim.o(.bss)
    htim4                                    0x2000085c   Data          72  tim.o(.bss)
    htim7                                    0x200008a4   Data          72  tim.o(.bss)
    huart4                                   0x200008ec   Data          72  usart.o(.bss)
    huart1                                   0x20000934   Data          72  usart.o(.bss)
    huart2                                   0x2000097c   Data          72  usart.o(.bss)
    huart3                                   0x200009c4   Data          72  usart.o(.bss)
    hdma_uart4_tx                            0x20000a0c   Data          68  usart.o(.bss)
    hdma_uart4_rx                            0x20000a50   Data          68  usart.o(.bss)
    hdma_usart1_rx                           0x20000a94   Data          68  usart.o(.bss)
    hdma_usart1_tx                           0x20000ad8   Data          68  usart.o(.bss)
    hdma_usart3_tx                           0x20000b1c   Data          68  usart.o(.bss)
    hdma_usart3_rx                           0x20000b60   Data          68  usart.o(.bss)
    htim6                                    0x20000ba4   Data          72  stm32f1xx_hal_timebase_tim.o(.bss)
    UpperComTxBuf                            0x20000bec   Data         100  uppercom_usart.o(.bss)
    UART1_RxStruct                           0x20000c50   Data         401  uppercom_usart.o(.bss)
    RTK_SendBuff                             0x20000de1   Data         200  uppercom_usart.o(.bss)
    USART3_RxStruct                          0x20000f85   Data         402  slave_usart.o(.bss)
    USART4_RxStruct                          0x20001117   Data         401  rtk_usart_it.o(.bss)
    GPS_Struct                               0x200012a8   Data         328  gps.o(.bss)
    USART2_RxStruct                          0x200013f0   Data         402  gps.o(.bss)
    LocationJudging_Struct                   0x20001588   Data         496  edgeprocessing.o(.bss)
    pFlash                                   0x20001f78   Data          32  stm32f1xx_hal_flash.o(.bss)
    xQueueRegistry                           0x20001f98   Data          64  queue.o(.bss)
    __libspace_start                         0x200099b0   Data          96  libspace.o(.bss)
    __temporary_stack_top$libspace           0x20009a10   Data           0  libspace.o(.bss)
    sys_rst_n                                0x2000bf00   Data           1  gps.o(.ARM.__AT_0x2000BF00)
    sys_rst_flag                             0x2000bf10   Data           1  gps.o(.ARM.__AT_0x2000BF10)



==============================================================================

Memory Map of the image

  Image Entry point : 0x08000131

  Load Region LR_IROM1 (Base: 0x08000000, Size: 0x0000b0b8, Max: 0x00040000, ABSOLUTE, COMPRESSED[0x0000af9c])

    Execution Region ER_IROM1 (Base: 0x08000000, Size: 0x0000af58, Max: 0x00040000, ABSOLUTE)

    Base Addr    Size         Type   Attr      Idx    E Section Name        Object

    0x08000000   0x00000130   Data   RO            3    RESET               startup_stm32f103xe.o
    0x08000130   0x00000008   Code   RO         5149  * !!!main             c_w.l(__main.o)
    0x08000138   0x00000034   Code   RO         5569    !!!scatter          c_w.l(__scatter.o)
    0x0800016c   0x0000005a   Code   RO         5567    !!dczerorl2         c_w.l(__dczerorl2.o)
    0x080001c6   0x00000002   PAD
    0x080001c8   0x0000001c   Code   RO         5571    !!handler_zi        c_w.l(__scatter_zi.o)
    0x080001e4   0x00000000   Code   RO         5126    .ARM.Collect$$_printf_percent$$00000000  c_w.l(_printf_percent.o)
    0x080001e4   0x00000006   Code   RO         5125    .ARM.Collect$$_printf_percent$$00000003  c_w.l(_printf_f.o)
    0x080001ea   0x00000006   Code   RO         5124    .ARM.Collect$$_printf_percent$$00000009  c_w.l(_printf_d.o)
    0x080001f0   0x00000006   Code   RO         5123    .ARM.Collect$$_printf_percent$$0000000C  c_w.l(_printf_x.o)
    0x080001f6   0x00000006   Code   RO         5122    .ARM.Collect$$_printf_percent$$00000014  c_w.l(_printf_s.o)
    0x080001fc   0x00000004   Code   RO         5241    .ARM.Collect$$_printf_percent$$00000017  c_w.l(_printf_percent_end.o)
    0x08000200   0x00000002   Code   RO         5401    .ARM.Collect$$libinit$$00000000  c_w.l(libinit.o)
    0x08000202   0x00000000   Code   RO         5403    .ARM.Collect$$libinit$$00000002  c_w.l(libinit2.o)
    0x08000202   0x00000000   Code   RO         5405    .ARM.Collect$$libinit$$00000004  c_w.l(libinit2.o)
    0x08000202   0x00000000   Code   RO         5408    .ARM.Collect$$libinit$$0000000A  c_w.l(libinit2.o)
    0x08000202   0x00000000   Code   RO         5410    .ARM.Collect$$libinit$$0000000C  c_w.l(libinit2.o)
    0x08000202   0x00000000   Code   RO         5412    .ARM.Collect$$libinit$$0000000E  c_w.l(libinit2.o)
    0x08000202   0x00000006   Code   RO         5413    .ARM.Collect$$libinit$$0000000F  c_w.l(libinit2.o)
    0x08000208   0x00000000   Code   RO         5415    .ARM.Collect$$libinit$$00000011  c_w.l(libinit2.o)
    0x08000208   0x0000000c   Code   RO         5416    .ARM.Collect$$libinit$$00000012  c_w.l(libinit2.o)
    0x08000214   0x00000000   Code   RO         5417    .ARM.Collect$$libinit$$00000013  c_w.l(libinit2.o)
    0x08000214   0x00000000   Code   RO         5419    .ARM.Collect$$libinit$$00000015  c_w.l(libinit2.o)
    0x08000214   0x0000000a   Code   RO         5420    .ARM.Collect$$libinit$$00000016  c_w.l(libinit2.o)
    0x0800021e   0x00000000   Code   RO         5421    .ARM.Collect$$libinit$$00000017  c_w.l(libinit2.o)
    0x0800021e   0x00000000   Code   RO         5423    .ARM.Collect$$libinit$$00000019  c_w.l(libinit2.o)
    0x0800021e   0x00000000   Code   RO         5425    .ARM.Collect$$libinit$$0000001B  c_w.l(libinit2.o)
    0x0800021e   0x00000000   Code   RO         5427    .ARM.Collect$$libinit$$0000001D  c_w.l(libinit2.o)
    0x0800021e   0x00000000   Code   RO         5429    .ARM.Collect$$libinit$$0000001F  c_w.l(libinit2.o)
    0x0800021e   0x00000000   Code   RO         5431    .ARM.Collect$$libinit$$00000021  c_w.l(libinit2.o)
    0x0800021e   0x00000000   Code   RO         5433    .ARM.Collect$$libinit$$00000023  c_w.l(libinit2.o)
    0x0800021e   0x00000000   Code   RO         5435    .ARM.Collect$$libinit$$00000025  c_w.l(libinit2.o)
    0x0800021e   0x00000000   Code   RO         5439    .ARM.Collect$$libinit$$0000002C  c_w.l(libinit2.o)
    0x0800021e   0x00000000   Code   RO         5441    .ARM.Collect$$libinit$$0000002E  c_w.l(libinit2.o)
    0x0800021e   0x00000000   Code   RO         5443    .ARM.Collect$$libinit$$00000030  c_w.l(libinit2.o)
    0x0800021e   0x00000000   Code   RO         5445    .ARM.Collect$$libinit$$00000032  c_w.l(libinit2.o)
    0x0800021e   0x00000002   Code   RO         5446    .ARM.Collect$$libinit$$00000033  c_w.l(libinit2.o)
    0x08000220   0x00000002   Code   RO         5505    .ARM.Collect$$libshutdown$$00000000  c_w.l(libshutdown.o)
    0x08000222   0x00000000   Code   RO         5526    .ARM.Collect$$libshutdown$$00000002  c_w.l(libshutdown2.o)
    0x08000222   0x00000000   Code   RO         5528    .ARM.Collect$$libshutdown$$00000004  c_w.l(libshutdown2.o)
    0x08000222   0x00000000   Code   RO         5531    .ARM.Collect$$libshutdown$$00000007  c_w.l(libshutdown2.o)
    0x08000222   0x00000000   Code   RO         5534    .ARM.Collect$$libshutdown$$0000000A  c_w.l(libshutdown2.o)
    0x08000222   0x00000000   Code   RO         5536    .ARM.Collect$$libshutdown$$0000000C  c_w.l(libshutdown2.o)
    0x08000222   0x00000000   Code   RO         5539    .ARM.Collect$$libshutdown$$0000000F  c_w.l(libshutdown2.o)
    0x08000222   0x00000002   Code   RO         5540    .ARM.Collect$$libshutdown$$00000010  c_w.l(libshutdown2.o)
    0x08000224   0x00000000   Code   RO         5223    .ARM.Collect$$rtentry$$00000000  c_w.l(__rtentry.o)
    0x08000224   0x00000000   Code   RO         5312    .ARM.Collect$$rtentry$$00000002  c_w.l(__rtentry2.o)
    0x08000224   0x00000006   Code   RO         5324    .ARM.Collect$$rtentry$$00000004  c_w.l(__rtentry4.o)
    0x0800022a   0x00000000   Code   RO         5314    .ARM.Collect$$rtentry$$00000009  c_w.l(__rtentry2.o)
    0x0800022a   0x00000004   Code   RO         5315    .ARM.Collect$$rtentry$$0000000A  c_w.l(__rtentry2.o)
    0x0800022e   0x00000000   Code   RO         5317    .ARM.Collect$$rtentry$$0000000C  c_w.l(__rtentry2.o)
    0x0800022e   0x00000008   Code   RO         5318    .ARM.Collect$$rtentry$$0000000D  c_w.l(__rtentry2.o)
    0x08000236   0x00000002   Code   RO         5449    .ARM.Collect$$rtexit$$00000000  c_w.l(rtexit.o)
    0x08000238   0x00000000   Code   RO         5473    .ARM.Collect$$rtexit$$00000002  c_w.l(rtexit2.o)
    0x08000238   0x00000004   Code   RO         5474    .ARM.Collect$$rtexit$$00000003  c_w.l(rtexit2.o)
    0x0800023c   0x00000006   Code   RO         5475    .ARM.Collect$$rtexit$$00000004  c_w.l(rtexit2.o)
    0x08000242   0x00000002   PAD
    0x08000244   0x00000096   Code   RO         4986    .emb_text           port.o
    0x080002da   0x00000002   PAD
    0x080002dc   0x00000040   Code   RO            4    .text               startup_stm32f103xe.o
    0x0800031c   0x00000002   Code   RO         5065    .text               c_w.l(use_no_semi_2.o)
    0x0800031e   0x00000026   Code   RO         5067    .text               c_w.l(llushr.o)
    0x08000344   0x00000028   Code   RO         5071    .text               c_w.l(noretval__2sprintf.o)
    0x0800036c   0x0000004e   Code   RO         5075    .text               c_w.l(_printf_pad.o)
    0x080003ba   0x00000052   Code   RO         5077    .text               c_w.l(_printf_str.o)
    0x0800040c   0x00000078   Code   RO         5079    .text               c_w.l(_printf_dec.o)
    0x08000484   0x00000058   Code   RO         5084    .text               c_w.l(_printf_hex_int.o)
    0x080004dc   0x00000188   Code   RO         5119    .text               c_w.l(__printf_flags_ss_wp.o)
    0x08000664   0x0000001a   Code   RO         5127    .text               c_w.l(atoi.o)
    0x0800067e   0x00000014   Code   RO         5129    .text               c_w.l(strchr.o)
    0x08000692   0x0000003e   Code   RO         5131    .text               c_w.l(strlen.o)
    0x080006d0   0x00000096   Code   RO         5133    .text               c_w.l(strncmp.o)
    0x08000766   0x0000008a   Code   RO         5135    .text               c_w.l(rt_memcpy_v6.o)
    0x080007f0   0x00000064   Code   RO         5137    .text               c_w.l(rt_memcpy_w.o)
    0x08000854   0x00000044   Code   RO         5141    .text               c_w.l(rt_memclr.o)
    0x08000898   0x0000004e   Code   RO         5143    .text               c_w.l(rt_memclr_w.o)
    0x080008e6   0x00000056   Code   RO         5145    .text               c_w.l(strncpy.o)
    0x0800093c   0x00000006   Code   RO         5147    .text               c_w.l(heapauxi.o)
    0x08000942   0x00000002   Code   RO         5221    .text               c_w.l(use_no_semi.o)
    0x08000944   0x00000008   Code   RO         5227    .text               c_w.l(rt_errno_addr_intlibspace.o)
    0x0800094c   0x00000016   Code   RO         5229    .text               c_w.l(_rserrno.o)
    0x08000962   0x000000b2   Code   RO         5231    .text               c_w.l(_printf_intcommon.o)
    0x08000a14   0x0000041a   Code   RO         5233    .text               c_w.l(_printf_fp_dec.o)
    0x08000e2e   0x00000002   PAD
    0x08000e30   0x00000030   Code   RO         5235    .text               c_w.l(_printf_char_common.o)
    0x08000e60   0x0000000a   Code   RO         5237    .text               c_w.l(_sputc.o)
    0x08000e6a   0x0000002c   Code   RO         5239    .text               c_w.l(_printf_char.o)
    0x08000e96   0x00000002   PAD
    0x08000e98   0x000000a4   Code   RO         5242    .text               c_w.l(strtod.o)
    0x08000f3c   0x00000070   Code   RO         5244    .text               c_w.l(strtol.o)
    0x08000fac   0x00000008   Code   RO         5308    .text               c_w.l(libspace.o)
    0x08000fb4   0x00000010   Code   RO         5326    .text               c_w.l(rt_ctype_table.o)
    0x08000fc4   0x00000008   Code   RO         5331    .text               c_w.l(rt_locale_intlibspace.o)
    0x08000fcc   0x0000008a   Code   RO         5333    .text               c_w.l(lludiv10.o)
    0x08001056   0x00000012   Code   RO         5335    .text               c_w.l(isspace.o)
    0x08001068   0x00000080   Code   RO         5337    .text               c_w.l(_printf_fp_infnan.o)
    0x080010e8   0x00000040   Code   RO         5341    .text               c_w.l(_sgetc.o)
    0x08001128   0x0000009e   Code   RO         5343    .text               c_w.l(_strtoul.o)
    0x080011c6   0x00000002   PAD
    0x080011c8   0x000000dc   Code   RO         5345    .text               c_w.l(bigflt0.o)
    0x080012a4   0x0000004a   Code   RO         5383    .text               c_w.l(sys_stackheap_outer.o)
    0x080012ee   0x0000001c   Code   RO         5385    .text               c_w.l(_chval.o)
    0x0800130a   0x00000002   PAD
    0x0800130c   0x000004a4   Code   RO         5387    .text               c_w.l(scanf_fp.o)
    0x080017b0   0x00000012   Code   RO         5392    .text               c_w.l(exit.o)
    0x080017c2   0x00000002   PAD
    0x080017c4   0x00000080   Code   RO         5394    .text               c_w.l(strcmpv7m.o)
    0x08001844   0x00000320   Code   RO         5479    .text               c_w.l(scanf_hexfp.o)
    0x08001b64   0x00000134   Code   RO         5481    .text               c_w.l(scanf_infnan.o)
    0x08001c98   0x00000026   Code   RO         5497    .text               c_w.l(llshl.o)
    0x08001cbe   0x0000003e   Code   RO         5348    CL$$btod_d2e        c_w.l(btod.o)
    0x08001cfc   0x00000046   Code   RO         5350    CL$$btod_d2e_denorm_low  c_w.l(btod.o)
    0x08001d42   0x00000060   Code   RO         5349    CL$$btod_d2e_norm_op1  c_w.l(btod.o)
    0x08001da2   0x00000338   Code   RO         5358    CL$$btod_div_common  c_w.l(btod.o)
    0x080020da   0x00000002   PAD
    0x080020dc   0x00000054   Code   RO         5356    CL$$btod_e2d        c_w.l(btod.o)
    0x08002130   0x000000c6   Code   RO         5355    CL$$btod_e2e        c_w.l(btod.o)
    0x080021f6   0x00000028   Code   RO         5352    CL$$btod_ediv       c_w.l(btod.o)
    0x0800221e   0x00000028   Code   RO         5354    CL$$btod_edivd      c_w.l(btod.o)
    0x08002246   0x00000028   Code   RO         5351    CL$$btod_emul       c_w.l(btod.o)
    0x0800226e   0x00000028   Code   RO         5353    CL$$btod_emuld      c_w.l(btod.o)
    0x08002296   0x00000244   Code   RO         5357    CL$$btod_mult_common  c_w.l(btod.o)
    0x080024da   0x00000002   Code   RO          546    i.BusFault_Handler  stm32f1xx_it.o
    0x080024dc   0x0000000c   Code   RO          547    i.DMA1_Channel2_IRQHandler  stm32f1xx_it.o
    0x080024e8   0x0000000c   Code   RO          548    i.DMA1_Channel3_IRQHandler  stm32f1xx_it.o
    0x080024f4   0x0000000c   Code   RO          549    i.DMA1_Channel4_IRQHandler  stm32f1xx_it.o
    0x08002500   0x0000000c   Code   RO          550    i.DMA1_Channel5_IRQHandler  stm32f1xx_it.o
    0x0800250c   0x0000000c   Code   RO          551    i.DMA2_Channel3_IRQHandler  stm32f1xx_it.o
    0x08002518   0x0000000c   Code   RO          552    i.DMA2_Channel4_5_IRQHandler  stm32f1xx_it.o
    0x08002524   0x0000002a   Code   RO         1689    i.DMA_SetConfig     stm32f1xx_hal_dma.o
    0x0800254e   0x00000002   Code   RO          553    i.DebugMon_Handler  stm32f1xx_it.o
    0x08002550   0x00000168   Code   RO         1017    i.EdgeComputing     edgeprocessing.o
    0x080026b8   0x00000040   Code   RO         1018    i.EdgeComputing_Init  edgeprocessing.o
    0x080026f8   0x00000004   Code   RO           13    i.Error_Handler     main.o
    0x080026fc   0x00000024   Code   RO         2129    i.FLASH_MassErase   stm32f1xx_hal_flash_ex.o
    0x08002720   0x00000024   Code   RO         2134    i.FLASH_PageErase   stm32f1xx_hal_flash_ex.o
    0x08002744   0x0000001c   Code   RO         2026    i.FLASH_Program_HalfWord  stm32f1xx_hal_flash.o
    0x08002760   0x0000005c   Code   RO         2027    i.FLASH_SetErrorCode  stm32f1xx_hal_flash.o
    0x080027bc   0x00000054   Code   RO         2028    i.FLASH_WaitForLastOperation  stm32f1xx_hal_flash.o
    0x08002810   0x0000021c   Code   RO          938    i.GPS_Init          gps.o
    0x08002a2c   0x00000046   Code   RO         1690    i.HAL_DMA_Abort     stm32f1xx_hal_dma.o
    0x08002a72   0x00000002   PAD
    0x08002a74   0x00000130   Code   RO         1691    i.HAL_DMA_Abort_IT  stm32f1xx_hal_dma.o
    0x08002ba4   0x00000248   Code   RO         1695    i.HAL_DMA_IRQHandler  stm32f1xx_hal_dma.o
    0x08002dec   0x0000007c   Code   RO         1696    i.HAL_DMA_Init      stm32f1xx_hal_dma.o
    0x08002e68   0x00000070   Code   RO         1700    i.HAL_DMA_Start_IT  stm32f1xx_hal_dma.o
    0x08002ed8   0x000000a8   Code   RO         2135    i.HAL_FLASHEx_Erase  stm32f1xx_hal_flash_ex.o
    0x08002f80   0x00000014   Code   RO         2032    i.HAL_FLASH_Lock    stm32f1xx_hal_flash.o
    0x08002f94   0x00000080   Code   RO         2037    i.HAL_FLASH_Program  stm32f1xx_hal_flash.o
    0x08003014   0x00000028   Code   RO         2039    i.HAL_FLASH_Unlock  stm32f1xx_hal_flash.o
    0x0800303c   0x000001f8   Code   RO         1626    i.HAL_GPIO_Init     stm32f1xx_hal_gpio.o
    0x08003234   0x00000010   Code   RO         1629    i.HAL_GPIO_TogglePin  stm32f1xx_hal_gpio.o
    0x08003244   0x0000000a   Code   RO         1630    i.HAL_GPIO_WritePin  stm32f1xx_hal_gpio.o
    0x0800324e   0x00000002   PAD
    0x08003250   0x0000000c   Code   RO         1320    i.HAL_GetTick       stm32f1xx_hal.o
    0x0800325c   0x0000005a   Code   RO         2286    i.HAL_IWDG_Init     stm32f1xx_hal_iwdg.o
    0x080032b6   0x0000000c   Code   RO         2287    i.HAL_IWDG_Refresh  stm32f1xx_hal_iwdg.o
    0x080032c2   0x00000002   PAD
    0x080032c4   0x00000010   Code   RO         1326    i.HAL_IncTick       stm32f1xx_hal.o
    0x080032d4   0x00000024   Code   RO         1327    i.HAL_Init          stm32f1xx_hal.o
    0x080032f8   0x00000098   Code   RO          712    i.HAL_InitTick      stm32f1xx_hal_timebase_tim.o
    0x08003390   0x00000048   Code   RO          688    i.HAL_MspInit       stm32f1xx_hal_msp.o
    0x080033d8   0x0000001a   Code   RO         1786    i.HAL_NVIC_EnableIRQ  stm32f1xx_hal_cortex.o
    0x080033f2   0x00000002   PAD
    0x080033f4   0x00000040   Code   RO         1792    i.HAL_NVIC_SetPriority  stm32f1xx_hal_cortex.o
    0x08003434   0x00000024   Code   RO         1793    i.HAL_NVIC_SetPriorityGrouping  stm32f1xx_hal_cortex.o
    0x08003458   0x00000024   Code   RO         1794    i.HAL_NVIC_SystemReset  stm32f1xx_hal_cortex.o
    0x0800347c   0x0000012c   Code   RO         1484    i.HAL_RCC_ClockConfig  stm32f1xx_hal_rcc.o
    0x080035a8   0x00000040   Code   RO         1488    i.HAL_RCC_GetClockConfig  stm32f1xx_hal_rcc.o
    0x080035e8   0x0000000c   Code   RO         1489    i.HAL_RCC_GetHCLKFreq  stm32f1xx_hal_rcc.o
    0x080035f4   0x00000020   Code   RO         1491    i.HAL_RCC_GetPCLK1Freq  stm32f1xx_hal_rcc.o
    0x08003614   0x00000020   Code   RO         1492    i.HAL_RCC_GetPCLK2Freq  stm32f1xx_hal_rcc.o
    0x08003634   0x0000004c   Code   RO         1493    i.HAL_RCC_GetSysClockFreq  stm32f1xx_hal_rcc.o
    0x08003680   0x00000320   Code   RO         1496    i.HAL_RCC_OscConfig  stm32f1xx_hal_rcc.o
    0x080039a0   0x00000028   Code   RO         1797    i.HAL_SYSTICK_Config  stm32f1xx_hal_cortex.o
    0x080039c8   0x00000002   Code   RO         3022    i.HAL_TIMEx_BreakCallback  stm32f1xx_hal_tim_ex.o
    0x080039ca   0x00000002   Code   RO         3023    i.HAL_TIMEx_CommutCallback  stm32f1xx_hal_tim_ex.o
    0x080039cc   0x0000007c   Code   RO         3041    i.HAL_TIMEx_MasterConfigSynchronization  stm32f1xx_hal_tim_ex.o
    0x08003a48   0x0000005a   Code   RO         2318    i.HAL_TIM_Base_Init  stm32f1xx_hal_tim.o
    0x08003aa2   0x00000002   PAD
    0x08003aa4   0x000000b8   Code   RO          410    i.HAL_TIM_Base_MspInit  tim.o
    0x08003b5c   0x0000006c   Code   RO         2323    i.HAL_TIM_Base_Start_IT  stm32f1xx_hal_tim.o
    0x08003bc8   0x000000dc   Code   RO         2327    i.HAL_TIM_ConfigClockSource  stm32f1xx_hal_tim.o
    0x08003ca4   0x0000009c   Code   RO          857    i.HAL_TIM_IC_CaptureCallback  uav_pump.o
    0x08003d40   0x00000124   Code   RO         2354    i.HAL_TIM_IC_ConfigChannel  stm32f1xx_hal_tim.o
    0x08003e64   0x0000005a   Code   RO         2357    i.HAL_TIM_IC_Init   stm32f1xx_hal_tim.o
    0x08003ebe   0x00000002   Code   RO         2359    i.HAL_TIM_IC_MspInit  stm32f1xx_hal_tim.o
    0x08003ec0   0x000000f8   Code   RO         2362    i.HAL_TIM_IC_Start_IT  stm32f1xx_hal_tim.o
    0x08003fb8   0x00000166   Code   RO         2366    i.HAL_TIM_IRQHandler  stm32f1xx_hal_tim.o
    0x0800411e   0x00000002   Code   RO         2369    i.HAL_TIM_OC_DelayElapsedCallback  stm32f1xx_hal_tim.o
    0x08004120   0x00000002   Code   RO         2396    i.HAL_TIM_PWM_PulseFinishedCallback  stm32f1xx_hal_tim.o
    0x08004122   0x00000002   PAD
    0x08004124   0x0000003c   Code   RO           14    i.HAL_TIM_PeriodElapsedCallback  main.o
    0x08004160   0x00000002   Code   RO         2409    i.HAL_TIM_TriggerCallback  stm32f1xx_hal_tim.o
    0x08004162   0x00000002   Code   RO         3301    i.HAL_UARTEx_RxEventCallback  stm32f1xx_hal_uart.o
    0x08004164   0x00000070   Code   RO         3313    i.HAL_UART_DMAStop  stm32f1xx_hal_uart.o
    0x080041d4   0x00000002   Code   RO         3315    i.HAL_UART_ErrorCallback  stm32f1xx_hal_uart.o
    0x080041d6   0x00000002   PAD
    0x080041d8   0x0000026c   Code   RO         3318    i.HAL_UART_IRQHandler  stm32f1xx_hal_uart.o
    0x08004444   0x00000064   Code   RO         3319    i.HAL_UART_Init     stm32f1xx_hal_uart.o
    0x080044a8   0x000002ac   Code   RO          464    i.HAL_UART_MspInit  usart.o
    0x08004754   0x0000001c   Code   RO         3323    i.HAL_UART_Receive_DMA  stm32f1xx_hal_uart.o
    0x08004770   0x0000001c   Code   RO         3324    i.HAL_UART_Receive_IT  stm32f1xx_hal_uart.o
    0x0800478c   0x000000a0   Code   RO          939    i.HAL_UART_RxCpltCallback  gps.o
    0x0800482c   0x00000002   Code   RO         3326    i.HAL_UART_RxHalfCpltCallback  stm32f1xx_hal_uart.o
    0x0800482e   0x0000009a   Code   RO         3327    i.HAL_UART_Transmit  stm32f1xx_hal_uart.o
    0x080048c8   0x00000078   Code   RO         3328    i.HAL_UART_Transmit_DMA  stm32f1xx_hal_uart.o
    0x08004940   0x00000002   Code   RO         3330    i.HAL_UART_TxCpltCallback  stm32f1xx_hal_uart.o
    0x08004942   0x00000002   Code   RO         3331    i.HAL_UART_TxHalfCpltCallback  stm32f1xx_hal_uart.o
    0x08004944   0x00000002   Code   RO          554    i.HardFault_Handler  stm32f1xx_it.o
    0x08004946   0x00000002   PAD
    0x08004948   0x00000044   Code   RO         1088    i.Internal_ReadFlash  flash.o
    0x0800498c   0x000000fc   Code   RO         1089    i.Internal_WriteFlash  flash.o
    0x08004a88   0x00000044   Code   RO         1090    i.Internal_WriteFlashNoCheck  flash.o
    0x08004acc   0x0000008c   Code   RO          355    i.MX_DMA_Init       dma.o
    0x08004b58   0x000000c0   Code   RO          266    i.MX_FREERTOS_Init  freertos.o
    0x08004c18   0x00000100   Code   RO          238    i.MX_GPIO_Init      gpio.o
    0x08004d18   0x00000002   Code   RO          379    i.MX_IWDG_Init      iwdg.o
    0x08004d1a   0x00000002   PAD
    0x08004d1c   0x00000098   Code   RO          411    i.MX_TIM3_Init      tim.o
    0x08004db4   0x00000068   Code   RO          412    i.MX_TIM4_Init      tim.o
    0x08004e1c   0x00000044   Code   RO          413    i.MX_TIM7_Init      tim.o
    0x08004e60   0x00000038   Code   RO          465    i.MX_UART4_Init     usart.o
    0x08004e98   0x00000038   Code   RO          466    i.MX_USART1_UART_Init  usart.o
    0x08004ed0   0x00000038   Code   RO          467    i.MX_USART2_UART_Init  usart.o
    0x08004f08   0x00000038   Code   RO          468    i.MX_USART3_UART_Init  usart.o
    0x08004f40   0x00000002   Code   RO          555    i.MemManage_Handler  stm32f1xx_it.o
    0x08004f42   0x00000002   Code   RO          556    i.NMI_Handler       stm32f1xx_it.o
    0x08004f44   0x000000bc   Code   RO         1019    i.PointInsidePolygon  edgeprocessing.o
    0x08005000   0x00000002   Code   RO          858    i.PumpDisconnectDetection  uav_pump.o
    0x08005002   0x00000002   PAD
    0x08005004   0x00000070   Code   RO         1134    i.ReadLonAndLat     map_data.o
    0x08005074   0x00000048   Code   RO          801    i.SendSlaveReadCMD  slave_usart.o
    0x080050bc   0x00000048   Code   RO          802    i.SendSlaveSpeed    slave_usart.o
    0x08005104   0x00000234   Code   RO          751    i.SendSlaveUpperComData  uppercom_usart.o
    0x08005338   0x00000200   Code   RO          267    i.StartEXTIISRTask  freertos.o
    0x08005538   0x0000002c   Code   RO          268    i.StartIWDGTask     freertos.o
    0x08005564   0x000000d4   Code   RO          269    i.StartSlaveControlTask  freertos.o
    0x08005638   0x0000002c   Code   RO         4987    i.SysTick_Handler   port.o
    0x08005664   0x00000064   Code   RO           15    i.SystemClock_Config  main.o
    0x080056c8   0x00000002   Code   RO         3653    i.SystemInit        system_stm32f1xx.o
    0x080056ca   0x00000002   PAD
    0x080056cc   0x0000000c   Code   RO          557    i.TIM3_IRQHandler   stm32f1xx_it.o
    0x080056d8   0x0000000c   Code   RO          558    i.TIM4_IRQHandler   stm32f1xx_it.o
    0x080056e4   0x00000030   Code   RO         1181    i.TIM4_PeriodElapsedCallback  tim_it.o
    0x08005714   0x0000000c   Code   RO          559    i.TIM6_IRQHandler   stm32f1xx_it.o
    0x08005720   0x0000000c   Code   RO          560    i.TIM7_IRQHandler   stm32f1xx_it.o
    0x0800572c   0x00000034   Code   RO         1182    i.TIM7_PeriodElapsedCallback  tim_it.o
    0x08005760   0x0000008c   Code   RO         2411    i.TIM_Base_SetConfig  stm32f1xx_hal_tim.o
    0x080057ec   0x0000001a   Code   RO         2412    i.TIM_CCxChannelCmd  stm32f1xx_hal_tim.o
    0x08005806   0x00000014   Code   RO         2422    i.TIM_ETR_SetConfig  stm32f1xx_hal_tim.o
    0x0800581a   0x00000010   Code   RO         2423    i.TIM_ITRx_SetConfig  stm32f1xx_hal_tim.o
    0x0800582a   0x00000022   Code   RO         2429    i.TIM_TI1_ConfigInputStage  stm32f1xx_hal_tim.o
    0x0800584c   0x0000006c   Code   RO         2430    i.TIM_TI1_SetConfig  stm32f1xx_hal_tim.o
    0x080058b8   0x00000024   Code   RO         2431    i.TIM_TI2_ConfigInputStage  stm32f1xx_hal_tim.o
    0x080058dc   0x00000036   Code   RO         2432    i.TIM_TI2_SetConfig  stm32f1xx_hal_tim.o
    0x08005912   0x00000002   PAD
    0x08005914   0x00000050   Code   RO          803    i.TaskSendRead      slave_usart.o
    0x08005964   0x00000068   Code   RO          804    i.TaskSendSpeed     slave_usart.o
    0x080059cc   0x000001ac   Code   RO          752    i.UART1_IDLE_Handler  uppercom_usart.o
    0x08005b78   0x00000014   Code   RO          561    i.UART4_IRQHandler  stm32f1xx_it.o
    0x08005b8c   0x00000010   Code   RO         3332    i.UART_DMAAbortOnError  stm32f1xx_hal_uart.o
    0x08005b9c   0x0000004a   Code   RO         3333    i.UART_DMAError     stm32f1xx_hal_uart.o
    0x08005be6   0x00000086   Code   RO         3334    i.UART_DMAReceiveCplt  stm32f1xx_hal_uart.o
    0x08005c6c   0x0000001e   Code   RO         3336    i.UART_DMARxHalfCplt  stm32f1xx_hal_uart.o
    0x08005c8a   0x00000042   Code   RO         3338    i.UART_DMATransmitCplt  stm32f1xx_hal_uart.o
    0x08005ccc   0x0000000a   Code   RO         3340    i.UART_DMATxHalfCplt  stm32f1xx_hal_uart.o
    0x08005cd6   0x0000004e   Code   RO         3342    i.UART_EndRxTransfer  stm32f1xx_hal_uart.o
    0x08005d24   0x0000001c   Code   RO         3343    i.UART_EndTxTransfer  stm32f1xx_hal_uart.o
    0x08005d40   0x000000c2   Code   RO         3344    i.UART_Receive_IT   stm32f1xx_hal_uart.o
    0x08005e02   0x00000002   PAD
    0x08005e04   0x000000b8   Code   RO         3345    i.UART_SetConfig    stm32f1xx_hal_uart.o
    0x08005ebc   0x00000090   Code   RO         3346    i.UART_Start_Receive_DMA  stm32f1xx_hal_uart.o
    0x08005f4c   0x00000036   Code   RO         3347    i.UART_Start_Receive_IT  stm32f1xx_hal_uart.o
    0x08005f82   0x00000078   Code   RO         3348    i.UART_WaitOnFlagUntilTimeout  stm32f1xx_hal_uart.o
    0x08005ffa   0x00000002   PAD
    0x08005ffc   0x00000014   Code   RO          562    i.USART1_IRQHandler  stm32f1xx_it.o
    0x08006010   0x0000000c   Code   RO          563    i.USART2_IRQHandler  stm32f1xx_it.o
    0x0800601c   0x000000d8   Code   RO          805    i.USART3_IDLE_Handler  slave_usart.o
    0x080060f4   0x00000014   Code   RO          564    i.USART3_IRQHandler  stm32f1xx_it.o
    0x08006108   0x00000250   Code   RO          896    i.USART4_IDLE_Handler  rtk_usart_it.o
    0x08006358   0x0000000c   Code   RO          270    i.UpperRTK_TimerCallback  freertos.o
    0x08006364   0x00000002   Code   RO          565    i.UsageFault_Handler  stm32f1xx_it.o
    0x08006366   0x00000002   PAD
    0x08006368   0x0000004c   Code   RO         1136    i.WriteLonAndLat    map_data.o
    0x080063b4   0x00000038   Code   RO          469    i._USART2_UART_Init  usart.o
    0x080063ec   0x00000028   Code   RO         5284    i.__ARM_fpclassify  m_ws.l(fpclassify.o)
    0x08006414   0x00000020   Code   RO         1799    i.__NVIC_SetPriority  stm32f1xx_hal_cortex.o
    0x08006434   0x00000388   Code   RO         5289    i.__ieee754_rem_pio2  m_ws.l(rred.o)
    0x080067bc   0x000000fc   Code   RO         5267    i.__kernel_cos      m_ws.l(cos_i.o)
    0x080068b8   0x000000aa   Code   RO         5286    i.__kernel_poly     m_ws.l(poly.o)
    0x08006962   0x00000002   PAD
    0x08006964   0x000000ec   Code   RO         5294    i.__kernel_sin      m_ws.l(sin_i.o)
    0x08006a50   0x00000006   Code   RO         5271    i.__mathlib_dbl_infnan  m_ws.l(dunder.o)
    0x08006a56   0x00000004   Code   RO         5272    i.__mathlib_dbl_infnan2  m_ws.l(dunder.o)
    0x08006a5a   0x0000000c   Code   RO         5273    i.__mathlib_dbl_invalid  m_ws.l(dunder.o)
    0x08006a66   0x0000000e   Code   RO         5274    i.__mathlib_dbl_overflow  m_ws.l(dunder.o)
    0x08006a74   0x00000010   Code   RO         5276    i.__mathlib_dbl_underflow  m_ws.l(dunder.o)
    0x08006a84   0x00000010   Code   RO         5466    i.__mathlib_narrow  m_ws.l(narrow.o)
    0x08006a94   0x00000088   Code   RO         5467    i.__mathlib_tofloat  m_ws.l(narrow.o)
    0x08006b1c   0x00000016   Code   RO         5507    i.__support_ldexp   m_ws.l(ldexp.o)
    0x08006b32   0x0000000e   Code   RO         5112    i._is_digit         c_w.l(__printf_wp.o)
    0x08006b40   0x00000002   Code   RO          470    i._sys_exit         usart.o
    0x08006b42   0x00000002   PAD
    0x08006b44   0x00000270   Code   RO         5184    i.asin              m_ws.l(asin.o)
    0x08006db4   0x00000220   Code   RO         5258    i.atan              m_ws.l(atan.o)
    0x08006fd4   0x00000180   Code   RO         5194    i.atan2             m_ws.l(atan2.o)
    0x08007154   0x0000002a   Code   RO         5202    i.atof              m_ws.l(atof.o)
    0x0800717e   0x00000002   PAD
    0x08007180   0x0000009c   Code   RO         5206    i.cos               m_ws.l(cos.o)
    0x0800721c   0x00000144   Code   RO         1020    i.destination_point  edgeprocessing.o
    0x08007360   0x0000004c   Code   RO         1021    i.dms_to_degrees    edgeprocessing.o
    0x080073ac   0x00000058   Code   RO         5490    i.frexp             m_ws.l(frexp.o)
    0x08007404   0x00000350   Code   RO          941    i.getStringAfterNthComma  gps.o
    0x08007754   0x0000000c   Code   RO         4580    i.inHandlerMode     cmsis_os.o
    0x08007760   0x00000074   Code   RO         5508    i.ldexp             m_ws.l(ldexp.o)
    0x080077d4   0x00000190   Code   RO           16    i.main              main.o
    0x08007964   0x0000000c   Code   RO         4582    i.makeFreeRtosPriority  cmsis_os.o
    0x08007970   0x0000000e   Code   RO         4584    i.osDelay           cmsis_os.o
    0x0800797e   0x0000000a   Code   RO         4587    i.osKernelStart     cmsis_os.o
    0x08007988   0x0000003e   Code   RO         4613    i.osSemaphoreCreate  cmsis_os.o
    0x080079c6   0x00000002   PAD
    0x080079c8   0x00000050   Code   RO         4616    i.osSemaphoreRelease  cmsis_os.o
    0x08007a18   0x00000064   Code   RO         4617    i.osSemaphoreWait   cmsis_os.o
    0x08007a7c   0x00000054   Code   RO         4621    i.osThreadCreate    cmsis_os.o
    0x08007ad0   0x00000034   Code   RO         4625    i.osThreadResume    cmsis_os.o
    0x08007b04   0x0000000a   Code   RO         4628    i.osThreadSuspend   cmsis_os.o
    0x08007b0e   0x00000002   PAD
    0x08007b10   0x00000040   Code   RO         4632    i.osTimerCreate     cmsis_os.o
    0x08007b50   0x0000005c   Code   RO         4634    i.osTimerStart      cmsis_os.o
    0x08007bac   0x00000020   Code   RO          942    i.parseGNRMC        gps.o
    0x08007bcc   0x00000070   Code   RO         4152    i.prvAddCurrentTaskToDelayedList  tasks.o
    0x08007c3c   0x000000d0   Code   RO         4153    i.prvAddNewTaskToReadyList  tasks.o
    0x08007d0c   0x00000058   Code   RO         4451    i.prvCheckForValidListAndQueue  timers.o
    0x08007d64   0x00000026   Code   RO         3831    i.prvCopyDataFromQueue  queue.o
    0x08007d8a   0x0000006c   Code   RO         3832    i.prvCopyDataToQueue  queue.o
    0x08007df6   0x00000034   Code   RO         4154    i.prvDeleteTCB      tasks.o
    0x08007e2a   0x00000002   PAD
    0x08007e2c   0x0000004c   Code   RO         4937    i.prvHeapInit       heap_4.o
    0x08007e78   0x00000060   Code   RO         4155    i.prvIdleTask       tasks.o
    0x08007ed8   0x00000016   Code   RO         3834    i.prvInitialiseNewQueue  queue.o
    0x08007eee   0x0000008e   Code   RO         4156    i.prvInitialiseNewTask  tasks.o
    0x08007f7c   0x00000044   Code   RO         4452    i.prvInitialiseNewTimer  timers.o
    0x08007fc0   0x0000004c   Code   RO         4938    i.prvInsertBlockIntoFreeList  heap_4.o
    0x0800800c   0x00000038   Code   RO         4453    i.prvInsertTimerInActiveList  timers.o
    0x08008044   0x0000001c   Code   RO         3835    i.prvIsQueueEmpty   queue.o
    0x08008060   0x000000bc   Code   RO         4454    i.prvProcessReceivedCommands  timers.o
    0x0800811c   0x000000b4   Code   RO         4455    i.prvProcessTimerOrBlockTask  timers.o
    0x080081d0   0x00000020   Code   RO         4157    i.prvResetNextTaskUnblockTime  tasks.o
    0x080081f0   0x00000028   Code   RO         4456    i.prvSampleTimeNow  timers.o
    0x08008218   0x0000006c   Code   RO         4457    i.prvSwitchTimerLists  timers.o
    0x08008284   0x00000028   Code   RO         4988    i.prvTaskExitError  port.o
    0x080082ac   0x00000034   Code   RO         4158    i.prvTaskIsTaskSuspended  tasks.o
    0x080082e0   0x00000014   Code   RO         3696    i.prvTestWaitCondition  event_groups.o
    0x080082f4   0x00000024   Code   RO         4458    i.prvTimerTask      timers.o
    0x08008318   0x0000006a   Code   RO         3836    i.prvUnlockQueue    queue.o
    0x08008382   0x00000002   PAD
    0x08008384   0x000000d8   Code   RO         4939    i.pvPortMalloc      heap_4.o
    0x0800845c   0x00000018   Code   RO         4159    i.pvTaskIncrementMutexHeldCount  tasks.o
    0x08008474   0x00000024   Code   RO         4989    i.pxPortInitialiseStack  port.o
    0x08008498   0x000000a0   Code   RO         5214    i.sin               m_ws.l(sin.o)
    0x08008538   0x0000004c   Code   RO         5301    i.sqrt              m_ws.l(sqrt.o)
    0x08008584   0x0000002c   Code   RO          943    i.substring         gps.o
    0x080085b0   0x00000020   Code   RO         1022    i.to_degrees        edgeprocessing.o
    0x080085d0   0x00000026   Code   RO         3791    i.uxListRemove      list.o
    0x080085f6   0x00000002   PAD
    0x080085f8   0x00000018   Code   RO         4164    i.uxTaskResetEventItemValue  tasks.o
    0x08008610   0x00000014   Code   RO          271    i.vApplicationGetIdleTaskMemory  freertos.o
    0x08008624   0x00000018   Code   RO          272    i.vApplicationGetTimerTaskMemory  freertos.o
    0x0800863c   0x00000016   Code   RO         3792    i.vListInitialise   list.o
    0x08008652   0x00000006   Code   RO         3793    i.vListInitialiseItem  list.o
    0x08008658   0x00000030   Code   RO         3794    i.vListInsert       list.o
    0x08008688   0x00000018   Code   RO         3795    i.vListInsertEnd    list.o
    0x080086a0   0x00000040   Code   RO         4991    i.vPortEnterCritical  port.o
    0x080086e0   0x00000028   Code   RO         4992    i.vPortExitCritical  port.o
    0x08008708   0x0000005c   Code   RO         4940    i.vPortFree         heap_4.o
    0x08008764   0x00000024   Code   RO         4993    i.vPortSetupTimerInterrupt  port.o
    0x08008788   0x00000054   Code   RO         4994    i.vPortValidateInterruptPriority  port.o
    0x080087dc   0x00000028   Code   RO         3840    i.vQueueAddToRegistry  queue.o
    0x08008804   0x00000044   Code   RO         3843    i.vQueueWaitForMessageRestricted  queue.o
    0x08008848   0x0000004c   Code   RO         4165    i.vTaskDelay        tasks.o
    0x08008894   0x00000010   Code   RO         4168    i.vTaskInternalSetTimeOutState  tasks.o
    0x080088a4   0x0000000c   Code   RO         4169    i.vTaskMissedYield  tasks.o
    0x080088b0   0x00000030   Code   RO         4171    i.vTaskPlaceOnEventList  tasks.o
    0x080088e0   0x00000038   Code   RO         4172    i.vTaskPlaceOnEventListRestricted  tasks.o
    0x08008918   0x00000050   Code   RO         4173    i.vTaskPlaceOnUnorderedEventList  tasks.o
    0x08008968   0x000000a8   Code   RO         4174    i.vTaskPriorityDisinheritAfterTimeout  tasks.o
    0x08008a10   0x00000070   Code   RO         4176    i.vTaskRemoveFromUnorderedEventList  tasks.o
    0x08008a80   0x0000007c   Code   RO         4177    i.vTaskResume       tasks.o
    0x08008afc   0x00000088   Code   RO         4179    i.vTaskStartScheduler  tasks.o
    0x08008b84   0x000000bc   Code   RO         4180    i.vTaskSuspend      tasks.o
    0x08008c40   0x00000010   Code   RO         4181    i.vTaskSuspendAll   tasks.o
    0x08008c50   0x0000005c   Code   RO         4182    i.vTaskSwitchContext  tasks.o
    0x08008cac   0x0000001c   Code   RO         3701    i.xEventGroupCreate  event_groups.o
    0x08008cc8   0x0000008c   Code   RO         3704    i.xEventGroupSetBits  event_groups.o
    0x08008d54   0x00000108   Code   RO         3706    i.xEventGroupWaitBits  event_groups.o
    0x08008e5c   0x000000a8   Code   RO         4995    i.xPortStartScheduler  port.o
    0x08008f04   0x00000048   Code   RO         3846    i.xQueueGenericCreate  queue.o
    0x08008f4c   0x00000066   Code   RO         3847    i.xQueueGenericCreateStatic  queue.o
    0x08008fb2   0x00000002   PAD
    0x08008fb4   0x00000088   Code   RO         3848    i.xQueueGenericReset  queue.o
    0x0800903c   0x00000160   Code   RO         3849    i.xQueueGenericSend  queue.o
    0x0800919c   0x000000bc   Code   RO         3850    i.xQueueGenericSendFromISR  queue.o
    0x08009258   0x0000009c   Code   RO         3851    i.xQueueGiveFromISR  queue.o
    0x080092f4   0x00000138   Code   RO         3856    i.xQueueReceive     queue.o
    0x0800942c   0x0000009a   Code   RO         3857    i.xQueueReceiveFromISR  queue.o
    0x080094c6   0x00000002   PAD
    0x080094c8   0x00000178   Code   RO         3858    i.xQueueSemaphoreTake  queue.o
    0x08009640   0x00000074   Code   RO         4183    i.xTaskCheckForTimeOut  tasks.o
    0x080096b4   0x0000005a   Code   RO         4184    i.xTaskCreate       tasks.o
    0x0800970e   0x00000056   Code   RO         4185    i.xTaskCreateStatic  tasks.o
    0x08009764   0x0000001c   Code   RO         4189    i.xTaskGetSchedulerState  tasks.o
    0x08009780   0x0000000c   Code   RO         4190    i.xTaskGetTickCount  tasks.o
    0x0800978c   0x000000c8   Code   RO         4192    i.xTaskIncrementTick  tasks.o
    0x08009854   0x00000098   Code   RO         4195    i.xTaskPriorityDisinherit  tasks.o
    0x080098ec   0x00000094   Code   RO         4196    i.xTaskPriorityInherit  tasks.o
    0x08009980   0x00000074   Code   RO         4197    i.xTaskRemoveFromEventList  tasks.o
    0x080099f4   0x000000c4   Code   RO         4198    i.xTaskResumeAll    tasks.o
    0x08009ab8   0x00000088   Code   RO         4199    i.xTaskResumeFromISR  tasks.o
    0x08009b40   0x00000034   Code   RO         4461    i.xTimerCreate      timers.o
    0x08009b74   0x0000002e   Code   RO         4462    i.xTimerCreateStatic  timers.o
    0x08009ba2   0x00000002   PAD
    0x08009ba4   0x00000060   Code   RO         4463    i.xTimerCreateTimerTask  timers.o
    0x08009c04   0x00000060   Code   RO         4464    i.xTimerGenericCommand  timers.o
    0x08009c64   0x0000002c   Code   RO         5371    locale$$code        c_w.l(lc_numeric_c.o)
    0x08009c90   0x0000002c   Code   RO         5390    locale$$code        c_w.l(lc_ctype_c.o)
    0x08009cbc   0x00000062   Code   RO         5151    x$fpl$d2f           fz_ws.l(d2f.o)
    0x08009d1e   0x00000002   PAD
    0x08009d20   0x00000150   Code   RO         5153    x$fpl$dadd          fz_ws.l(daddsub_clz.o)
    0x08009e70   0x00000010   Code   RO         5373    x$fpl$dcheck1       fz_ws.l(dcheck1.o)
    0x08009e80   0x00000018   Code   RO         5375    x$fpl$dcmpinf       fz_ws.l(dcmpi.o)
    0x08009e98   0x000002b0   Code   RO         5160    x$fpl$ddiv          fz_ws.l(ddiv.o)
    0x0800a148   0x00000078   Code   RO         5487    x$fpl$deqf          fz_ws.l(deqf.o)
    0x0800a1c0   0x0000005e   Code   RO         5163    x$fpl$dfix          fz_ws.l(dfix.o)
    0x0800a21e   0x00000002   PAD
    0x0800a220   0x0000005a   Code   RO         5167    x$fpl$dfixu         fz_ws.l(dfixu.o)
    0x0800a27a   0x0000002e   Code   RO         5172    x$fpl$dflt          fz_ws.l(dflt_clz.o)
    0x0800a2a8   0x00000026   Code   RO         5171    x$fpl$dfltu         fz_ws.l(dflt_clz.o)
    0x0800a2ce   0x00000002   PAD
    0x0800a2d0   0x00000078   Code   RO         5246    x$fpl$dleqf         fz_ws.l(dleqf.o)
    0x0800a348   0x00000154   Code   RO         5177    x$fpl$dmul          fz_ws.l(dmul.o)
    0x0800a49c   0x0000009c   Code   RO         5248    x$fpl$dnaninf       fz_ws.l(dnaninf.o)
    0x0800a538   0x0000000c   Code   RO         5250    x$fpl$dretinf       fz_ws.l(dretinf.o)
    0x0800a544   0x0000006c   Code   RO         5179    x$fpl$drleqf        fz_ws.l(drleqf.o)
    0x0800a5b0   0x00000016   Code   RO         5154    x$fpl$drsb          fz_ws.l(daddsub_clz.o)
    0x0800a5c6   0x00000002   PAD
    0x0800a5c8   0x000001cc   Code   RO         5377    x$fpl$dsqrt         fz_ws.l(dsqrt_noumaal.o)
    0x0800a794   0x000001d4   Code   RO         5155    x$fpl$dsub          fz_ws.l(daddsub_clz.o)
    0x0800a968   0x0000000a   Code   RO         5252    x$fpl$fretinf       fz_ws.l(fretinf.o)
    0x0800a972   0x00000004   Code   RO         5181    x$fpl$printf1       fz_ws.l(printf1.o)
    0x0800a976   0x00000064   Code   RO         5447    x$fpl$retnan        fz_ws.l(retnan.o)
    0x0800a9da   0x0000005c   Code   RO         5254    x$fpl$scalbn        fz_ws.l(scalbn.o)
    0x0800aa36   0x00000004   Code   RO         5381    x$fpl$scanf1        fz_ws.l(scanf1.o)
    0x0800aa3a   0x00000008   Code   RO         5458    x$fpl$scanf2        fz_ws.l(scanf2.o)
    0x0800aa42   0x00000030   Code   RO         5464    x$fpl$trapveneer    fz_ws.l(trapv.o)
    0x0800aa72   0x00000000   Code   RO         5256    x$fpl$usenofp       fz_ws.l(usenofp.o)
    0x0800aa72   0x00000002   PAD
    0x0800aa74   0x0000005c   Data   RO          274    .constdata          freertos.o
    0x0800aad0   0x00000012   Data   RO         1497    .constdata          stm32f1xx_hal_rcc.o
    0x0800aae2   0x00000010   Data   RO         3654    .constdata          system_stm32f1xx.o
    0x0800aaf2   0x00000008   Data   RO         3655    .constdata          system_stm32f1xx.o
    0x0800aafa   0x00000028   Data   RO         5085    .constdata          c_w.l(_printf_hex_int.o)
    0x0800ab22   0x00000011   Data   RO         5120    .constdata          c_w.l(__printf_flags_ss_wp.o)
    0x0800ab33   0x00000005   PAD
    0x0800ab38   0x00000050   Data   RO         5185    .constdata          m_ws.l(asin.o)
    0x0800ab88   0x00000098   Data   RO         5259    .constdata          m_ws.l(atan.o)
    0x0800ac20   0x00000030   Data   RO         5268    .constdata          m_ws.l(cos_i.o)
    0x0800ac50   0x00000008   Data   RO         5288    .constdata          m_ws.l(qnan.o)
    0x0800ac58   0x000000c8   Data   RO         5291    .constdata          m_ws.l(rred.o)
    0x0800ad20   0x00000028   Data   RO         5295    .constdata          m_ws.l(sin_i.o)
    0x0800ad48   0x00000094   Data   RO         5346    .constdata          c_w.l(bigflt0.o)
    0x0800addc   0x00000026   Data   RO          275    .conststring        freertos.o
    0x0800ae02   0x00000002   PAD
    0x0800ae04   0x00000020   Data   RO         5565    Region$$Table       anon$$obj.o
    0x0800ae24   0x00000008   Data   RO         5453    c$$dinf             fz_ws.l(fpconst.o)
    0x0800ae2c   0x0000001c   Data   RO         5370    locale$$data        c_w.l(lc_numeric_c.o)
    0x0800ae48   0x00000110   Data   RO         5389    locale$$data        c_w.l(lc_ctype_c.o)


    Execution Region RW_IRAM1 (Base: 0x20000000, Size: 0x0000a010, Max: 0x0000bf00, ABSOLUTE, COMPRESSED[0x00000044])

    Base Addr    Size         Type   Attr      Idx    E Section Name        Object

    0x20000000   0x00000001   Data   RW           17    .data               main.o
    0x20000001   0x00000003   PAD
    0x20000004   0x0000002c   Data   RW          276    .data               freertos.o
    0x20000030   0x00000030   Data   RW          754    .data               uppercom_usart.o
    0x20000060   0x00000008   Data   RW          755    .data               uppercom_usart.o
    0x20000068   0x0000001b   Data   RW          807    .data               slave_usart.o
    0x20000083   0x00000001   PAD
    0x20000084   0x00000008   Data   RW          859    .data               uav_pump.o
    0x2000008c   0x00000001   Data   RW          899    .data               rtk_usart_it.o
    0x2000008d   0x00000003   PAD
    0x20000090   0x00000004   Data   RW          947    .data               gps.o
    0x20000094   0x00000004   PAD
    0x20000098   0x00000040   Data   RW         1024    .data               edgeprocessing.o
    0x200000d8   0x00000001   Data   RW         1138    .data               map_data.o
    0x200000d9   0x00000003   Data   RW         1183    .data               tim_it.o
    0x200000dc   0x0000000c   Data   RW         1334    .data               stm32f1xx_hal.o
    0x200000e8   0x00000004   Data   RW         3656    .data               system_stm32f1xx.o
    0x200000ec   0x0000003c   Data   RW         4201    .data               tasks.o
    0x20000128   0x00000014   Data   RW         4470    .data               timers.o
    0x2000013c   0x00000018   Data   RW         4945    .data               heap_4.o
    0x20000154   0x0000000c   Data   RW         4996    .data               port.o
    0x20000160   0x000006a8   Zero   RW          273    .bss                freertos.o
    0x20000808   0x0000000c   Zero   RW          380    .bss                iwdg.o
    0x20000814   0x000000d8   Zero   RW          414    .bss                tim.o
    0x200008ec   0x000002b8   Zero   RW          472    .bss                usart.o
    0x20000ba4   0x00000048   Zero   RW          715    .bss                stm32f1xx_hal_timebase_tim.o
    0x20000bec   0x00000385   Zero   RW          753    .bss                uppercom_usart.o
    0x20000f71   0x000001a6   Zero   RW          806    .bss                slave_usart.o
    0x20001117   0x00000191   Zero   RW          897    .bss                rtk_usart_it.o
    0x200012a8   0x000002da   Zero   RW          946    .bss                gps.o
    0x20001582   0x00000006   PAD
    0x20001588   0x000001f0   Zero   RW         1023    .bss                edgeprocessing.o
    0x20001778   0x00000800   Zero   RW         1091    .bss                flash.o
    0x20001f78   0x00000020   Zero   RW         2040    .bss                stm32f1xx_hal_flash.o
    0x20001f98   0x00000040   Zero   RW         3859    .bss                queue.o
    0x20001fd8   0x000000f0   Zero   RW         4200    .bss                tasks.o
    0x200020c8   0x000000e8   Zero   RW         4469    .bss                timers.o
    0x200021b0   0x00007800   Zero   RW         4944    .bss                heap_4.o
    0x200099b0   0x00000060   Zero   RW         5309    .bss                c_w.l(libspace.o)
    0x20009a10   0x00000200   Zero   RW            2    HEAP                startup_stm32f103xe.o
    0x20009c10   0x00000400   Zero   RW            1    STACK               startup_stm32f103xe.o


    Execution Region RW_IRAM2 (Base: 0x2000bf00, Size: 0x00000014, Max: 0x00000100, ABSOLUTE, UNINIT)

    Base Addr    Size         Type   Attr      Idx    E Section Name        Object

    0x2000bf00   0x00000001   Zero   RW          944    .ARM.__AT_0x2000BF00  gps.o
    0x2000bf01   0x0000000f   PAD
    0x2000bf10   0x00000001   Zero   RW          945    .ARM.__AT_0x2000BF10  gps.o


==============================================================================

Image component sizes


      Code (inc. data)   RO Data    RW Data    ZI Data      Debug   Object Name

       592         24          0          0          0      25938   cmsis_os.o
       140          4          0          0          0        798   dma.o
      1044         94          0         64        496       5565   edgeprocessing.o
       452          4          0          0          0      24091   event_groups.o
       388         18          0          0       2048       3400   flash.o
      1016        138        130         44       1704       6505   freertos.o
       256         18          0          0          0        967   gpio.o
      1624        228          0          4        732      11258   gps.o
       460         24          0         24      30720       4559   heap_4.o
         2          0          0          0         12        587   iwdg.o
       138          0          0          0          0       3282   list.o
       564        108          0          1          0     530921   main.o
       188         10          0          1          0       2637   map_data.o
       662         70          0         12          0      10953   port.o
      2258         24          0          0         64      19595   queue.o
       592         60          0          1        401       2663   rtk_usart_it.o
       544         58          0         27        422       4543   slave_usart.o
        64         26        304          0       1536        792   startup_stm32f103xe.o
        64         14          0         12          0       5142   stm32f1xx_hal.o
       234         24          0          0          0      29390   stm32f1xx_hal_cortex.o
      1236         52          0          0          0       4994   stm32f1xx_hal_dma.o
       392         46          0          0         32       4586   stm32f1xx_hal_flash.o
       240         26          0          0          0       3173   stm32f1xx_hal_flash_ex.o
       530         42          0          0          0       3441   stm32f1xx_hal_gpio.o
       102          0          0          0          0       1779   stm32f1xx_hal_iwdg.o
        72         10          0          0          0        834   stm32f1xx_hal_msp.o
      1316        100         18          0          0       6045   stm32f1xx_hal_rcc.o
      1848         80          0          0          0      14324   stm32f1xx_hal_tim.o
       128         20          0          0          0       2329   stm32f1xx_hal_tim_ex.o
       152         20          0          0         72       1423   stm32f1xx_hal_timebase_tim.o
      2304         38          0          0          0      18207   stm32f1xx_hal_uart.o
       204         78          0          0          0       8532   stm32f1xx_it.o
         0          0          0          0          0        384   stream_buffer.o
         2          0         24          4          0       1059   system_stm32f1xx.o
      3146        236          0         60        240      30988   tasks.o
       508         44          0          0        216       3000   tim.o
       100         20          0          3          0        938   tim_it.o
      1054         78          0         20        232      28947   timers.o
       158         20          0          8          0       1937   uav_pump.o
       992         76          0         56        901       4030   uppercom_usart.o
       966         92          0          0        696       6323   usart.o

    ----------------------------------------------------------------------
     26782       2024        510        352      40548     840859   Object Totals
         0          0         32          0          0          0   (incl. Generated)
        50          0          2         11         24          0   (incl. Padding)

    ----------------------------------------------------------------------

      Code (inc. data)   RO Data    RW Data    ZI Data      Debug   Library Member Name

        90          0          0          0          0          0   __dczerorl2.o
         8          0          0          0          0         68   __main.o
       392          4         17          0          0         92   __printf_flags_ss_wp.o
        14          0          0          0          0         68   __printf_wp.o
         0          0          0          0          0          0   __rtentry.o
        12          0          0          0          0          0   __rtentry2.o
         6          0          0          0          0          0   __rtentry4.o
        52          8          0          0          0          0   __scatter.o
        28          0          0          0          0          0   __scatter_zi.o
        28          0          0          0          0         68   _chval.o
        44          0          0          0          0        108   _printf_char.o
        48          6          0          0          0         96   _printf_char_common.o
         6          0          0          0          0          0   _printf_d.o
       120         16          0          0          0         92   _printf_dec.o
         6          0          0          0          0          0   _printf_f.o
      1050          0          0          0          0        216   _printf_fp_dec.o
       128         16          0          0          0         84   _printf_fp_infnan.o
        88          4         40          0          0         88   _printf_hex_int.o
       178          0          0          0          0         88   _printf_intcommon.o
        78          0          0          0          0        108   _printf_pad.o
         0          0          0          0          0          0   _printf_percent.o
         4          0          0          0          0          0   _printf_percent_end.o
         6          0          0          0          0          0   _printf_s.o
        82          0          0          0          0         80   _printf_str.o
         6          0          0          0          0          0   _printf_x.o
        22          0          0          0          0        100   _rserrno.o
        64          0          0          0          0         84   _sgetc.o
        10          0          0          0          0         68   _sputc.o
       158          0          0          0          0         92   _strtoul.o
        26          0          0          0          0         80   atoi.o
       220          4        148          0          0         96   bigflt0.o
      2074        132          0          0          0        940   btod.o
        18          0          0          0          0         80   exit.o
         6          0          0          0          0        152   heapauxi.o
        18          0          0          0          0         76   isspace.o
        44         10        272          0          0         76   lc_ctype_c.o
        44         10         28          0          0         76   lc_numeric_c.o
         2          0          0          0          0          0   libinit.o
        30          0          0          0          0          0   libinit2.o
         2          0          0          0          0          0   libshutdown.o
         2          0          0          0          0          0   libshutdown2.o
         8          4          0          0         96         68   libspace.o
        38          0          0          0          0         68   llshl.o
       138          0          0          0          0         80   lludiv10.o
        38          0          0          0          0         68   llushr.o
        40          6          0          0          0         84   noretval__2sprintf.o
        16          4          0          0          0         76   rt_ctype_table.o
         8          4          0          0          0         68   rt_errno_addr_intlibspace.o
         8          4          0          0          0         68   rt_locale_intlibspace.o
        68          0          0          0          0         68   rt_memclr.o
        78          0          0          0          0         80   rt_memclr_w.o
       138          0          0          0          0         68   rt_memcpy_v6.o
       100          0          0          0          0         80   rt_memcpy_w.o
         2          0          0          0          0          0   rtexit.o
        10          0          0          0          0          0   rtexit2.o
      1188         12          0          0          0        148   scanf_fp.o
       800         14          0          0          0        100   scanf_hexfp.o
       308         16          0          0          0        100   scanf_infnan.o
        20          0          0          0          0         68   strchr.o
       128          0          0          0          0         68   strcmpv7m.o
        62          0          0          0          0         76   strlen.o
       150          0          0          0          0         80   strncmp.o
        86          0          0          0          0         76   strncpy.o
       164         14          0          0          0        120   strtod.o
       112          0          0          0          0         88   strtol.o
        74          0          0          0          0         80   sys_stackheap_outer.o
         2          0          0          0          0         68   use_no_semi.o
         2          0          0          0          0         68   use_no_semi_2.o
        98          4          0          0          0         92   d2f.o
       826         16          0          0          0        348   daddsub_clz.o
        16          4          0          0          0         68   dcheck1.o
        24          0          0          0          0         68   dcmpi.o
       688        140          0          0          0        208   ddiv.o
       120          4          0          0          0         92   deqf.o
        94          4          0          0          0         92   dfix.o
        90          4          0          0          0         92   dfixu.o
        84          0          0          0          0        136   dflt_clz.o
       120          4          0          0          0         92   dleqf.o
       340         12          0          0          0        104   dmul.o
       156          4          0          0          0         92   dnaninf.o
        12          0          0          0          0         68   dretinf.o
       108          0          0          0          0         80   drleqf.o
       460         56          0          0          0        120   dsqrt_noumaal.o
         0          0          8          0          0          0   fpconst.o
        10          0          0          0          0         68   fretinf.o
         4          0          0          0          0         68   printf1.o
       100          0          0          0          0         68   retnan.o
        92          0          0          0          0         68   scalbn.o
         4          0          0          0          0         68   scanf1.o
         8          0          0          0          0         84   scanf2.o
        48          0          0          0          0         68   trapv.o
         0          0          0          0          0          0   usenofp.o
       624         52         80          0          0        168   asin.o
       544         70        152          0          0        124   atan.o
       384         38          0          0          0        144   atan2.o
        42          0          0          0          0         84   atof.o
       156          8          0          0          0        104   cos.o
       252         22         48          0          0        124   cos_i.o
        52          6          0          0          0        340   dunder.o
        40          0          0          0          0         68   fpclassify.o
        88          8          0          0          0         76   frexp.o
       138          0          0          0          0        160   ldexp.o
       152          4          0          0          0        168   narrow.o
       170          0          0          0          0         96   poly.o
         0          0          8          0          0          0   qnan.o
       904         76        200          0          0        140   rred.o
       160         10          0          0          0        108   sin.o
       236         12         40          0          0        128   sin_i.o
        76          0          0          0          0         84   sqrt.o

    ----------------------------------------------------------------------
     16550        848       1046          0         96       9552   Library Totals
        30          2          5          0          0          0   (incl. Padding)

    ----------------------------------------------------------------------

      Code (inc. data)   RO Data    RW Data    ZI Data      Debug   Library Name

      9000        288        505          0         96       5192   c_w.l
      3502        252          8          0          0       2244   fz_ws.l
      4018        306        528          0          0       2116   m_ws.l

    ----------------------------------------------------------------------
     16550        848       1046          0         96       9552   Library Totals

    ----------------------------------------------------------------------

==============================================================================


      Code (inc. data)   RO Data    RW Data    ZI Data      Debug   

     43332       2872       1556        352      40644     832051   Grand Totals
     43332       2872       1556         68      40644     832051   ELF Image Totals (compressed)
     43332       2872       1556         68          0          0   ROM Totals

==============================================================================

    Total RO  Size (Code + RO Data)                44888 (  43.84kB)
    Total RW  Size (RW Data + ZI Data)             40996 (  40.04kB)
    Total ROM Size (Code + RO Data + RW Data)      44956 (  43.90kB)

==============================================================================

